Component: ARM Compiler 5.06 update 4 (build 422) Tool: armlink [4d35d2]

==============================================================================

Section Cross References

    actuators.o(i.vWriteActuatorValues) refers to stm32f3xx_nucleo.o(i.BSP_LED_On) for BSP_LED_On
    actuators.o(i.vWriteActuatorValues) refers to stm32f3xx_nucleo.o(i.BSP_LED_Off) for BSP_LED_Off
    evaluation.o(i.vEvaluate) refers to module_1_transportation.o(i.vEvaluate_Module_1_Transportation) for vEvaluate_Module_1_Transportation
    evaluation.o(i.vEvaluate) refers to module_2_gravity.o(i.vEvaluate_Module_2_Gravity) for vEvaluate_Module_2_Gravity
    evaluation.o(i.vEvaluate) refers to module_3_pumping.o(i.vEvaluate_Module_3_Pumping) for vEvaluate_Module_3_Pumping
    evaluation.o(i.vEvaluate) refers to module_4_pouring.o(i.vEvaluate_Module_4_Pouring) for vEvaluate_Module_4_Pouring
    evaluation.o(i.vEvaluate) refers to module_5_sensors.o(i.vEvaluate_Module_5_Sensors) for vEvaluate_Module_5_Sensors
    evaluation.o(i.vEvaluate) refers to module_6_handling.o(i.vEvaluate_Module_6_Handling) for vEvaluate_Module_6_Handling
    main.o(i.main) refers to hardwaresetup.o(i.hardware_prvHardwareSetup) for hardware_prvHardwareSetup
    main.o(i.main) refers to tasks.o(i.xTaskCreate) for xTaskCreate
    main.o(i.main) refers to tasks.o(i.vTaskStartScheduler) for vTaskStartScheduler
    main.o(i.main) refers to stm32f3xx_nucleo.o(i.BSP_LED_On) for BSP_LED_On
    main.o(i.main) refers to main.o(i.vMainCycle) for vMainCycle
    main.o(i.vMainCycle) refers to tasks.o(i.xTaskGetTickCount) for xTaskGetTickCount
    main.o(i.vMainCycle) refers to sensors.o(i.vReadSensorValues) for vReadSensorValues
    main.o(i.vMainCycle) refers to evaluation.o(i.vEvaluate) for vEvaluate
    main.o(i.vMainCycle) refers to actuators.o(i.vWriteActuatorValues) for vWriteActuatorValues
    main.o(i.vMainCycle) refers to debug.o(i.debugPrintWarning) for debugPrintWarning
    main.o(i.vMainCycle) refers to debug.o(i.debugPrintMessage) for debugPrintMessage
    main.o(i.vMainCycle) refers to debug.o(i.debugPrintError) for debugPrintError
    main.o(i.vMainCycle) refers to tasks.o(i.vTaskDelayUntil) for vTaskDelayUntil
    main.o(i.vMainCycle) refers to main.o(.data) for Input_Storage
    main.o(i.vMainCycle) refers to main.o(.bss) for System_State
    sensors.o(i.vReadSensorValues) refers to stm32f3xx_hal_gpio.o(i.HAL_GPIO_ReadPin) for HAL_GPIO_ReadPin
    hardwaresetup.o(i.SystemClock_Config) refers to stm32f3xx_hal_rcc.o(i.HAL_RCC_OscConfig) for HAL_RCC_OscConfig
    hardwaresetup.o(i.SystemClock_Config) refers to hardwaresetup.o(i.Error_Handler) for Error_Handler
    hardwaresetup.o(i.SystemClock_Config) refers to stm32f3xx_hal_rcc.o(i.HAL_RCC_ClockConfig) for HAL_RCC_ClockConfig
    hardwaresetup.o(i.hardware_prvHardwareSetup) refers to stm32f3xx_hal.o(i.HAL_Init) for HAL_Init
    hardwaresetup.o(i.hardware_prvHardwareSetup) refers to hardwaresetup.o(i.SystemClock_Config) for SystemClock_Config
    hardwaresetup.o(i.hardware_prvHardwareSetup) refers to stm32f3xx_hal_gpio.o(i.HAL_GPIO_Init) for HAL_GPIO_Init
    hardwaresetup.o(i.hardware_prvHardwareSetup) refers to hardwaresetup.o(.bss) for GPIO_BUTTON
    startup_stm32f303xe.o(STACK) refers (Special) to heapauxi.o(.text) for __use_two_region_memory
    startup_stm32f303xe.o(HEAP) refers (Special) to heapauxi.o(.text) for __use_two_region_memory
    startup_stm32f303xe.o(RESET) refers (Special) to heapauxi.o(.text) for __use_two_region_memory
    startup_stm32f303xe.o(RESET) refers to startup_stm32f303xe.o(STACK) for __initial_sp
    startup_stm32f303xe.o(RESET) refers to startup_stm32f303xe.o(.text) for Reset_Handler
    startup_stm32f303xe.o(RESET) refers to port.o(.emb_text) for SVC_Handler
    startup_stm32f303xe.o(RESET) refers to port.o(i.SysTick_Handler) for SysTick_Handler
    startup_stm32f303xe.o(.text) refers (Special) to heapauxi.o(.text) for __use_two_region_memory
    startup_stm32f303xe.o(.text) refers to system_stm32f3xx.o(i.SystemInit) for SystemInit
    startup_stm32f303xe.o(.text) refers to __main.o(!!!main) for __main
    startup_stm32f303xe.o(.text) refers to startup_stm32f303xe.o(HEAP) for Heap_Mem
    startup_stm32f303xe.o(.text) refers to startup_stm32f303xe.o(STACK) for Stack_Mem
    system_stm32f3xx.o(i.SystemCoreClockUpdate) refers to system_stm32f3xx.o(.data) for SystemCoreClock
    system_stm32f3xx.o(i.SystemCoreClockUpdate) refers to system_stm32f3xx.o(.constdata) for AHBPrescTable
    stm32f3xx_hal.o(i.HAL_DeInit) refers to stm32f3xx_hal.o(i.HAL_MspDeInit) for HAL_MspDeInit
    stm32f3xx_hal.o(i.HAL_Delay) refers to stm32f3xx_hal.o(i.HAL_GetTick) for HAL_GetTick
    stm32f3xx_hal.o(i.HAL_GetTick) refers to stm32f3xx_hal.o(.data) for uwTick
    stm32f3xx_hal.o(i.HAL_IncTick) refers to stm32f3xx_hal.o(.data) for uwTick
    stm32f3xx_hal.o(i.HAL_Init) refers to stm32f3xx_hal_cortex.o(i.HAL_NVIC_SetPriorityGrouping) for HAL_NVIC_SetPriorityGrouping
[...]
    pxOverflowDelayedTaskList                0x20000040   Data           4  tasks.o(.data)
    uxDeletedTasksWaitingCleanUp             0x20000044   Data           4  tasks.o(.data)
    uxCurrentNumberOfTasks                   0x20000048   Data           4  tasks.o(.data)
    xTickCount                               0x2000004c   Data           4  tasks.o(.data)
    uxTopReadyPriority                       0x20000050   Data           4  tasks.o(.data)
    xSchedulerRunning                        0x20000054   Data           4  tasks.o(.data)
    uxPendedTicks                            0x20000058   Data           4  tasks.o(.data)
    xYieldPending                            0x2000005c   Data           4  tasks.o(.data)
    xNumOfOverflows                          0x20000060   Data           4  tasks.o(.data)
    uxTaskNumber                             0x20000064   Data           4  tasks.o(.data)
    xNextTaskUnblockTime                     0x20000068   Data           4  tasks.o(.data)
    xIdleTaskHandle                          0x2000006c   Data           4  tasks.o(.data)
    uxSchedulerSuspended                     0x20000070   Data           4  tasks.o(.data)
    .data                                    0x20000074   Section       20  timers.o(.data)
    pxCurrentTimerList                       0x20000074   Data           4  timers.o(.data)
    pxOverflowTimerList                      0x20000078   Data           4  timers.o(.data)
    xTimerQueue                              0x2000007c   Data           4  timers.o(.data)
    xTimerTaskHandle                         0x20000080   Data           4  timers.o(.data)
    xLastTime                                0x20000084   Data           4  timers.o(.data)
    .data                                    0x20000088   Section        4  stdio_streams.o(.data)
    .data                                    0x2000008c   Section        4  stdio_streams.o(.data)
    .data                                    0x20000090   Section        4  stdio_streams.o(.data)
    .bss                                     0x20000094   Section       68  main.o(.bss)
    GPIO_LED                                 0x20000094   Data          20  main.o(.bss)
    GPIO_BUTTON                              0x200000a8   Data          20  main.o(.bss)
    .bss                                     0x200000d8   Section       40  hardwaresetup.o(.bss)
    GPIO_LED                                 0x200000d8   Data          20  hardwaresetup.o(.bss)
    GPIO_BUTTON                              0x200000ec   Data          20  hardwaresetup.o(.bss)
    .bss                                     0x20000100   Section     4096  heap_2.o(.bss)
    ucHeap                                   0x20000100   Data        4096  heap_2.o(.bss)
    .bss                                     0x20001100   Section      200  tasks.o(.bss)
    pxReadyTasksLists                        0x20001100   Data         100  tasks.o(.bss)
    xDelayedTaskList1                        0x20001164   Data          20  tasks.o(.bss)
    xDelayedTaskList2                        0x20001178   Data          20  tasks.o(.bss)
    xPendingReadyList                        0x2000118c   Data          20  tasks.o(.bss)
    xTasksWaitingTermination                 0x200011a0   Data          20  tasks.o(.bss)
    xSuspendedTaskList                       0x200011b4   Data          20  tasks.o(.bss)
    .bss                                     0x200011c8   Section       40  timers.o(.bss)
    xActiveTimerList1                        0x200011c8   Data          20  timers.o(.bss)
    xActiveTimerList2                        0x200011dc   Data          20  timers.o(.bss)
    .bss                                     0x200011f0   Section       84  stdio_streams.o(.bss)
    .bss                                     0x20001244   Section       84  stdio_streams.o(.bss)
    .bss                                     0x20001298   Section       84  stdio_streams.o(.bss)
    .bss                                     0x200012ec   Section       96  libspace.o(.bss)
    HEAP                                     0x20001350   Section      512  startup_stm32f303xe.o(HEAP)
    Heap_Mem                                 0x20001350   Data         512  startup_stm32f303xe.o(HEAP)
    STACK                                    0x20001550   Section     1024  startup_stm32f303xe.o(STACK)
    Stack_Mem                                0x20001550   Data        1024  startup_stm32f303xe.o(STACK)
    __initial_sp                             0x20001950   Data           0  startup_stm32f303xe.o(STACK)

    Global Symbols

    Symbol Name                              Value     Ov Type        Size  Object(Section)

    BuildAttributes$$THM_ISAv4$E$P$D$K$B$S$7EM$VFPi3$EXTD16$VFPS$VFMA$PE$A:L22UL41UL21$X:L11$S22US41US21$IEEE1$IW$USESV6$~STKCKD$USESV7$~SHL$OTIME$ROPI$IEEEJ$EBA8$UX$STANDARDLIB$REQ8$PRES8$EABIv2 0x00000000   Number         0  anon$$obj.o ABSOLUTE
    __ARM_use_no_argv                        0x00000000   Number         0  main.o ABSOLUTE
    _printf_flags                            0x00000000   Number         0  printf_stubs.o ABSOLUTE
    _printf_return_value                     0x00000000   Number         0  printf_stubs.o ABSOLUTE
    _printf_sizespec                         0x00000000   Number         0  printf_stubs.o ABSOLUTE
    _printf_widthprec                        0x00000000   Number         0  printf_stubs.o ABSOLUTE
    __ARM_exceptions_init                     - Undefined Weak Reference
    __alloca_initialize                       - Undefined Weak Reference
    __arm_preinit_                            - Undefined Weak Reference
    __cpp_initialize__aeabi_                  - Undefined Weak Reference
    __cxa_finalize                            - Undefined Weak Reference
    __sigvec_lookup                           - Undefined Weak Reference
    __user_heap_extent                        - Undefined Weak Reference
    _atexit_init                              - Undefined Weak Reference
    _call_atexit_fns                          - Undefined Weak Reference
    _clock_init                               - Undefined Weak Reference
    _fp_trap_init                             - Undefined Weak Reference
    _fp_trap_shutdown                         - Undefined Weak Reference
    _get_lc_collate                           - Undefined Weak Reference
    _get_lc_monetary                          - Undefined Weak Reference
    _get_lc_time                              - Undefined Weak Reference
    _getenv_init                              - Undefined Weak Reference
    _handle_redirection                       - Undefined Weak Reference
    _mutex_acquire                            - Undefined Weak Reference
    _mutex_free                               - Undefined Weak Reference
    _mutex_release                            - Undefined Weak Reference
    _printf_mbtowc                            - Undefined Weak Reference
    _printf_wc                                - Undefined Weak Reference
    _rand_init                                - Undefined Weak Reference
    _signal_finish                            - Undefined Weak Reference
    _signal_init                              - Undefined Weak Reference
    __Vectors_Size                           0x00000194   Number         0  startup_stm32f303xe.o ABSOLUTE
    __Vectors                                0x08000000   Data           4  startup_stm32f303xe.o(RESET)
    __Vectors_End                            0x08000194   Data           0  startup_stm32f303xe.o(RESET)
    __main                                   0x08000195   Thumb Code     8  __main.o(!!!main)
    __scatterload                            0x0800019d   Thumb Code     0  __scatter.o(!!!scatter)
    __scatterload_rt2                        0x0800019d   Thumb Code    44  __scatter.o(!!!scatter)
    __scatterload_rt2_thumb_only             0x0800019d   Thumb Code     0  __scatter.o(!!!scatter)
    __scatterload_null                       0x080001ab   Thumb Code     0  __scatter.o(!!!scatter)
    __scatterload_copy                       0x080001d1   Thumb Code    26  __scatter_copy.o(!!handler_copy)
    __scatterload_zeroinit                   0x080001ed   Thumb Code    28  __scatter_zi.o(!!handler_zi)
    _printf_n                                0x08000209   Thumb Code     0  _printf_n.o(.ARM.Collect$$_printf_percent$$00000001)
    _printf_percent                          0x08000209   Thumb Code     0  _printf_percent.o(.ARM.Collect$$_printf_percent$$00000000)
    _printf_p                                0x0800020f   Thumb Code     0  _printf_p.o(.ARM.Collect$$_printf_percent$$00000002)
    _printf_f                                0x08000215   Thumb Code     0  _printf_f.o(.ARM.Collect$$_printf_percent$$00000003)
    _printf_e                                0x0800021b   Thumb Code     0  _printf_e.o(.ARM.Collect$$_printf_percent$$00000004)
    _printf_g                                0x08000221   Thumb Code     0  _printf_g.o(.ARM.Collect$$_printf_percent$$00000005)
    _printf_a                                0x08000227   Thumb Code     0  _printf_a.o(.ARM.Collect$$_printf_percent$$00000006)
    _printf_ll                               0x0800022d   Thumb Code     0  _printf_ll.o(.ARM.Collect$$_printf_percent$$00000007)
    _printf_i                                0x08000237   Thumb Code     0  _printf_i.o(.ARM.Collect$$_printf_percent$$00000008)
    _printf_d                                0x0800023d   Thumb Code     0  _printf_d.o(.ARM.Collect$$_printf_percent$$00000009)
    _printf_u                                0x08000243   Thumb Code     0  _printf_u.o(.ARM.Collect$$_printf_percent$$0000000A)
    _printf_o                                0x08000249   Thumb Code     0  _printf_o.o(.ARM.Collect$$_printf_percent$$0000000B)
    _printf_x                                0x0800024f   Thumb Code     0  _printf_x.o(.ARM.Collect$$_printf_percent$$0000000C)
    _printf_lli                              0x08000255   Thumb Code     0  _printf_lli.o(.ARM.Collect$$_printf_percent$$0000000D)
    _printf_lld                              0x0800025b   Thumb Code     0  _printf_lld.o(.ARM.Collect$$_printf_percent$$0000000E)
    _printf_llu                              0x08000261   Thumb Code     0  _printf_llu.o(.ARM.Collect$$_printf_percent$$0000000F)
    _printf_llo                              0x08000267   Thumb Code     0  _printf_llo.o(.ARM.Collect$$_printf_percent$$00000010)
    _printf_llx                              0x0800026d   Thumb Code     0  _printf_llx.o(.ARM.Collect$$_printf_percent$$00000011)
    _printf_l                                0x08000273   Thumb Code     0  _printf_l.o(.ARM.Collect$$_printf_percent$$00000012)
    _printf_c                                0x0800027d   Thumb Code     0  _printf_c.o(.ARM.Collect$$_printf_percent$$00000013)
    _printf_s                                0x08000283   Thumb Code     0  _printf_s.o(.ARM.Collect$$_printf_percent$$00000014)
    _printf_lc                               0x08000289   Thumb Code     0  _printf_lc.o(.ARM.Collect$$_printf_percent$$00000015)
    _printf_ls                               0x0800028f   Thumb Code     0  _printf_ls.o(.ARM.Collect$$_printf_percent$$00000016)
    _printf_percent_end                      0x08000295   Thumb Code     0  _printf_percent_end.o(.ARM.Collect$$_printf_percent$$00000017)
    __rt_lib_init                            0x08000299   Thumb Code     0  libinit.o(.ARM.Collect$$libinit$$00000000)
    __rt_lib_init_fp_1                       0x0800029b   Thumb Code     0  libinit2.o(.ARM.Collect$$libinit$$00000001)
    __rt_lib_init_heap_2                     0x0800029f   Thumb Code     0  libinit2.o(.ARM.Collect$$libinit$$00000005)
    __rt_lib_init_preinit_1                  0x0800029f   Thumb Code     0  libinit2.o(.ARM.Collect$$libinit$$00000004)
    __rt_lib_init_heap_1                     0x080002a7   Thumb Code     0  libinit2.o(.ARM.Collect$$libinit$$0000000A)
    __rt_lib_init_lc_common                  0x080002a7   Thumb Code     0  libinit2.o(.ARM.Collect$$libinit$$0000000F)
    __rt_lib_init_rand_1                     0x080002a7   Thumb Code     0  libinit2.o(.ARM.Collect$$libinit$$0000000E)
    __rt_lib_init_user_alloc_1               0x080002a7   Thumb Code     0  libinit2.o(.ARM.Collect$$libinit$$0000000C)
    __rt_lib_init_lc_collate_1               0x080002ad   Thumb Code     0  libinit2.o(.ARM.Collect$$libinit$$00000011)
    __rt_lib_init_lc_ctype_2                 0x080002ad   Thumb Code     0  libinit2.o(.ARM.Collect$$libinit$$00000012)
    __rt_lib_init_lc_ctype_1                 0x080002b9   Thumb Code     0  libinit2.o(.ARM.Collect$$libinit$$00000013)
    __rt_lib_init_lc_monetary_1              0x080002b9   Thumb Code     0  libinit2.o(.ARM.Collect$$libinit$$00000015)
    __rt_lib_init_lc_numeric_2               0x080002b9   Thumb Code     0  libinit2.o(.ARM.Collect$$libinit$$00000016)
    __rt_lib_init_atexit_1                   0x080002c3   Thumb Code     0  libinit2.o(.ARM.Collect$$libinit$$0000001B)
    __rt_lib_init_clock_1                    0x080002c3   Thumb Code     0  libinit2.o(.ARM.Collect$$libinit$$00000021)
    __rt_lib_init_fp_trap_1                  0x080002c3   Thumb Code     0  libinit2.o(.ARM.Collect$$libinit$$0000001F)
    __rt_lib_init_getenv_1                   0x080002c3   Thumb Code     0  libinit2.o(.ARM.Collect$$libinit$$00000023)
    __rt_lib_init_lc_numeric_1               0x080002c3   Thumb Code     0  libinit2.o(.ARM.Collect$$libinit$$00000017)
    __rt_lib_init_lc_time_1                  0x080002c3   Thumb Code     0  libinit2.o(.ARM.Collect$$libinit$$00000019)
    __rt_lib_init_signal_1                   0x080002c3   Thumb Code     0  libinit2.o(.ARM.Collect$$libinit$$0000001D)
    __rt_lib_init_stdio_2                    0x080002c3   Thumb Code     0  libinit2.o(.ARM.Collect$$libinit$$00000024)
    __rt_lib_init_alloca_1                   0x080002c7   Thumb Code     0  libinit2.o(.ARM.Collect$$libinit$$0000002E)
    __rt_lib_init_argv_1                     0x080002c7   Thumb Code     0  libinit2.o(.ARM.Collect$$libinit$$0000002C)
    __rt_lib_init_cpp_1                      0x080002c7   Thumb Code     0  libinit2.o(.ARM.Collect$$libinit$$00000032)
    __rt_lib_init_exceptions_1               0x080002c7   Thumb Code     0  libinit2.o(.ARM.Collect$$libinit$$00000030)
    __rt_lib_init_return                     0x080002c7   Thumb Code     0  libinit2.o(.ARM.Collect$$libinit$$00000033)
    __rt_lib_init_stdio_1                    0x080002c7   Thumb Code     0  libinit2.o(.ARM.Collect$$libinit$$00000025)
    __rt_lib_shutdown                        0x080002c9   Thumb Code     0  libshutdown.o(.ARM.Collect$$libshutdown$$00000000)
    __rt_lib_shutdown_cpp_1                  0x080002cb   Thumb Code     0  libshutdown2.o(.ARM.Collect$$libshutdown$$00000002)
    __rt_lib_shutdown_stdio_2                0x080002cb   Thumb Code     0  libshutdown2.o(.ARM.Collect$$libshutdown$$00000003)
    __rt_lib_shutdown_fp_trap_1              0x080002cf   Thumb Code     0  libshutdown2.o(.ARM.Collect$$libshutdown$$00000007)
    __rt_lib_shutdown_heap_1                 0x080002cf   Thumb Code     0  libshutdown2.o(.ARM.Collect$$libshutdown$$0000000F)
    __rt_lib_shutdown_return                 0x080002cf   Thumb Code     0  libshutdown2.o(.ARM.Collect$$libshutdown$$00000010)
    __rt_lib_shutdown_signal_1               0x080002cf   Thumb Code     0  libshutdown2.o(.ARM.Collect$$libshutdown$$0000000A)
    __rt_lib_shutdown_stdio_1                0x080002cf   Thumb Code     0  libshutdown2.o(.ARM.Collect$$libshutdown$$00000004)
    __rt_lib_shutdown_user_alloc_1           0x080002cf   Thumb Code     0  libshutdown2.o(.ARM.Collect$$libshutdown$$0000000C)
    __rt_entry                               0x080002d1   Thumb Code     0  __rtentry.o(.ARM.Collect$$rtentry$$00000000)
    __rt_entry_presh_1                       0x080002d1   Thumb Code     0  __rtentry2.o(.ARM.Collect$$rtentry$$00000002)
    __rt_entry_sh                            0x080002d1   Thumb Code     0  __rtentry4.o(.ARM.Collect$$rtentry$$00000004)
    __rt_entry_li                            0x080002d7   Thumb Code     0  __rtentry2.o(.ARM.Collect$$rtentry$$0000000A)
    __rt_entry_postsh_1                      0x080002d7   Thumb Code     0  __rtentry2.o(.ARM.Collect$$rtentry$$00000009)
    __rt_entry_main                          0x080002db   Thumb Code     0  __rtentry2.o(.ARM.Collect$$rtentry$$0000000D)
    __rt_entry_postli_1                      0x080002db   Thumb Code     0  __rtentry2.o(.ARM.Collect$$rtentry$$0000000C)
    __rt_exit                                0x080002e3   Thumb Code     0  rtexit.o(.ARM.Collect$$rtexit$$00000000)
    __rt_exit_ls                             0x080002e5   Thumb Code     0  rtexit2.o(.ARM.Collect$$rtexit$$00000003)
    __rt_exit_prels_1                        0x080002e5   Thumb Code     0  rtexit2.o(.ARM.Collect$$rtexit$$00000002)
    __rt_exit_exit                           0x080002e9   Thumb Code     0  rtexit2.o(.ARM.Collect$$rtexit$$00000004)
    SVC_Handler                              0x080002f1   Thumb Code    28  port.o(.emb_text)
    __asm___6_port_c_39a90d8d__prvStartFirstTask 0x08000311   Thumb Code    28  port.o(.emb_text)
    __asm___6_port_c_39a90d8d__prvEnableVFP  0x08000331   Thumb Code    16  port.o(.emb_text)
    PendSV_Handler                           0x08000345   Thumb Code    88  port.o(.emb_text)
    vPortGetIPSR                             0x080003a1   Thumb Code     6  port.o(.emb_text)
    Reset_Handler                            0x080003a9   Thumb Code     8  startup_stm32f303xe.o(.text)
    _maybe_terminate_alloc                   0x080003a9   Thumb Code     0  maybetermalloc1.o(.emb_text)
    NMI_Handler                              0x080003b1   Thumb Code     2  startup_stm32f303xe.o(.text)
    HardFault_Handler                        0x080003b3   Thumb Code     2  startup_stm32f303xe.o(.text)
    MemManage_Handler                        0x080003b5   Thumb Code     2  startup_stm32f303xe.o(.text)
    BusFault_Handler                         0x080003b7   Thumb Code     2  startup_stm32f303xe.o(.text)
    UsageFault_Handler                       0x080003b9   Thumb Code     2  startup_stm32f303xe.o(.text)
    DebugMon_Handler                         0x080003bd   Thumb Code     2  startup_stm32f303xe.o(.text)
    ADC1_2_IRQHandler                        0x080003c3   Thumb Code     0  startup_stm32f303xe.o(.text)
    ADC3_IRQHandler                          0x080003c3   Thumb Code     0  startup_stm32f303xe.o(.text)
    ADC4_IRQHandler                          0x080003c3   Thumb Code     0  startup_stm32f303xe.o(.text)
    CAN_RX1_IRQHandler                       0x080003c3   Thumb Code     0  startup_stm32f303xe.o(.text)
    CAN_SCE_IRQHandler                       0x080003c3   Thumb Code     0  startup_stm32f303xe.o(.text)
    COMP1_2_3_IRQHandler                     0x080003c3   Thumb Code     0  startup_stm32f303xe.o(.text)
    COMP4_5_6_IRQHandler                     0x080003c3   Thumb Code     0  startup_stm32f303xe.o(.text)
    COMP7_IRQHandler                         0x080003c3   Thumb Code     0  startup_stm32f303xe.o(.text)
    DMA1_Channel1_IRQHandler                 0x080003c3   Thumb Code     0  startup_stm32f303xe.o(.text)
    DMA1_Channel2_IRQHandler                 0x080003c3   Thumb Code     0  startup_stm32f303xe.o(.text)
    DMA1_Channel3_IRQHandler                 0x080003c3   Thumb Code     0  startup_stm32f303xe.o(.text)
    DMA1_Channel4_IRQHandler                 0x080003c3   Thumb Code     0  startup_stm32f303xe.o(.text)
    DMA1_Channel5_IRQHandler                 0x080003c3   Thumb Code     0  startup_stm32f303xe.o(.text)
    DMA1_Channel6_IRQHandler                 0x080003c3   Thumb Code     0  startup_stm32f303xe.o(.text)
    DMA1_Channel7_IRQHandler                 0x080003c3   Thumb Code     0  startup_stm32f303xe.o(.text)
    DMA2_Channel1_IRQHandler                 0x080003c3   Thumb Code     0  startup_stm32f303xe.o(.text)
    DMA2_Channel2_IRQHandler                 0x080003c3   Thumb Code     0  startup_stm32f303xe.o(.text)
    DMA2_Channel3_IRQHandler                 0x080003c3   Thumb Code     0  startup_stm32f303xe.o(.text)
    DMA2_Channel4_IRQHandler                 0x080003c3   Thumb Code     0  startup_stm32f303xe.o(.text)
    DMA2_Channel5_IRQHandler                 0x080003c3   Thumb Code     0  startup_stm32f303xe.o(.text)
    EXTI0_IRQHandler                         0x080003c3   Thumb Code     0  startup_stm32f303xe.o(.text)
    EXTI15_10_IRQHandler                     0x080003c3   Thumb Code     0  startup_stm32f303xe.o(.text)
    EXTI1_IRQHandler                         0x080003c3   Thumb Code     0  startup_stm32f303xe.o(.text)
    EXTI2_TSC_IRQHandler                     0x080003c3   Thumb Code     0  startup_stm32f303xe.o(.text)
    EXTI3_IRQHandler                         0x080003c3   Thumb Code     0  startup_stm32f303xe.o(.text)
    EXTI4_IRQHandler                         0x080003c3   Thumb Code     0  startup_stm32f303xe.o(.text)
    EXTI9_5_IRQHandler                       0x080003c3   Thumb Code     0  startup_stm32f303xe.o(.text)
    FLASH_IRQHandler                         0x080003c3   Thumb Code     0  startup_stm32f303xe.o(.text)
    FMC_IRQHandler                           0x080003c3   Thumb Code     0  startup_stm32f303xe.o(.text)
    FPU_IRQHandler                           0x080003c3   Thumb Code     0  startup_stm32f303xe.o(.text)
    I2C1_ER_IRQHandler                       0x080003c3   Thumb Code     0  startup_stm32f303xe.o(.text)
    I2C1_EV_IRQHandler                       0x080003c3   Thumb Code     0  startup_stm32f303xe.o(.text)
    I2C2_ER_IRQHandler                       0x080003c3   Thumb Code     0  startup_stm32f303xe.o(.text)
    I2C2_EV_IRQHandler                       0x080003c3   Thumb Code     0  startup_stm32f303xe.o(.text)
    I2C3_ER_IRQHandler                       0x080003c3   Thumb Code     0  startup_stm32f303xe.o(.text)
    I2C3_EV_IRQHandler                       0x080003c3   Thumb Code     0  startup_stm32f303xe.o(.text)
    PVD_IRQHandler                           0x080003c3   Thumb Code     0  startup_stm32f303xe.o(.text)
    RCC_IRQHandler                           0x080003c3   Thumb Code     0  startup_stm32f303xe.o(.text)
    RTC_Alarm_IRQHandler                     0x080003c3   Thumb Code     0  startup_stm32f303xe.o(.text)
    RTC_WKUP_IRQHandler                      0x080003c3   Thumb Code     0  startup_stm32f303xe.o(.text)
    SPI1_IRQHandler                          0x080003c3   Thumb Code     0  startup_stm32f303xe.o(.text)
    SPI2_IRQHandler                          0x080003c3   Thumb Code     0  startup_stm32f303xe.o(.text)
    SPI3_IRQHandler                          0x080003c3   Thumb Code     0  startup_stm32f303xe.o(.text)
    SPI4_IRQHandler                          0x080003c3   Thumb Code     0  startup_stm32f303xe.o(.text)
    TAMP_STAMP_IRQHandler                    0x080003c3   Thumb Code     0  startup_stm32f303xe.o(.text)
    TIM1_BRK_TIM15_IRQHandler                0x080003c3   Thumb Code     0  startup_stm32f303xe.o(.text)
    TIM1_CC_IRQHandler                       0x080003c3   Thumb Code     0  startup_stm32f303xe.o(.text)
    TIM1_TRG_COM_TIM17_IRQHandler            0x080003c3   Thumb Code     0  startup_stm32f303xe.o(.text)
    TIM1_UP_TIM16_IRQHandler                 0x080003c3   Thumb Code     0  startup_stm32f303xe.o(.text)
    TIM20_BRK_IRQHandler                     0x080003c3   Thumb Code     0  startup_stm32f303xe.o(.text)
    TIM20_CC_IRQHandler                      0x080003c3   Thumb Code     0  startup_stm32f303xe.o(.text)
    TIM20_TRG_COM_IRQHandler                 0x080003c3   Thumb Code     0  startup_stm32f303xe.o(.text)
    TIM20_UP_IRQHandler                      0x080003c3   Thumb Code     0  startup_stm32f303xe.o(.text)
    TIM2_IRQHandler                          0x080003c3   Thumb Code     0  startup_stm32f303xe.o(.text)
    TIM3_IRQHandler                          0x080003c3   Thumb Code     0  startup_stm32f303xe.o(.text)
    TIM4_IRQHandler                          0x080003c3   Thumb Code     0  startup_stm32f303xe.o(.text)
    TIM6_DAC_IRQHandler                      0x080003c3   Thumb Code     0  startup_stm32f303xe.o(.text)
    TIM7_IRQHandler                          0x080003c3   Thumb Code     0  startup_stm32f303xe.o(.text)
    TIM8_BRK_IRQHandler                      0x080003c3   Thumb Code     0  startup_stm32f303xe.o(.text)
    TIM8_CC_IRQHandler                       0x080003c3   Thumb Code     0  startup_stm32f303xe.o(.text)
    TIM8_TRG_COM_IRQHandler                  0x080003c3   Thumb Code     0  startup_stm32f303xe.o(.text)
    TIM8_UP_IRQHandler                       0x080003c3   Thumb Code     0  startup_stm32f303xe.o(.text)
    UART4_IRQHandler                         0x080003c3   Thumb Code     0  startup_stm32f303xe.o(.text)
    UART5_IRQHandler                         0x080003c3   Thumb Code     0  startup_stm32f303xe.o(.text)
    USART1_IRQHandler                        0x080003c3   Thumb Code     0  startup_stm32f303xe.o(.text)
    USART2_IRQHandler                        0x080003c3   Thumb Code     0  startup_stm32f303xe.o(.text)
    USART3_IRQHandler                        0x080003c3   Thumb Code     0  startup_stm32f303xe.o(.text)
    USBWakeUp_IRQHandler                     0x080003c3   Thumb Code     0  startup_stm32f303xe.o(.text)
    USBWakeUp_RMP_IRQHandler                 0x080003c3   Thumb Code     0  startup_stm32f303xe.o(.text)
    USB_HP_CAN_TX_IRQHandler                 0x080003c3   Thumb Code     0  startup_stm32f303xe.o(.text)
    USB_HP_IRQHandler                        0x080003c3   Thumb Code     0  startup_stm32f303xe.o(.text)
    USB_LP_CAN_RX0_IRQHandler                0x080003c3   Thumb Code     0  startup_stm32f303xe.o(.text)
    USB_LP_IRQHandler                        0x080003c3   Thumb Code     0  startup_stm32f303xe.o(.text)
    WWDG_IRQHandler                          0x080003c3   Thumb Code     0  startup_stm32f303xe.o(.text)
    __user_initial_stackheap                 0x080003c5   Thumb Code     0  startup_stm32f303xe.o(.text)
    malloc                                   0x080003e9   Thumb Code    94  h1_alloc.o(.text)
    free                                     0x08000447   Thumb Code    78  h1_free.o(.text)
    vfprintf                                 0x08000495   Thumb Code    10  vfprintf.o(.text)
    __2snprintf                              0x080004a1   Thumb Code    50  __2snprintf.o(.text)
    _printf_str                              0x080004d9   Thumb Code    82  _printf_str.o(.text)
    __printf                                 0x0800052d   Thumb Code   388  __printf_flags_ss_wp.o(.text)
    strlen                                   0x080006b5   Thumb Code    62  strlen.o(.text)
    __aeabi_memcpy                           0x080006f3   Thumb Code     0  rt_memcpy_v6.o(.text)
    __rt_memcpy                              0x080006f3   Thumb Code   138  rt_memcpy_v6.o(.text)
    _memcpy_lastbytes                        0x08000759   Thumb Code     0  rt_memcpy_v6.o(.text)
    __aeabi_memcpy4                          0x0800077d   Thumb Code     0  rt_memcpy_w.o(.text)
    __aeabi_memcpy8                          0x0800077d   Thumb Code     0  rt_memcpy_w.o(.text)
    __rt_memcpy_w                            0x0800077d   Thumb Code   100  rt_memcpy_w.o(.text)
    _memcpy_lastbytes_aligned                0x080007c5   Thumb Code     0  rt_memcpy_w.o(.text)
    __aeabi_memclr4                          0x080007e1   Thumb Code     0  rt_memclr_w.o(.text)
    __aeabi_memclr8                          0x080007e1   Thumb Code     0  rt_memclr_w.o(.text)
    __rt_memclr_w                            0x080007e1   Thumb Code    78  rt_memclr_w.o(.text)
    _memset_w                                0x080007e5   Thumb Code     0  rt_memclr_w.o(.text)
    strcmp                                   0x08000831   Thumb Code   128  strcmpv7m.o(.text)
    __use_two_region_memory                  0x080008b1   Thumb Code     2  heapauxi.o(.text)
    __rt_heap_escrow                         0x080008b3   Thumb Code     2  heapauxi.o(.text)
    __rt_heap_expand                         0x080008b5   Thumb Code     2  heapauxi.o(.text)
    __rt_heap_descriptor                     0x080008b9   Thumb Code     8  rt_heap_descriptor_intlibspace.o(.text)
    __use_no_heap                            0x080008c1   Thumb Code     2  hguard.o(.text)
    __heap$guard                             0x080008c3   Thumb Code     2  hguard.o(.text)
    _terminate_user_alloc                    0x080008c5   Thumb Code     2  init_alloc.o(.text)
    _init_user_alloc                         0x080008c7   Thumb Code     2  init_alloc.o(.text)
    __Heap_Full                              0x080008c9   Thumb Code    34  init_alloc.o(.text)
    __Heap_Broken                            0x080008eb   Thumb Code     6  init_alloc.o(.text)
    _init_alloc                              0x080008f1   Thumb Code    94  init_alloc.o(.text)
    __Heap_Initialize                        0x0800094f   Thumb Code    10  h1_init.o(.text)
    __Heap_DescSize                          0x08000959   Thumb Code     4  h1_init.o(.text)
    _printf_pre_padding                      0x0800095d   Thumb Code    44  _printf_pad.o(.text)
    _printf_post_padding                     0x08000989   Thumb Code    34  _printf_pad.o(.text)
    _printf_truncate_signed                  0x080009ab   Thumb Code    18  _printf_truncate.o(.text)
    _printf_truncate_unsigned                0x080009bd   Thumb Code    18  _printf_truncate.o(.text)
    _printf_int_dec                          0x080009d1   Thumb Code   104  _printf_dec.o(.text)
    _printf_charcount                        0x08000a49   Thumb Code    40  _printf_charcount.o(.text)
    _printf_char_common                      0x08000a7b   Thumb Code    32  _printf_char_common.o(.text)
    _sputc                                   0x08000aa1   Thumb Code    10  _sputc.o(.text)
    _snputc                                  0x08000aab   Thumb Code    16  _snputc.o(.text)
    _printf_cs_common                        0x08000abb   Thumb Code    20  _printf_char.o(.text)
    _printf_char                             0x08000acf   Thumb Code    16  _printf_char.o(.text)
    _printf_string                           0x08000adf   Thumb Code     8  _printf_char.o(.text)
    _printf_char_file                        0x08000ae9   Thumb Code    32  _printf_char_file.o(.text)
    _printf_wctomb                           0x08000b0d   Thumb Code   182  _printf_wctomb.o(.text)
    _printf_longlong_dec                     0x08000bc9   Thumb Code   108  _printf_longlong_dec.o(.text)
    _printf_longlong_oct                     0x08000c45   Thumb Code    66  _printf_oct_int_ll.o(.text)
    _printf_int_oct                          0x08000c87   Thumb Code    24  _printf_oct_int_ll.o(.text)
    _printf_ll_oct                           0x08000c9f   Thumb Code    12  _printf_oct_int_ll.o(.text)
    _printf_longlong_hex                     0x08000cb5   Thumb Code    86  _printf_hex_int_ll_ptr.o(.text)
    _printf_int_hex                          0x08000d0b   Thumb Code    28  _printf_hex_int_ll_ptr.o(.text)
    _printf_ll_hex                           0x08000d27   Thumb Code    12  _printf_hex_int_ll_ptr.o(.text)
    _printf_hex_ptr                          0x08000d33   Thumb Code    18  _printf_hex_int_ll_ptr.o(.text)
    _initio                                  0x08000d49   Thumb Code   210  initio.o(.text)
    _terminateio                             0x08000e1b   Thumb Code    56  initio.o(.text)
    __user_libspace                          0x08000e81   Thumb Code     8  libspace.o(.text)
    __user_perproc_libspace                  0x08000e81   Thumb Code     0  libspace.o(.text)
    __user_perthread_libspace                0x08000e81   Thumb Code     0  libspace.o(.text)
    __Heap_ProvideMemory                     0x08000e89   Thumb Code    52  h1_extend.o(.text)
    _ll_udiv10                               0x08000ebd   Thumb Code   138  lludiv10.o(.text)
    _printf_int_common                       0x08000f47   Thumb Code   178  _printf_intcommon.o(.text)
    __lib_sel_fp_printf                      0x08000ff9   Thumb Code     2  _printf_fp_dec.o(.text)
    _printf_fp_dec_real                      0x080011a7   Thumb Code   620  _printf_fp_dec.o(.text)
    _printf_fp_hex_real                      0x08001415   Thumb Code   756  _printf_fp_hex.o(.text)
    _printf_lcs_common                       0x08001711   Thumb Code    20  _printf_wchar.o(.text)
    _printf_wchar                            0x08001725   Thumb Code    16  _printf_wchar.o(.text)
    _printf_wstring                          0x08001735   Thumb Code     8  _printf_wchar.o(.text)
    ferror                                   0x0800173d   Thumb Code     8  ferror.o(.text)
    setvbuf                                  0x08001745   Thumb Code    70  setvbuf.o(.text)
    freopen                                  0x0800178d   Thumb Code   158  fopen.o(.text)
    fopen                                    0x0800182b   Thumb Code    74  fopen.o(.text)
    _fclose_internal                         0x08001879   Thumb Code    76  fclose.o(.text)
    fclose                                   0x08001879   Thumb Code     0  fclose.o(.text)
    _wcrtomb                                 0x080018c5   Thumb Code    64  _wcrtomb.o(.text)
    __rt_SIGRTRED                            0x08001905   Thumb Code    14  defsig_rtred_outer.o(.text)
    __rt_SIGRTMEM                            0x08001913   Thumb Code    14  defsig_rtmem_outer.o(.text)
    __I$use$semihosting                      0x08001921   Thumb Code     0  use_no_semi.o(.text)
    __use_no_semihosting_swi                 0x08001921   Thumb Code     2  use_no_semi.o(.text)
    __semihosting_library_function           0x08001923   Thumb Code     0  indicate_semi.o(.text)
    __user_setup_stackheap                   0x08001923   Thumb Code    74  sys_stackheap_outer.o(.text)
    __rt_ctype_table                         0x0800196d   Thumb Code    16  rt_ctype_table.o(.text)
    __rt_locale                              0x0800197d   Thumb Code     8  rt_locale_intlibspace.o(.text)
    _printf_fp_infnan                        0x08001985   Thumb Code   112  _printf_fp_infnan.o(.text)
    _btod_etento                             0x08001a05   Thumb Code   216  bigflt0.o(.text)
    __flsbuf                                 0x08001ae1   Thumb Code   470  flsbuf.o(.text)
    __flsbuf_byte                            0x08001ae1   Thumb Code     0  flsbuf.o(.text)
    __flsbuf_wide                            0x08001ae1   Thumb Code     0  flsbuf.o(.text)
    _fseek                                   0x08001cb9   Thumb Code   242  fseek.o(.text)
    fseek                                    0x08001cb9   Thumb Code     0  fseek.o(.text)
    _seterr                                  0x08001db1   Thumb Code    20  stdio.o(.text)
    _writebuf                                0x08001dc5   Thumb Code    84  stdio.o(.text)
    _fflush                                  0x08001e19   Thumb Code    70  stdio.o(.text)
    _deferredlazyseek                        0x08001e5f   Thumb Code    60  stdio.o(.text)
    exit                                     0x08001ea1   Thumb Code    18  exit.o(.text)
    __sig_exit                               0x08001eb3   Thumb Code    10  defsig_exit.o(.text)
    __rt_SIGRTRED_inner                      0x08001ebd   Thumb Code    14  defsig_rtred_inner.o(.text)
    __rt_SIGRTMEM_inner                      0x08001ef1   Thumb Code    22  defsig_rtmem_inner.o(.text)
    _sys_exit                                0x08001f41   Thumb Code     8  sys_exit.o(.text)
    _ftell_internal                          0x08001f4d   Thumb Code    66  ftell.o(.text)
    ftell                                    0x08001f4d   Thumb Code     0  ftell.o(.text)
    __default_signal_display                 0x08001f8f   Thumb Code    50  defsig_general.o(.text)
    _ttywrch                                 0x08001fc1   Thumb Code    14  sys_wrch.o(.text)
    __aeabi_errno_addr                       0x08001fd1   Thumb Code     8  rt_errno_addr_intlibspace.o(.text)
    __errno$intlibspace                      0x08001fd1   Thumb Code     0  rt_errno_addr_intlibspace.o(.text)
    __rt_errno_addr$intlibspace              0x08001fd1   Thumb Code     0  rt_errno_addr_intlibspace.o(.text)
    _btod_d2e                                0x08001fd9   Thumb Code    62  btod.o(CL$$btod_d2e)
    _d2e_denorm_low                          0x08002017   Thumb Code    70  btod.o(CL$$btod_d2e_denorm_low)
    _d2e_norm_op1                            0x0800205d   Thumb Code    96  btod.o(CL$$btod_d2e_norm_op1)
    __btod_div_common                        0x080020bd   Thumb Code   696  btod.o(CL$$btod_div_common)
    _e2e                                     0x080023f5   Thumb Code   198  btod.o(CL$$btod_e2e)
    _btod_ediv                               0x080024bb   Thumb Code    40  btod.o(CL$$btod_ediv)
    _btod_emul                               0x080024e3   Thumb Code    40  btod.o(CL$$btod_emul)
    __btod_mult_common                       0x0800250b   Thumb Code   580  btod.o(CL$$btod_mult_common)
    BSP_LED_Off                              0x08002751   Thumb Code    24  stm32f3xx_nucleo.o(i.BSP_LED_Off)
    BSP_LED_On                               0x08002771   Thumb Code    24  stm32f3xx_nucleo.o(i.BSP_LED_On)
    HAL_GPIO_Init                            0x08002795   Thumb Code   452  stm32f3xx_hal_gpio.o(i.HAL_GPIO_Init)
    HAL_GPIO_ReadPin                         0x0800297d   Thumb Code    16  stm32f3xx_hal_gpio.o(i.HAL_GPIO_ReadPin)
    HAL_GPIO_WritePin                        0x0800298d   Thumb Code    10  stm32f3xx_hal_gpio.o(i.HAL_GPIO_WritePin)
    HAL_GetTick                              0x08002999   Thumb Code     6  stm32f3xx_hal.o(i.HAL_GetTick)
    HAL_Init                                 0x080029a5   Thumb Code    34  stm32f3xx_hal.o(i.HAL_Init)
    HAL_InitTick                             0x080029cd   Thumb Code    36  stm32f3xx_hal.o(i.HAL_InitTick)
    HAL_MspInit                              0x080029f5   Thumb Code     2  stm32f3xx_hal.o(i.HAL_MspInit)
    HAL_NVIC_SetPriority                     0x080029f7   Thumb Code   124  stm32f3xx_hal_cortex.o(i.HAL_NVIC_SetPriority)
    HAL_NVIC_SetPriorityGrouping             0x08002a75   Thumb Code    32  stm32f3xx_hal_cortex.o(i.HAL_NVIC_SetPriorityGrouping)
    HAL_RCC_ClockConfig                      0x08002a9d   Thumb Code   732  stm32f3xx_hal_rcc.o(i.HAL_RCC_ClockConfig)
    HAL_RCC_GetSysClockFreq                  0x08002d89   Thumb Code   130  stm32f3xx_hal_rcc.o(i.HAL_RCC_GetSysClockFreq)
    HAL_RCC_OscConfig                        0x08002e1d   Thumb Code  2558  stm32f3xx_hal_rcc.o(i.HAL_RCC_OscConfig)
    HAL_SYSTICK_Config                       0x08003825   Thumb Code    52  stm32f3xx_hal_cortex.o(i.HAL_SYSTICK_Config)
    ITM_SendChar                             0x08003859   Thumb Code    42  retarget_io.o(i.ITM_SendChar)
    SysTick_Handler                          0x08003889   Thumb Code    46  port.o(i.SysTick_Handler)
    SystemInit                               0x08003911   Thumb Code   104  system_stm32f3xx.o(i.SystemInit)
    __ARM_fpclassify                         0x0800398d   Thumb Code    48  fpclassify.o(i.__ARM_fpclassify)
    _is_digit                                0x080039f5   Thumb Code    14  __printf_wp.o(i._is_digit)
    _sys_close                               0x08003a03   Thumb Code    38  retarget_io.o(i._sys_close)
    _sys_flen                                0x08003a29   Thumb Code    36  retarget_io.o(i._sys_flen)
    _sys_istty                               0x08003a4d   Thumb Code    36  retarget_io.o(i._sys_istty)
    _sys_open                                0x08003a71   Thumb Code    80  retarget_io.o(i._sys_open)
    _sys_seek                                0x08003ad9   Thumb Code    44  retarget_io.o(i._sys_seek)
    _sys_write                               0x08003b05   Thumb Code    70  retarget_io.o(i._sys_write)
    debugPrintError                          0x08003b4d   Thumb Code    94  debug.o(i.debugPrintError)
    debugPrintMessage                        0x08003bc5   Thumb Code    94  debug.o(i.debugPrintMessage)
    debugPrintWarning                        0x08003c41   Thumb Code    94  debug.o(i.debugPrintWarning)
    fputc                                    0x08003cbd   Thumb Code    26  fputc.o(i.fputc)
    hardware_prvHardwareSetup                0x08003cd9   Thumb Code   112  hardwaresetup.o(i.hardware_prvHardwareSetup)
    main                                     0x08003d59   Thumb Code    40  main.o(i.main)
    pvPortMalloc                             0x080046e5   Thumb Code   166  heap_2.o(i.pvPortMalloc)
    pvTaskIncrementMutexHeldCount            0x0800479d   Thumb Code    26  tasks.o(i.pvTaskIncrementMutexHeldCount)
    pxPortInitialiseStack                    0x080047bd   Thumb Code    38  port.o(i.pxPortInitialiseStack)
    uxListRemove                             0x080047f5   Thumb Code    40  list.o(i.uxListRemove)
    vEvaluate                                0x0800481d   Thumb Code    94  evaluation.o(i.vEvaluate)
    vEvaluate_Module_1_Transportation        0x0800487b   Thumb Code     2  module_1_transportation.o(i.vEvaluate_Module_1_Transportation)
    vEvaluate_Module_2_Gravity               0x0800487d   Thumb Code     2  module_2_gravity.o(i.vEvaluate_Module_2_Gravity)
    vEvaluate_Module_3_Pumping               0x0800487f   Thumb Code     2  module_3_pumping.o(i.vEvaluate_Module_3_Pumping)
    vEvaluate_Module_4_Pouring               0x08004881   Thumb Code     2  module_4_pouring.o(i.vEvaluate_Module_4_Pouring)
    vEvaluate_Module_5_Sensors               0x08004883   Thumb Code     2  module_5_sensors.o(i.vEvaluate_Module_5_Sensors)
    vEvaluate_Module_6_Handling              0x08004885   Thumb Code     2  module_6_handling.o(i.vEvaluate_Module_6_Handling)
    vListInitialise                          0x08004887   Thumb Code    26  list.o(i.vListInitialise)
    vListInitialiseItem                      0x080048a1   Thumb Code     6  list.o(i.vListInitialiseItem)
    vListInsert                              0x080048a7   Thumb Code    52  list.o(i.vListInsert)
    vListInsertEnd                           0x080048db   Thumb Code    24  list.o(i.vListInsertEnd)
    vPortEnterCritical                       0x08004989   Thumb Code    76  port.o(i.vPortEnterCritical)
    vPortExitCritical                        0x080049dd   Thumb Code    56  port.o(i.vPortExitCritical)
    vPortFree                                0x08004a19   Thumb Code    56  heap_2.o(i.vPortFree)
    vPortSetupTimerInterrupt                 0x08004a59   Thumb Code    26  port.o(i.vPortSetupTimerInterrupt)
    vPortValidateInterruptPriority           0x08004a79   Thumb Code   106  port.o(i.vPortValidateInterruptPriority)
    vQueueWaitForMessageRestricted           0x08004af1   Thumb Code    74  queue.o(i.vQueueWaitForMessageRestricted)
    vReadSensorValues                        0x08004b3d   Thumb Code    18  sensors.o(i.vReadSensorValues)
    vTaskDelayUntil                          0x08004b55   Thumb Code   200  tasks.o(i.vTaskDelayUntil)
    vTaskMissedYield                         0x08004c29   Thumb Code     8  tasks.o(i.vTaskMissedYield)
    vTaskPlaceOnEventList                    0x08004c35   Thumb Code    52  tasks.o(i.vTaskPlaceOnEventList)
    vTaskPlaceOnEventListRestricted          0x08004c6d   Thumb Code    60  tasks.o(i.vTaskPlaceOnEventListRestricted)
    vTaskPriorityInherit                     0x08004cad   Thumb Code   164  tasks.o(i.vTaskPriorityInherit)
    vTaskSetTimeOutState                     0x08004d5d   Thumb Code    38  tasks.o(i.vTaskSetTimeOutState)
    vTaskStartScheduler                      0x08004d8d   Thumb Code   118  tasks.o(i.vTaskStartScheduler)
    vTaskSuspendAll                          0x08004e21   Thumb Code    12  tasks.o(i.vTaskSuspendAll)
    vTaskSwitchContext                       0x08004e31   Thumb Code   118  tasks.o(i.vTaskSwitchContext)
    vWriteActuatorValues                     0x08004ebd   Thumb Code    26  actuators.o(i.vWriteActuatorValues)
    xPortStartScheduler                      0x08004ed9   Thumb Code   288  port.o(i.xPortStartScheduler)
    xQueueGenericCreate                      0x08005015   Thumb Code    88  queue.o(i.xQueueGenericCreate)
    xQueueGenericReceive                     0x0800506d   Thumb Code   446  queue.o(i.xQueueGenericReceive)
    xQueueGenericReset                       0x08005231   Thumb Code   146  queue.o(i.xQueueGenericReset)
    xQueueGenericSend                        0x080052c9   Thumb Code   452  queue.o(i.xQueueGenericSend)
    xQueueGenericSendFromISR                 0x08005491   Thumb Code   264  queue.o(i.xQueueGenericSendFromISR)
    xTaskCheckForTimeOut                     0x08005599   Thumb Code   132  tasks.o(i.xTaskCheckForTimeOut)
    xTaskCreate                              0x08005625   Thumb Code    96  tasks.o(i.xTaskCreate)
    xTaskGetSchedulerState                   0x08005685   Thumb Code    24  tasks.o(i.xTaskGetSchedulerState)
    xTaskGetTickCount                        0x080056a5   Thumb Code     6  tasks.o(i.xTaskGetTickCount)
    xTaskIncrementTick                       0x080056b1   Thumb Code   282  tasks.o(i.xTaskIncrementTick)
    xTaskPriorityDisinherit                  0x080057f9   Thumb Code   188  tasks.o(i.xTaskPriorityDisinherit)
    xTaskRemoveFromEventList                 0x080058c1   Thumb Code   128  tasks.o(i.xTaskRemoveFromEventList)
    xTaskResumeAll                           0x08005959   Thumb Code   224  tasks.o(i.xTaskResumeAll)
    xTimerCreateTimerTask                    0x08005a5d   Thumb Code    66  timers.o(i.xTimerCreateTimerTask)
    xTimerGenericCommand                     0x08005ab5   Thumb Code   126  timers.o(i.xTimerGenericCommand)
    _get_lc_numeric                          0x08005b39   Thumb Code    44  lc_numeric_c.o(locale$$code)
    _get_lc_ctype                            0x08005b65   Thumb Code    44  lc_ctype_c.o(locale$$code)
    _fp_init                                 0x08005b91   Thumb Code    10  fpinit.o(x$fpl$fpinit)
    __fplib_config_fpu_vfp                   0x08005b99   Thumb Code     0  fpinit.o(x$fpl$fpinit)
    __fplib_config_pureend_doubles           0x08005b99   Thumb Code     0  fpinit.o(x$fpl$fpinit)
    _printf_fp_dec                           0x08005b9b   Thumb Code     4  printf1.o(x$fpl$printf1)
    _printf_fp_hex                           0x08005b9f   Thumb Code     4  printf2.o(x$fpl$printf2)
    AHBPrescTable                            0x08005ba2   Data          16  system_stm32f3xx.o(.constdata)
    __I$use$fp                               0x08005ba2   Number         0  usenofp.o(x$fpl$usenofp)
    APBPrescTable                            0x08005bb2   Data           8  system_stm32f3xx.o(.constdata)
    aPLLMULFactorTable                       0x08005bba   Data          16  stm32f3xx_hal_rcc.o(.constdata)
    aPredivFactorTable                       0x08005bca   Data          16  stm32f3xx_hal_rcc.o(.constdata)
    LED_PIN                                  0x08005bda   Data           2  stm32f3xx_nucleo.o(.constdata)
    BUTTON_PIN                               0x08005bdc   Data           2  stm32f3xx_nucleo.o(.constdata)
    BUTTON_IRQn                              0x08005bde   Data           1  stm32f3xx_nucleo.o(.constdata)
    __stdin_name                             0x08005bdf   Data           7  retarget_io.o(.constdata)
    __stdout_name                            0x08005be6   Data           8  retarget_io.o(.constdata)
    __stderr_name                            0x08005bee   Data           8  retarget_io.o(.constdata)
    Region$$Table$$Base                      0x08005cf4   Number         0  anon$$obj.o(Region$$Table)
    Region$$Table$$Limit                     0x08005d14   Number         0  anon$$obj.o(Region$$Table)
    __ctype                                  0x08005d3d   Data           0  lc_ctype_c.o(locale$$data)
    Input_Storage                            0x20000000   Data           1  main.o(.data)
    Output_Storage                           0x20000001   Data           1  main.o(.data)
    SystemCoreClock                          0x20000004   Data           4  system_stm32f3xx.o(.data)
    uwTick                                   0x20000008   Data           4  stm32f3xx_hal.o(.data)
    LED_PORT                                 0x2000000c   Data           4  stm32f3xx_nucleo.o(.data)
    BUTTON_PORT                              0x20000010   Data           4  stm32f3xx_nucleo.o(.data)
    pxCurrentTCB                             0x20000038   Data           4  tasks.o(.data)
    __aeabi_stdin                            0x20000088   Data           4  stdio_streams.o(.data)
    __aeabi_stdout                           0x2000008c   Data           4  stdio_streams.o(.data)
    __aeabi_stderr                           0x20000090   Data           4  stdio_streams.o(.data)
    System_State                             0x200000bc   Data          28  main.o(.bss)
    __stdin                                  0x200011f0   Data          84  stdio_streams.o(.bss)
    __stdout                                 0x20001244   Data          84  stdio_streams.o(.bss)
    __stderr                                 0x20001298   Data          84  stdio_streams.o(.bss)
    __libspace_start                         0x200012ec   Data          96  libspace.o(.bss)
    __temporary_stack_top$libspace           0x2000134c   Data           0  libspace.o(.bss)



==============================================================================

Memory Map of the image

  Image Entry point : 0x080003a9

  Load Region LR_1 (Base: 0x08000000, Size: 0x00005ed4, Max: 0xffffffff, ABSOLUTE)

    Execution Region ER_RO (Base: 0x08000000, Size: 0x00005e40, Max: 0xffffffff, ABSOLUTE)

    Base Addr    Size         Type   Attr      Idx    E Section Name        Object

    0x08000000   0x00000194   Data   RO          364    RESET               startup_stm32f303xe.o
    0x08000194   0x00000008   Code   RO         2348  * !!!main             c_w.l(__main.o)
    0x0800019c   0x00000034   Code   RO         2749    !!!scatter          c_w.l(__scatter.o)
    0x080001d0   0x0000001a   Code   RO         2751    !!handler_copy      c_w.l(__scatter_copy.o)
    0x080001ea   0x00000002   PAD
    0x080001ec   0x0000001c   Code   RO         2753    !!handler_zi        c_w.l(__scatter_zi.o)
    0x08000208   0x00000000   Code   RO         2329    .ARM.Collect$$_printf_percent$$00000000  c_w.l(_printf_percent.o)
    0x08000208   0x00000006   Code   RO         2429    .ARM.Collect$$_printf_percent$$00000001  c_w.l(_printf_n.o)
    0x0800020e   0x00000006   Code   RO         2431    .ARM.Collect$$_printf_percent$$00000002  c_w.l(_printf_p.o)
    0x08000214   0x00000006   Code   RO         2436    .ARM.Collect$$_printf_percent$$00000003  c_w.l(_printf_f.o)
    0x0800021a   0x00000006   Code   RO         2437    .ARM.Collect$$_printf_percent$$00000004  c_w.l(_printf_e.o)
    0x08000220   0x00000006   Code   RO         2438    .ARM.Collect$$_printf_percent$$00000005  c_w.l(_printf_g.o)
    0x08000226   0x00000006   Code   RO         2439    .ARM.Collect$$_printf_percent$$00000006  c_w.l(_printf_a.o)
    0x0800022c   0x0000000a   Code   RO         2444    .ARM.Collect$$_printf_percent$$00000007  c_w.l(_printf_ll.o)
    0x08000236   0x00000006   Code   RO         2433    .ARM.Collect$$_printf_percent$$00000008  c_w.l(_printf_i.o)
    0x0800023c   0x00000006   Code   RO         2434    .ARM.Collect$$_printf_percent$$00000009  c_w.l(_printf_d.o)
    0x08000242   0x00000006   Code   RO         2435    .ARM.Collect$$_printf_percent$$0000000A  c_w.l(_printf_u.o)
    0x08000248   0x00000006   Code   RO         2432    .ARM.Collect$$_printf_percent$$0000000B  c_w.l(_printf_o.o)
    0x0800024e   0x00000006   Code   RO         2430    .ARM.Collect$$_printf_percent$$0000000C  c_w.l(_printf_x.o)
    0x08000254   0x00000006   Code   RO         2441    .ARM.Collect$$_printf_percent$$0000000D  c_w.l(_printf_lli.o)
    0x0800025a   0x00000006   Code   RO         2442    .ARM.Collect$$_printf_percent$$0000000E  c_w.l(_printf_lld.o)
    0x08000260   0x00000006   Code   RO         2443    .ARM.Collect$$_printf_percent$$0000000F  c_w.l(_printf_llu.o)
    0x08000266   0x00000006   Code   RO         2448    .ARM.Collect$$_printf_percent$$00000010  c_w.l(_printf_llo.o)
    0x0800026c   0x00000006   Code   RO         2449    .ARM.Collect$$_printf_percent$$00000011  c_w.l(_printf_llx.o)
    0x08000272   0x0000000a   Code   RO         2445    .ARM.Collect$$_printf_percent$$00000012  c_w.l(_printf_l.o)
    0x0800027c   0x00000006   Code   RO         2428    .ARM.Collect$$_printf_percent$$00000013  c_w.l(_printf_c.o)
    0x08000282   0x00000006   Code   RO         2328    .ARM.Collect$$_printf_percent$$00000014  c_w.l(_printf_s.o)
    0x08000288   0x00000006   Code   RO         2446    .ARM.Collect$$_printf_percent$$00000015  c_w.l(_printf_lc.o)
    0x0800028e   0x00000006   Code   RO         2447    .ARM.Collect$$_printf_percent$$00000016  c_w.l(_printf_ls.o)
    0x08000294   0x00000004   Code   RO         2440    .ARM.Collect$$_printf_percent$$00000017  c_w.l(_printf_percent_end.o)
    0x08000298   0x00000002   Code   RO         2673    .ARM.Collect$$libinit$$00000000  c_w.l(libinit.o)
    0x0800029a   0x00000004   Code   RO         2456    .ARM.Collect$$libinit$$00000001  c_w.l(libinit2.o)
    0x0800029e   0x00000000   Code   RO         2459    .ARM.Collect$$libinit$$00000004  c_w.l(libinit2.o)
    0x0800029e   0x00000008   Code   RO         2460    .ARM.Collect$$libinit$$00000005  c_w.l(libinit2.o)
    0x080002a6   0x00000000   Code   RO         2462    .ARM.Collect$$libinit$$0000000A  c_w.l(libinit2.o)
    0x080002a6   0x00000000   Code   RO         2464    .ARM.Collect$$libinit$$0000000C  c_w.l(libinit2.o)
    0x080002a6   0x00000000   Code   RO         2466    .ARM.Collect$$libinit$$0000000E  c_w.l(libinit2.o)
    0x080002a6   0x00000006   Code   RO         2467    .ARM.Collect$$libinit$$0000000F  c_w.l(libinit2.o)
    0x080002ac   0x00000000   Code   RO         2469    .ARM.Collect$$libinit$$00000011  c_w.l(libinit2.o)
    0x080002ac   0x0000000c   Code   RO         2470    .ARM.Collect$$libinit$$00000012  c_w.l(libinit2.o)
    0x080002b8   0x00000000   Code   RO         2471    .ARM.Collect$$libinit$$00000013  c_w.l(libinit2.o)
    0x080002b8   0x00000000   Code   RO         2473    .ARM.Collect$$libinit$$00000015  c_w.l(libinit2.o)
    0x080002b8   0x0000000a   Code   RO         2474    .ARM.Collect$$libinit$$00000016  c_w.l(libinit2.o)
    0x080002c2   0x00000000   Code   RO         2475    .ARM.Collect$$libinit$$00000017  c_w.l(libinit2.o)
    0x080002c2   0x00000000   Code   RO         2477    .ARM.Collect$$libinit$$00000019  c_w.l(libinit2.o)
    0x080002c2   0x00000000   Code   RO         2479    .ARM.Collect$$libinit$$0000001B  c_w.l(libinit2.o)
    0x080002c2   0x00000000   Code   RO         2481    .ARM.Collect$$libinit$$0000001D  c_w.l(libinit2.o)
    0x080002c2   0x00000000   Code   RO         2483    .ARM.Collect$$libinit$$0000001F  c_w.l(libinit2.o)
    0x080002c2   0x00000000   Code   RO         2485    .ARM.Collect$$libinit$$00000021  c_w.l(libinit2.o)
    0x080002c2   0x00000000   Code   RO         2487    .ARM.Collect$$libinit$$00000023  c_w.l(libinit2.o)
    0x080002c2   0x00000004   Code   RO         2488    .ARM.Collect$$libinit$$00000024  c_w.l(libinit2.o)
    0x080002c6   0x00000000   Code   RO         2489    .ARM.Collect$$libinit$$00000025  c_w.l(libinit2.o)
    0x080002c6   0x00000000   Code   RO         2493    .ARM.Collect$$libinit$$0000002C  c_w.l(libinit2.o)
    0x080002c6   0x00000000   Code   RO         2495    .ARM.Collect$$libinit$$0000002E  c_w.l(libinit2.o)
    0x080002c6   0x00000000   Code   RO         2497    .ARM.Collect$$libinit$$00000030  c_w.l(libinit2.o)
    0x080002c6   0x00000000   Code   RO         2499    .ARM.Collect$$libinit$$00000032  c_w.l(libinit2.o)
    0x080002c6   0x00000002   Code   RO         2500    .ARM.Collect$$libinit$$00000033  c_w.l(libinit2.o)
    0x080002c8   0x00000002   Code   RO         2746    .ARM.Collect$$libshutdown$$00000000  c_w.l(libshutdown.o)
    0x080002ca   0x00000000   Code   RO         2587    .ARM.Collect$$libshutdown$$00000002  c_w.l(libshutdown2.o)
    0x080002ca   0x00000004   Code   RO         2588    .ARM.Collect$$libshutdown$$00000003  c_w.l(libshutdown2.o)
    0x080002ce   0x00000000   Code   RO         2589    .ARM.Collect$$libshutdown$$00000004  c_w.l(libshutdown2.o)
    0x080002ce   0x00000000   Code   RO         2592    .ARM.Collect$$libshutdown$$00000007  c_w.l(libshutdown2.o)
    0x080002ce   0x00000000   Code   RO         2595    .ARM.Collect$$libshutdown$$0000000A  c_w.l(libshutdown2.o)
    0x080002ce   0x00000000   Code   RO         2597    .ARM.Collect$$libshutdown$$0000000C  c_w.l(libshutdown2.o)
    0x080002ce   0x00000000   Code   RO         2600    .ARM.Collect$$libshutdown$$0000000F  c_w.l(libshutdown2.o)
    0x080002ce   0x00000002   Code   RO         2601    .ARM.Collect$$libshutdown$$00000010  c_w.l(libshutdown2.o)
    0x080002d0   0x00000000   Code   RO         2352    .ARM.Collect$$rtentry$$00000000  c_w.l(__rtentry.o)
    0x080002d0   0x00000000   Code   RO         2515    .ARM.Collect$$rtentry$$00000002  c_w.l(__rtentry2.o)
    0x080002d0   0x00000006   Code   RO         2527    .ARM.Collect$$rtentry$$00000004  c_w.l(__rtentry4.o)
    0x080002d6   0x00000000   Code   RO         2517    .ARM.Collect$$rtentry$$00000009  c_w.l(__rtentry2.o)
    0x080002d6   0x00000004   Code   RO         2518    .ARM.Collect$$rtentry$$0000000A  c_w.l(__rtentry2.o)
    0x080002da   0x00000000   Code   RO         2520    .ARM.Collect$$rtentry$$0000000C  c_w.l(__rtentry2.o)
    0x080002da   0x00000008   Code   RO         2521    .ARM.Collect$$rtentry$$0000000D  c_w.l(__rtentry2.o)
    0x080002e2   0x00000002   Code   RO         2683    .ARM.Collect$$rtexit$$00000000  c_w.l(rtexit.o)
    0x080002e4   0x00000000   Code   RO         2709    .ARM.Collect$$rtexit$$00000002  c_w.l(rtexit2.o)
    0x080002e4   0x00000004   Code   RO         2710    .ARM.Collect$$rtexit$$00000003  c_w.l(rtexit2.o)
    0x080002e8   0x00000006   Code   RO         2711    .ARM.Collect$$rtexit$$00000004  c_w.l(rtexit2.o)
    0x080002ee   0x00000002   PAD
    0x080002f0   0x000000b6   Code   RO         1532    .emb_text           port.o
    0x080003a6   0x00000002   PAD
    0x080003a8   0x00000000   Code   RO         2531    .emb_text           c_w.l(maybetermalloc1.o)
    0x080003a8   0x00000040   Code   RO          365  * .text               startup_stm32f303xe.o
    0x080003e8   0x0000005e   Code   RO         2240    .text               c_w.l(h1_alloc.o)
    0x08000446   0x0000004e   Code   RO         2242    .text               c_w.l(h1_free.o)
    0x08000494   0x0000000a   Code   RO         2298    .text               c_w.l(vfprintf.o)
    0x0800049e   0x00000002   PAD
    0x080004a0   0x00000038   Code   RO         2300    .text               c_w.l(__2snprintf.o)
    0x080004d8   0x00000052   Code   RO         2306    .text               c_w.l(_printf_str.o)
    0x0800052a   0x00000002   PAD
    0x0800052c   0x00000188   Code   RO         2325    .text               c_w.l(__printf_flags_ss_wp.o)
    0x080006b4   0x0000003e   Code   RO         2336    .text               c_w.l(strlen.o)
    0x080006f2   0x0000008a   Code   RO         2338    .text               c_w.l(rt_memcpy_v6.o)
    0x0800077c   0x00000064   Code   RO         2340    .text               c_w.l(rt_memcpy_w.o)
    0x080007e0   0x0000004e   Code   RO         2342    .text               c_w.l(rt_memclr_w.o)
    0x0800082e   0x00000002   PAD
    0x08000830   0x00000080   Code   RO         2344    .text               c_w.l(strcmpv7m.o)
    0x080008b0   0x00000006   Code   RO         2346    .text               c_w.l(heapauxi.o)
    0x080008b6   0x00000002   PAD
    0x080008b8   0x00000008   Code   RO         2356    .text               c_w.l(rt_heap_descriptor_intlibspace.o)
    0x080008c0   0x00000004   Code   RO         2358    .text               c_w.l(hguard.o)
    0x080008c4   0x0000008a   Code   RO         2360    .text               c_w.l(init_alloc.o)
    0x0800094e   0x0000000e   Code   RO         2364    .text               c_w.l(h1_init.o)
    0x0800095c   0x0000004e   Code   RO         2378    .text               c_w.l(_printf_pad.o)
    0x080009aa   0x00000024   Code   RO         2380    .text               c_w.l(_printf_truncate.o)
    0x080009ce   0x00000002   PAD
    0x080009d0   0x00000078   Code   RO         2382    .text               c_w.l(_printf_dec.o)
    0x08000a48   0x00000028   Code   RO         2384    .text               c_w.l(_printf_charcount.o)
    0x08000a70   0x00000030   Code   RO         2386    .text               c_w.l(_printf_char_common.o)
    0x08000aa0   0x0000000a   Code   RO         2388    .text               c_w.l(_sputc.o)
    0x08000aaa   0x00000010   Code   RO         2390    .text               c_w.l(_snputc.o)
    0x08000aba   0x0000002c   Code   RO         2392    .text               c_w.l(_printf_char.o)
    0x08000ae6   0x00000002   PAD
    0x08000ae8   0x00000024   Code   RO         2394    .text               c_w.l(_printf_char_file.o)
    0x08000b0c   0x000000bc   Code   RO         2396    .text               c_w.l(_printf_wctomb.o)
    0x08000bc8   0x0000007c   Code   RO         2399    .text               c_w.l(_printf_longlong_dec.o)
    0x08000c44   0x00000070   Code   RO         2405    .text               c_w.l(_printf_oct_int_ll.o)
    0x08000cb4   0x00000094   Code   RO         2425    .text               c_w.l(_printf_hex_int_ll_ptr.o)
    0x08000d48   0x00000138   Code   RO         2450    .text               c_w.l(initio.o)
    0x08000e80   0x00000008   Code   RO         2511    .text               c_w.l(libspace.o)
    0x08000e88   0x00000034   Code   RO         2533    .text               c_w.l(h1_extend.o)
    0x08000ebc   0x0000008a   Code   RO         2537    .text               c_w.l(lludiv10.o)
    0x08000f46   0x000000b2   Code   RO         2539    .text               c_w.l(_printf_intcommon.o)
    0x08000ff8   0x0000041a   Code   RO         2541    .text               c_w.l(_printf_fp_dec.o)
    0x08001412   0x00000002   PAD
    0x08001414   0x000002fc   Code   RO         2543    .text               c_w.l(_printf_fp_hex.o)
    0x08001710   0x0000002c   Code   RO         2548    .text               c_w.l(_printf_wchar.o)
    0x0800173c   0x00000008   Code   RO         2550    .text               c_w.l(ferror.o)
    0x08001744   0x00000046   Code   RO         2556    .text               c_w.l(setvbuf.o)
    0x0800178a   0x00000002   PAD
    0x0800178c   0x000000ec   Code   RO         2559    .text               c_w.l(fopen.o)
    0x08001878   0x0000004c   Code   RO         2561    .text               c_w.l(fclose.o)
    0x080018c4   0x00000040   Code   RO         2571    .text               c_w.l(_wcrtomb.o)
    0x08001904   0x0000000e   Code   RO         2573    .text               c_w.l(defsig_rtred_outer.o)
    0x08001912   0x0000000e   Code   RO         2577    .text               c_w.l(defsig_rtmem_outer.o)
    0x08001920   0x00000002   Code   RO         2604    .text               c_w.l(use_no_semi.o)
    0x08001922   0x00000000   Code   RO         2606    .text               c_w.l(indicate_semi.o)
    0x08001922   0x0000004a   Code   RO         2607    .text               c_w.l(sys_stackheap_outer.o)
    0x0800196c   0x00000010   Code   RO         2609    .text               c_w.l(rt_ctype_table.o)
    0x0800197c   0x00000008   Code   RO         2616    .text               c_w.l(rt_locale_intlibspace.o)
    0x08001984   0x00000080   Code   RO         2620    .text               c_w.l(_printf_fp_infnan.o)
    0x08001a04   0x000000dc   Code   RO         2622    .text               c_w.l(bigflt0.o)
    0x08001ae0   0x000001d6   Code   RO         2647    .text               c_w.l(flsbuf.o)
    0x08001cb6   0x00000002   PAD
    0x08001cb8   0x000000f8   Code   RO         2649    .text               c_w.l(fseek.o)
    0x08001db0   0x000000f0   Code   RO         2651    .text               c_w.l(stdio.o)
    0x08001ea0   0x00000012   Code   RO         2656    .text               c_w.l(exit.o)
    0x08001eb2   0x0000000a   Code   RO         2658    .text               c_w.l(defsig_exit.o)
    0x08001ebc   0x00000034   Code   RO         2660    .text               c_w.l(defsig_rtred_inner.o)
    0x08001ef0   0x00000050   Code   RO         2662    .text               c_w.l(defsig_rtmem_inner.o)
    0x08001f40   0x0000000c   Code   RO         2681    .text               c_w.l(sys_exit.o)
    0x08001f4c   0x00000042   Code   RO         2691    .text               c_w.l(ftell.o)
    0x08001f8e   0x00000032   Code   RO         2702    .text               c_w.l(defsig_general.o)
    0x08001fc0   0x0000000e   Code   RO         2706    .text               c_w.l(sys_wrch.o)
    0x08001fce   0x00000002   PAD
    0x08001fd0   0x00000008   Code   RO         2718    .text               c_w.l(rt_errno_addr_intlibspace.o)
    0x08001fd8   0x0000003e   Code   RO         2625    CL$$btod_d2e        c_w.l(btod.o)
    0x08002016   0x00000046   Code   RO         2627    CL$$btod_d2e_denorm_low  c_w.l(btod.o)
    0x0800205c   0x00000060   Code   RO         2626    CL$$btod_d2e_norm_op1  c_w.l(btod.o)
    0x080020bc   0x00000338   Code   RO         2635    CL$$btod_div_common  c_w.l(btod.o)
    0x080023f4   0x000000c6   Code   RO         2632    CL$$btod_e2e        c_w.l(btod.o)
    0x080024ba   0x00000028   Code   RO         2629    CL$$btod_ediv       c_w.l(btod.o)
    0x080024e2   0x00000028   Code   RO         2628    CL$$btod_emul       c_w.l(btod.o)
    0x0800250a   0x00000244   Code   RO         2634    CL$$btod_mult_common  c_w.l(btod.o)
    0x0800274e   0x00000002   PAD
    0x08002750   0x00000020   Code   RO         1116    i.BSP_LED_Off       stm32f3xx_nucleo.o
    0x08002770   0x00000020   Code   RO         1117    i.BSP_LED_On        stm32f3xx_nucleo.o
    0x08002790   0x00000004   Code   RO          329    i.Error_Handler     hardwaresetup.o
    0x08002794   0x000001e8   Code   RO          741    i.HAL_GPIO_Init     stm32f3xx_hal_gpio.o
    0x0800297c   0x00000010   Code   RO          743    i.HAL_GPIO_ReadPin  stm32f3xx_hal_gpio.o
    0x0800298c   0x0000000a   Code   RO          745    i.HAL_GPIO_WritePin  stm32f3xx_hal_gpio.o
    0x08002996   0x00000002   PAD
    0x08002998   0x0000000c   Code   RO          420    i.HAL_GetTick       stm32f3xx_hal.o
    0x080029a4   0x00000028   Code   RO          422    i.HAL_Init          stm32f3xx_hal.o
    0x080029cc   0x00000028   Code   RO          423    i.HAL_InitTick      stm32f3xx_hal.o
    0x080029f4   0x00000002   Code   RO          425    i.HAL_MspInit       stm32f3xx_hal.o
    0x080029f6   0x0000007c   Code   RO          591    i.HAL_NVIC_SetPriority  stm32f3xx_hal_cortex.o
    0x08002a72   0x00000002   PAD
    0x08002a74   0x00000028   Code   RO          592    i.HAL_NVIC_SetPriorityGrouping  stm32f3xx_hal_cortex.o
    0x08002a9c   0x000002ec   Code   RO          841    i.HAL_RCC_ClockConfig  stm32f3xx_hal_rcc.o
    0x08002d88   0x00000094   Code   RO          850    i.HAL_RCC_GetSysClockFreq  stm32f3xx_hal_rcc.o
    0x08002e1c   0x00000a08   Code   RO          853    i.HAL_RCC_OscConfig  stm32f3xx_hal_rcc.o
    0x08003824   0x00000034   Code   RO          596    i.HAL_SYSTICK_Config  stm32f3xx_hal_cortex.o
    0x08003858   0x00000030   Code   RO         1224    i.ITM_SendChar      retarget_io.o
    0x08003888   0x00000034   Code   RO         1533    i.SysTick_Handler   port.o
    0x080038bc   0x00000052   Code   RO          330    i.SystemClock_Config  hardwaresetup.o
    0x0800390e   0x00000002   PAD
    0x08003910   0x0000007c   Code   RO          373    i.SystemInit        system_stm32f3xx.o
    0x0800398c   0x00000030   Code   RO         2679    i.__ARM_fpclassify  m_wm.l(fpclassify.o)
    0x080039bc   0x00000010   Code   RO          598    i.__NVIC_GetPriorityGrouping  stm32f3xx_hal_cortex.o
    0x080039cc   0x00000028   Code   RO          599    i.__NVIC_SetPriority  stm32f3xx_hal_cortex.o
    0x080039f4   0x0000000e   Code   RO         2318    i._is_digit         c_w.l(__printf_wp.o)
    0x08003a02   0x00000026   Code   RO         1225    i._sys_close        retarget_io.o
    0x08003a28   0x00000024   Code   RO         1226    i._sys_flen         retarget_io.o
    0x08003a4c   0x00000024   Code   RO         1227    i._sys_istty        retarget_io.o
    0x08003a70   0x00000068   Code   RO         1228    i._sys_open         retarget_io.o
    0x08003ad8   0x0000002c   Code   RO         1230    i._sys_seek         retarget_io.o
    0x08003b04   0x00000046   Code   RO         1231    i._sys_write        retarget_io.o
    0x08003b4a   0x00000002   PAD
    0x08003b4c   0x00000078   Code   RO         1189    i.debugPrintError   debug.o
    0x08003bc4   0x0000007c   Code   RO         1190    i.debugPrintMessage  debug.o
    0x08003c40   0x0000007c   Code   RO         1191    i.debugPrintWarning  debug.o
    0x08003cbc   0x0000001a   Code   RO         2553    i.fputc             c_w.l(fputc.o)
    0x08003cd6   0x00000002   PAD
    0x08003cd8   0x00000080   Code   RO          331    i.hardware_prvHardwareSetup  hardwaresetup.o
    0x08003d58   0x00000038   Code   RO          142    i.main              main.o
    0x08003d90   0x00000098   Code   RO         1801    i.prvAddCurrentTaskToDelayedList  tasks.o
    0x08003e28   0x000000b4   Code   RO         1802    i.prvAddNewTaskToReadyList  tasks.o
    0x08003edc   0x0000004c   Code   RO         2104    i.prvCheckForValidListAndQueue  timers.o
    0x08003f28   0x00000064   Code   RO         1803    i.prvCheckTasksWaitingTermination  tasks.o
    0x08003f8c   0x0000002a   Code   RO         1609    i.prvCopyDataFromQueue  queue.o
    0x08003fb6   0x0000007c   Code   RO         1610    i.prvCopyDataToQueue  queue.o
    0x08004032   0x00000012   Code   RO         1804    i.prvDeleteTCB      tasks.o
    0x08004044   0x00000028   Code   RO         2105    i.prvGetNextExpireTime  timers.o
    0x0800406c   0x00000038   Code   RO         1494    i.prvHeapInit       heap_2.o
    0x080040a4   0x00000028   Code   RO         1805    i.prvIdleTask       tasks.o
    0x080040cc   0x0000002a   Code   RO         1612    i.prvInitialiseNewQueue  queue.o
    0x080040f6   0x000000aa   Code   RO         1806    i.prvInitialiseNewTask  tasks.o
    0x080041a0   0x00000068   Code   RO         1807    i.prvInitialiseTaskLists  tasks.o
    0x08004208   0x00000058   Code   RO         2107    i.prvInsertTimerInActiveList  timers.o
    0x08004260   0x0000001a   Code   RO         1613    i.prvIsQueueEmpty   queue.o
    0x0800427a   0x0000001e   Code   RO         1614    i.prvIsQueueFull    queue.o
    0x08004298   0x00000090   Code   RO         1615    i.prvNotifyQueueSetContainer  queue.o
    0x08004328   0x00000064   Code   RO         2108    i.prvProcessExpiredTimer  timers.o
    0x0800438c   0x000000f8   Code   RO         2109    i.prvProcessReceivedCommands  timers.o
    0x08004484   0x00000074   Code   RO         2110    i.prvProcessTimerOrBlockTask  timers.o
    0x080044f8   0x00000034   Code   RO         1808    i.prvResetNextTaskUnblockTime  tasks.o
    0x0800452c   0x0000002c   Code   RO         2111    i.prvSampleTimeNow  timers.o
    0x08004558   0x000000a0   Code   RO         2112    i.prvSwitchTimerLists  timers.o
    0x080045f8   0x00000040   Code   RO         1534    i.prvTaskExitError  port.o
    0x08004638   0x0000001a   Code   RO         2113    i.prvTimerTask      timers.o
    0x08004652   0x00000092   Code   RO         1616    i.prvUnlockQueue    queue.o
    0x080046e4   0x000000b8   Code   RO         1495    i.pvPortMalloc      heap_2.o
    0x0800479c   0x00000020   Code   RO         1810    i.pvTaskIncrementMutexHeldCount  tasks.o
    0x080047bc   0x0000002c   Code   RO         1535    i.pxPortInitialiseStack  port.o
    0x080047e8   0x0000000c   Code   RO         1232    i.stdout_putchar    retarget_io.o
    0x080047f4   0x00000028   Code   RO         1458    i.uxListRemove      list.o
    0x0800481c   0x0000005e   Code   RO          100    i.vEvaluate         evaluation.o
    0x0800487a   0x00000002   Code   RO          254    i.vEvaluate_Module_1_Transportation  module_1_transportation.o
    0x0800487c   0x00000002   Code   RO          266    i.vEvaluate_Module_2_Gravity  module_2_gravity.o
    0x0800487e   0x00000002   Code   RO          278    i.vEvaluate_Module_3_Pumping  module_3_pumping.o
    0x08004880   0x00000002   Code   RO          290    i.vEvaluate_Module_4_Pouring  module_4_pouring.o
    0x08004882   0x00000002   Code   RO          302    i.vEvaluate_Module_5_Sensors  module_5_sensors.o
    0x08004884   0x00000002   Code   RO          314    i.vEvaluate_Module_6_Handling  module_6_handling.o
    0x08004886   0x0000001a   Code   RO         1459    i.vListInitialise   list.o
    0x080048a0   0x00000006   Code   RO         1460    i.vListInitialiseItem  list.o
    0x080048a6   0x00000034   Code   RO         1461    i.vListInsert       list.o
    0x080048da   0x00000018   Code   RO         1462    i.vListInsertEnd    list.o
    0x080048f2   0x00000002   PAD
    0x080048f4   0x00000094   Code   RO          143    i.vMainCycle        main.o
    0x08004988   0x00000054   Code   RO         1537    i.vPortEnterCritical  port.o
    0x080049dc   0x0000003c   Code   RO         1538    i.vPortExitCritical  port.o
    0x08004a18   0x00000040   Code   RO         1496    i.vPortFree         heap_2.o
    0x08004a58   0x00000020   Code   RO         1539    i.vPortSetupTimerInterrupt  port.o
    0x08004a78   0x00000078   Code   RO         1540    i.vPortValidateInterruptPriority  port.o
    0x08004af0   0x0000004a   Code   RO         1621    i.vQueueWaitForMessageRestricted  queue.o
    0x08004b3a   0x00000002   PAD
    0x08004b3c   0x00000018   Code   RO          233    i.vReadSensorValues  sensors.o
    0x08004b54   0x000000d4   Code   RO         1817    i.vTaskDelayUntil   tasks.o
    0x08004c28   0x0000000c   Code   RO         1820    i.vTaskMissedYield  tasks.o
    0x08004c34   0x00000038   Code   RO         1822    i.vTaskPlaceOnEventList  tasks.o
    0x08004c6c   0x00000040   Code   RO         1823    i.vTaskPlaceOnEventListRestricted  tasks.o
    0x08004cac   0x000000b0   Code   RO         1825    i.vTaskPriorityInherit  tasks.o
    0x08004d5c   0x00000030   Code   RO         1828    i.vTaskSetTimeOutState  tasks.o
    0x08004d8c   0x00000094   Code   RO         1829    i.vTaskStartScheduler  tasks.o
    0x08004e20   0x00000010   Code   RO         1831    i.vTaskSuspendAll   tasks.o
    0x08004e30   0x0000008c   Code   RO         1832    i.vTaskSwitchContext  tasks.o
    0x08004ebc   0x0000001a   Code   RO            5    i.vWriteActuatorValues  actuators.o
    0x08004ed6   0x00000002   PAD
    0x08004ed8   0x0000013c   Code   RO         1541    i.xPortStartScheduler  port.o
    0x08005014   0x00000058   Code   RO         1626    i.xQueueGenericCreate  queue.o
    0x0800506c   0x000001c4   Code   RO         1627    i.xQueueGenericReceive  queue.o
    0x08005230   0x00000098   Code   RO         1628    i.xQueueGenericReset  queue.o
    0x080052c8   0x000001c8   Code   RO         1629    i.xQueueGenericSend  queue.o
    0x08005490   0x00000108   Code   RO         1630    i.xQueueGenericSendFromISR  queue.o
    0x08005598   0x0000008c   Code   RO         1833    i.xTaskCheckForTimeOut  tasks.o
    0x08005624   0x00000060   Code   RO         1834    i.xTaskCreate       tasks.o
    0x08005684   0x00000020   Code   RO         1838    i.xTaskGetSchedulerState  tasks.o
    0x080056a4   0x0000000c   Code   RO         1839    i.xTaskGetTickCount  tasks.o
    0x080056b0   0x00000148   Code   RO         1841    i.xTaskIncrementTick  tasks.o
    0x080057f8   0x000000c8   Code   RO         1844    i.xTaskPriorityDisinherit  tasks.o
    0x080058c0   0x00000098   Code   RO         1845    i.xTaskRemoveFromEventList  tasks.o
    0x08005958   0x00000104   Code   RO         1847    i.xTaskResumeAll    tasks.o
    0x08005a5c   0x00000058   Code   RO         2117    i.xTimerCreateTimerTask  timers.o
    0x08005ab4   0x00000084   Code   RO         2118    i.xTimerGenericCommand  timers.o
    0x08005b38   0x0000002c   Code   RO         2654    locale$$code        c_w.l(lc_numeric_c.o)
    0x08005b64   0x0000002c   Code   RO         2698    locale$$code        c_w.l(lc_ctype_c.o)
    0x08005b90   0x0000000a   Code   RO         2602    x$fpl$fpinit        fz_wm.l(fpinit.o)
    0x08005b9a   0x00000004   Code   RO         2501    x$fpl$printf1       fz_wm.l(printf1.o)
    0x08005b9e   0x00000004   Code   RO         2503    x$fpl$printf2       fz_wm.l(printf2.o)
    0x08005ba2   0x00000000   Code   RO         2678    x$fpl$usenofp       fz_wm.l(usenofp.o)
    0x08005ba2   0x00000018   Data   RO          374    .constdata          system_stm32f3xx.o
    0x08005bba   0x00000020   Data   RO          854    .constdata          stm32f3xx_hal_rcc.o
    0x08005bda   0x00000005   Data   RO         1122    .constdata          stm32f3xx_nucleo.o
    0x08005bdf   0x00000017   Data   RO         1233    .constdata          retarget_io.o
    0x08005bf6   0x00000011   Data   RO         2326    .constdata          c_w.l(__printf_flags_ss_wp.o)
    0x08005c07   0x00000001   PAD
    0x08005c08   0x00000008   Data   RO         2397    .constdata          c_w.l(_printf_wctomb.o)
    0x08005c10   0x00000028   Data   RO         2426    .constdata          c_w.l(_printf_hex_int_ll_ptr.o)
    0x08005c38   0x00000026   Data   RO         2544    .constdata          c_w.l(_printf_fp_hex.o)
    0x08005c5e   0x00000002   PAD
    0x08005c60   0x00000094   Data   RO         2623    .constdata          c_w.l(bigflt0.o)
    0x08005cf4   0x00000020   Data   RO         2747    Region$$Table       anon$$obj.o
    0x08005d14   0x0000001c   Data   RO         2653    locale$$data        c_w.l(lc_numeric_c.o)
    0x08005d30   0x00000110   Data   RO         2697    locale$$data        c_w.l(lc_ctype_c.o)


    Execution Region ER_RW (Base: 0x20000000, Size: 0x00000094, Max: 0xffffffff, ABSOLUTE)

    Base Addr    Size         Type   Attr      Idx    E Section Name        Object

    0x20000000   0x00000002   Data   RW          145    .data               main.o
    0x20000002   0x00000002   PAD
    0x20000004   0x00000004   Data   RW          375    .data               system_stm32f3xx.o
    0x20000008   0x00000004   Data   RW          428    .data               stm32f3xx_hal.o
    0x2000000c   0x00000008   Data   RW         1123    .data               stm32f3xx_nucleo.o
    0x20000014   0x00000018   Data   RW         1500    .data               heap_2.o
    0x2000002c   0x0000000c   Data   RW         1542    .data               port.o
    0x20000038   0x0000003c   Data   RW         1850    .data               tasks.o
    0x20000074   0x00000014   Data   RW         2124    .data               timers.o
    0x20000088   0x00000004   Data   RW         2333    .data               c_w.l(stdio_streams.o)
    0x2000008c   0x00000004   Data   RW         2334    .data               c_w.l(stdio_streams.o)
    0x20000090   0x00000004   Data   RW         2335    .data               c_w.l(stdio_streams.o)


    Execution Region ER_ZI (Base: 0x20000094, Size: 0x000018bc, Max: 0xffffffff, ABSOLUTE)

    Base Addr    Size         Type   Attr      Idx    E Section Name        Object

    0x20000094   0x00000044   Zero   RW          144    .bss                main.o
    0x200000d8   0x00000028   Zero   RW          332    .bss                hardwaresetup.o
    0x20000100   0x00001000   Zero   RW         1499    .bss                heap_2.o
    0x20001100   0x000000c8   Zero   RW         1849    .bss                tasks.o
    0x200011c8   0x00000028   Zero   RW         2123    .bss                timers.o
    0x200011f0   0x00000054   Zero   RW         2330    .bss                c_w.l(stdio_streams.o)
    0x20001244   0x00000054   Zero   RW         2331    .bss                c_w.l(stdio_streams.o)
    0x20001298   0x00000054   Zero   RW         2332    .bss                c_w.l(stdio_streams.o)
    0x200012ec   0x00000060   Zero   RW         2512    .bss                c_w.l(libspace.o)
    0x2000134c   0x00000004   PAD
    0x20001350   0x00000200   Zero   RW          363    HEAP                startup_stm32f303xe.o
    0x20001550   0x00000400   Zero   RW          362    STACK               startup_stm32f303xe.o


==============================================================================

Image component sizes


      Code (inc. data)   RO Data    RW Data    ZI Data      Debug   Object Name

        26          0          0          0          0     571603   actuators.o
       368         86          0          0          0       4046   debug.o
        94          0          0          0          0       2604   evaluation.o
         0          0          0          0          0       8016   event_groups.o
         0          0          0          0          0       4900   freertos_evr.o
       214         16          0          0         40       2104   hardwaresetup.o
       304         40          0         24       4096       3751   heap_2.o
       148          0          0          0          0       3402   list.o
       204         56          0          2         68       8787   main.o
         2          0          0          0          0        920   module_1_transportation.o
         2          0          0          0          0        869   module_2_gravity.o
         2          0          0          0          0        869   module_3_pumping.o
         2          0          0          0          0        869   module_4_pouring.o
         2          0          0          0          0        869   module_5_sensors.o
         2          0          0          0          0        882   module_6_handling.o
       954         92          0         12          0      11761   port.o
      2040         16          0          0          0      14130   queue.o
       388         30         23          0          0       6798   retarget_io.o
        24          6          0          0          0        836   sensors.o
        64         26        404          0       1536        808   startup_stm32f303xe.o
        94         16          0          4          0       3135   stm32f3xx_hal.o
       272         22          0          0          0      33342   stm32f3xx_hal_cortex.o
       514         36          0          0          0       2915   stm32f3xx_hal_gpio.o
      3464         66         32          0          0       4592   stm32f3xx_hal_rcc.o
        64         16          5          8          0       5089   stm32f3xx_nucleo.o
       124         20         24          4          0       1215   system_stm32f3xx.o
      2940        372          0         60        200      23826   tasks.o
      1118        110          0         20         40      17851   timers.o

    ----------------------------------------------------------------------
     13446       1026        520        136       5980     740789   Object Totals
         0          0         32          0          0          0   (incl. Generated)
        16          0          0          2          0          0   (incl. Padding)

    ----------------------------------------------------------------------

      Code (inc. data)   RO Data    RW Data    ZI Data      Debug   Library Member Name

        56          6          0          0          0         88   __2snprintf.o
         8          0          0          0          0         68   __main.o
       392          4         17          0          0         92   __printf_flags_ss_wp.o
        14          0          0          0          0         68   __printf_wp.o
         0          0          0          0          0          0   __rtentry.o
        12          0          0          0          0          0   __rtentry2.o
         6          0          0          0          0          0   __rtentry4.o
        52          8          0          0          0          0   __scatter.o
        26          0          0          0          0          0   __scatter_copy.o
        28          0          0          0          0          0   __scatter_zi.o
         6          0          0          0          0          0   _printf_a.o
         6          0          0          0          0          0   _printf_c.o
        44          0          0          0          0        108   _printf_char.o
        48          6          0          0          0         96   _printf_char_common.o
        36          4          0          0          0         80   _printf_char_file.o
        40          0          0          0          0         68   _printf_charcount.o
         6          0          0          0          0          0   _printf_d.o
       120         16          0          0          0         92   _printf_dec.o
         6          0          0          0          0          0   _printf_e.o
         6          0          0          0          0          0   _printf_f.o
      1050          0          0          0          0        216   _printf_fp_dec.o
       764          8         38          0          0        100   _printf_fp_hex.o
       128         16          0          0          0         84   _printf_fp_infnan.o
         6          0          0          0          0          0   _printf_g.o
       148          4         40          0          0        160   _printf_hex_int_ll_ptr.o
         6          0          0          0          0          0   _printf_i.o
       178          0          0          0          0         88   _printf_intcommon.o
        10          0          0          0          0          0   _printf_l.o
         6          0          0          0          0          0   _printf_lc.o
        10          0          0          0          0          0   _printf_ll.o
         6          0          0          0          0          0   _printf_lld.o
         6          0          0          0          0          0   _printf_lli.o
         6          0          0          0          0          0   _printf_llo.o
         6          0          0          0          0          0   _printf_llu.o
         6          0          0          0          0          0   _printf_llx.o
       124         16          0          0          0         92   _printf_longlong_dec.o
         6          0          0          0          0          0   _printf_ls.o
         6          0          0          0          0          0   _printf_n.o
         6          0          0          0          0          0   _printf_o.o
       112         10          0          0          0        124   _printf_oct_int_ll.o
         6          0          0          0          0          0   _printf_p.o
        78          0          0          0          0        108   _printf_pad.o
         0          0          0          0          0          0   _printf_percent.o
         4          0          0          0          0          0   _printf_percent_end.o
         6          0          0          0          0          0   _printf_s.o
        82          0          0          0          0         80   _printf_str.o
        36          0          0          0          0         84   _printf_truncate.o
         6          0          0          0          0          0   _printf_u.o
        44          0          0          0          0        108   _printf_wchar.o
       188          6          8          0          0         92   _printf_wctomb.o
         6          0          0          0          0          0   _printf_x.o
        16          0          0          0          0         68   _snputc.o
        10          0          0          0          0         68   _sputc.o
        64          0          0          0          0         92   _wcrtomb.o
       220          4        148          0          0         96   bigflt0.o
      1910        128          0          0          0        672   btod.o
        10          0          0          0          0         68   defsig_exit.o
        50          0          0          0          0         88   defsig_general.o
        80         58          0          0          0         76   defsig_rtmem_inner.o
        14          0          0          0          0         80   defsig_rtmem_outer.o
        52         38          0          0          0         76   defsig_rtred_inner.o
        14          0          0          0          0         80   defsig_rtred_outer.o
        18          0          0          0          0         80   exit.o
        76          0          0          0          0         88   fclose.o
         8          0          0          0          0         68   ferror.o
       470          0          0          0          0         88   flsbuf.o
       236          4          0          0          0        128   fopen.o
        26          0          0          0          0         68   fputc.o
       248          6          0          0          0         84   fseek.o
        66          0          0          0          0         76   ftell.o
        94          0          0          0          0         80   h1_alloc.o
        52          0          0          0          0         68   h1_extend.o
        78          0          0          0          0         80   h1_free.o
        14          0          0          0          0         84   h1_init.o
         6          0          0          0          0        152   heapauxi.o
         4          0          0          0          0        136   hguard.o
         0          0          0          0          0          0   indicate_semi.o
       138          0          0          0          0        168   init_alloc.o
       312         46          0          0          0        112   initio.o
        44         10        272          0          0         76   lc_ctype_c.o
        44         10         28          0          0         76   lc_numeric_c.o
         2          0          0          0          0          0   libinit.o
        46          0          0          0          0          0   libinit2.o
         2          0          0          0          0          0   libshutdown.o
         6          0          0          0          0          0   libshutdown2.o
         8          4          0          0         96         68   libspace.o
       138          0          0          0          0         80   lludiv10.o
         0          0          0          0          0          0   maybetermalloc1.o
        16          4          0          0          0         76   rt_ctype_table.o
         8          4          0          0          0         68   rt_errno_addr_intlibspace.o
         8          4          0          0          0         68   rt_heap_descriptor_intlibspace.o
         8          4          0          0          0         68   rt_locale_intlibspace.o
        78          0          0          0          0         80   rt_memclr_w.o
       138          0          0          0          0         68   rt_memcpy_v6.o
       100          0          0          0          0         80   rt_memcpy_w.o
         2          0          0          0          0          0   rtexit.o
        10          0          0          0          0          0   rtexit2.o
        70          0          0          0          0         80   setvbuf.o
       240          6          0          0          0        156   stdio.o
         0          0          0         12        252          0   stdio_streams.o
       128          0          0          0          0         68   strcmpv7m.o
        62          0          0          0          0         76   strlen.o
        12          4          0          0          0         68   sys_exit.o
        74          0          0          0          0         80   sys_stackheap_outer.o
        14          0          0          0          0         76   sys_wrch.o
         2          0          0          0          0         68   use_no_semi.o
        10          0          0          0          0         68   vfprintf.o
        10          0          0          0          0        116   fpinit.o
         4          0          0          0          0        116   printf1.o
         4          0          0          0          0        116   printf2.o
         0          0          0          0          0          0   usenofp.o
        48          0          0          0          0        124   fpclassify.o

    ----------------------------------------------------------------------
      9608        438        554         12        352       7140   Library Totals
        28          0          3          0          4          0   (incl. Padding)

    ----------------------------------------------------------------------

      Code (inc. data)   RO Data    RW Data    ZI Data      Debug   Library Name

      9514        438        551         12        348       6668   c_w.l
        18          0          0          0          0        348   fz_wm.l
        48          0          0          0          0        124   m_wm.l

    ----------------------------------------------------------------------
      9608        438        554         12        352       7140   Library Totals

    ----------------------------------------------------------------------

==============================================================================


      Code (inc. data)   RO Data    RW Data    ZI Data      Debug   

     23054       1464       1074        148       6332     733233   Grand Totals
     23054       1464       1074        148       6332     733233   ELF Image Totals
     23054       1464       1074        148          0          0   ROM Totals

==============================================================================

    Total RO  Size (Code + RO Data)                24128 (  23.56kB)
    Total RW  Size (RW Data + ZI Data)              6480 (   6.33kB)
    Total ROM Size (Code + RO Data + RW Data)      24276 (  23.71kB)

==============================================================================

