Component: ARM Compiler 5.06 update 4 (build 422) Tool: armlink [4d35d2]

==============================================================================

Section Cross References

    actuators.o(i.vWriteActuatorValues) refers to stm32f3xx_nucleo.o(i.BSP_LED_On) for BSP_LED_On
    actuators.o(i.vWriteActuatorValues) refers to stm32f3xx_nucleo.o(i.BSP_LED_Off) for BSP_LED_Off
    evaluation.o(i.vEvaluate) refers to module_1_transportation.o(i.vEvaluate_Module_1_Transportation) for vEvaluate_Module_1_Transportation
    evaluation.o(i.vEvaluate) refers to module_2_gravity.o(i.vEvaluate_Module_2_Gravity) for vEvaluate_Module_2_Gravity
    evaluation.o(i.vEvaluate) refers to module_3_pumping.o(i.vEvaluate_Module_3_Pumping) for vEvaluate_Module_3_Pumping
    evaluation.o(i.vEvaluate) refers to module_4_pouring.o(i.vEvaluate_Module_4_Pouring) for vEvaluate_Module_4_Pouring
    evaluation.o(i.vEvaluate) refers to module_5_sensors.o(i.vEvaluate_Module_5_Sensors) for vEvaluate_Module_5_Sensors
    evaluation.o(i.vEvaluate) refers to module_6_handling.o(i.vEvaluate_Module_6_Handling) for vEvaluate_Module_6_Handling
    main.o(i.main) refers to hardwaresetup.o(i.hardware_prvHardwareSetup) for hardware_prvHardwareSetup
    main.o(i.main) refers to tasks.o(i.xTaskCreate) for xTaskCreate
    main.o(i.main) refers to tasks.o(i.vTaskStartScheduler) for vTaskStartScheduler
    main.o(i.main) refers to stm32f3xx_nucleo.o(i.BSP_LED_On) for BSP_LED_On
    main.o(i.main) refers to main.o(i.vMainCycle) for vMainCycle
    main.o(i.vMainCycle) refers to tasks.o(i.xTaskGetTickCount) for xTaskGetTickCount
    main.o(i.vMainCycle) refers to sensors.o(i.vReadSensorValues) for vReadSensorValues
    main.o(i.vMainCycle) refers to evaluation.o(i.vEvaluate) for vEvaluate
    main.o(i.vMainCycle) refers to actuators.o(i.vWriteActuatorValues) for vWriteActuatorValues
    main.o(i.vMainCycle) refers to noretval__2printf.o(.text) for __2printf
    main.o(i.vMainCycle) refers to tasks.o(i.vTaskDelayUntil) for vTaskDelayUntil
    main.o(i.vMainCycle) refers to main.o(.data) for Input_Storage
    main.o(i.vMainCycle) refers to main.o(.bss) for System_State
    sensors.o(i.vReadSensorValues) refers to stm32f3xx_hal_gpio.o(i.HAL_GPIO_ReadPin) for HAL_GPIO_ReadPin
    hardwaresetup.o(i.SystemClock_Config) refers to stm32f3xx_hal_rcc.o(i.HAL_RCC_OscConfig) for HAL_RCC_OscConfig
    hardwaresetup.o(i.SystemClock_Config) refers to hardwaresetup.o(i.Error_Handler) for Error_Handler
    hardwaresetup.o(i.SystemClock_Config) refers to stm32f3xx_hal_rcc.o(i.HAL_RCC_ClockConfig) for HAL_RCC_ClockConfig
    hardwaresetup.o(i.hardware_prvHardwareSetup) refers to stm32f3xx_hal.o(i.HAL_Init) for HAL_Init
    hardwaresetup.o(i.hardware_prvHardwareSetup) refers to hardwaresetup.o(i.SystemClock_Config) for SystemClock_Config
    hardwaresetup.o(i.hardware_prvHardwareSetup) refers to stm32f3xx_hal_gpio.o(i.HAL_GPIO_Init) for HAL_GPIO_Init
    hardwaresetup.o(i.hardware_prvHardwareSetup) refers to hardwaresetup.o(.bss) for GPIO_BUTTON
    startup_stm32f303xe.o(STACK) refers (Special) to heapauxi.o(.text) for __use_two_region_memory
    startup_stm32f303xe.o(HEAP) refers (Special) to heapauxi.o(.text) for __use_two_region_memory
    startup_stm32f303xe.o(RESET) refers (Special) to heapauxi.o(.text) for __use_two_region_memory
    startup_stm32f303xe.o(RESET) refers to startup_stm32f303xe.o(STACK) for __initial_sp
    startup_stm32f303xe.o(RESET) refers to startup_stm32f303xe.o(.text) for Reset_Handler
    startup_stm32f303xe.o(RESET) refers to port.o(.emb_text) for SVC_Handler
    startup_stm32f303xe.o(RESET) refers to port.o(i.SysTick_Handler) for SysTick_Handler
    startup_stm32f303xe.o(.text) refers (Special) to heapauxi.o(.text) for __use_two_region_memory
    startup_stm32f303xe.o(.text) refers to system_stm32f3xx.o(i.SystemInit) for SystemInit
    startup_stm32f303xe.o(.text) refers to __main.o(!!!main) for __main
    startup_stm32f303xe.o(.text) refers to startup_stm32f303xe.o(HEAP) for Heap_Mem
    startup_stm32f303xe.o(.text) refers to startup_stm32f303xe.o(STACK) for Stack_Mem
    system_stm32f3xx.o(i.SystemCoreClockUpdate) refers to system_stm32f3xx.o(.data) for SystemCoreClock
    system_stm32f3xx.o(i.SystemCoreClockUpdate) refers to system_stm32f3xx.o(.constdata) for AHBPrescTable
    stm32f3xx_hal.o(i.HAL_DeInit) refers to stm32f3xx_hal.o(i.HAL_MspDeInit) for HAL_MspDeInit
    stm32f3xx_hal.o(i.HAL_Delay) refers to stm32f3xx_hal.o(i.HAL_GetTick) for HAL_GetTick
    stm32f3xx_hal.o(i.HAL_GetTick) refers to stm32f3xx_hal.o(.data) for uwTick
    stm32f3xx_hal.o(i.HAL_IncTick) refers to stm32f3xx_hal.o(.data) for uwTick
    stm32f3xx_hal.o(i.HAL_Init) refers to stm32f3xx_hal_cortex.o(i.HAL_NVIC_SetPriorityGrouping) for HAL_NVIC_SetPriorityGrouping
    stm32f3xx_hal.o(i.HAL_Init) refers to stm32f3xx_hal.o(i.HAL_InitTick) for HAL_InitTick
    stm32f3xx_hal.o(i.HAL_Init) refers to stm32f3xx_hal.o(i.HAL_MspInit) for HAL_MspInit
[...]
    .ARM.Collect$$rtentry$$0000000D          0x0800022e   Section        8  __rtentry2.o(.ARM.Collect$$rtentry$$0000000D)
    .ARM.Collect$$rtexit$$00000000           0x08000236   Section        2  rtexit.o(.ARM.Collect$$rtexit$$00000000)
    .ARM.Collect$$rtexit$$00000002           0x08000238   Section        0  rtexit2.o(.ARM.Collect$$rtexit$$00000002)
    .ARM.Collect$$rtexit$$00000003           0x08000238   Section        4  rtexit2.o(.ARM.Collect$$rtexit$$00000003)
    .ARM.Collect$$rtexit$$00000004           0x0800023c   Section        6  rtexit2.o(.ARM.Collect$$rtexit$$00000004)
    .emb_text                                0x08000244   Section      182  port.o(.emb_text)
    $v0                                      0x08000244   Number         0  port.o(.emb_text)
    .emb_text                                0x080002fc   Section        0  maybetermalloc1.o(.emb_text)
    .text                                    0x080002fc   Section       64  startup_stm32f303xe.o(.text)
    $v0                                      0x080002fc   Number         0  startup_stm32f303xe.o(.text)
    .text                                    0x0800033c   Section        0  noretval__2printf.o(.text)
    .text                                    0x08000354   Section      138  rt_memcpy_v6.o(.text)
    .text                                    0x080003de   Section      100  rt_memcpy_w.o(.text)
    .text                                    0x08000442   Section       78  rt_memclr_w.o(.text)
    .text                                    0x08000490   Section      128  strcmpv7m.o(.text)
    .text                                    0x08000510   Section        0  heapauxi.o(.text)
    .text                                    0x08000518   Section        0  _printf_char_file.o(.text)
    .text                                    0x0800053c   Section        0  _printf_char_common.o(.text)
    _printf_input_char                       0x0800053d   Thumb Code    10  _printf_char_common.o(.text)
    .text                                    0x0800056c   Section        0  ferror.o(.text)
    .text                                    0x08000574   Section        0  initio.o(.text)
    .text                                    0x080006ac   Section       74  sys_stackheap_outer.o(.text)
    .text                                    0x080006f6   Section        0  h1_free.o(.text)
    .text                                    0x08000744   Section        0  __printf_nopercent.o(.text)
    .text                                    0x0800076c   Section        0  flsbuf.o(.text)
    .text                                    0x08000942   Section        0  setvbuf.o(.text)
    .text                                    0x08000988   Section        0  fopen.o(.text)
    _freopen_locked                          0x08000989   Thumb Code     0  fopen.o(.text)
    .text                                    0x08000a74   Section        0  fclose.o(.text)
    .text                                    0x08000ac0   Section        0  exit.o(.text)
    .text                                    0x08000ad2   Section        0  defsig_rtred_outer.o(.text)
    .text                                    0x08000ae0   Section        8  libspace.o(.text)
    .text                                    0x08000ae8   Section        8  rt_heap_descriptor_intlibspace.o(.text)
    .text                                    0x08000af0   Section        0  hguard.o(.text)
    .text                                    0x08000af4   Section        0  init_alloc.o(.text)
    .text                                    0x08000b7e   Section        0  h1_alloc.o(.text)
    .text                                    0x08000bdc   Section        0  fseek.o(.text)
    .text                                    0x08000cd4   Section        0  stdio.o(.text)
    .text                                    0x08000dc4   Section        0  defsig_exit.o(.text)
    .text                                    0x08000dd0   Section        0  defsig_rtred_inner.o(.text)
    .text                                    0x08000e04   Section        0  sys_exit.o(.text)
    .text                                    0x08000e10   Section        0  h1_init.o(.text)
    .text                                    0x08000e1e   Section        0  h1_extend.o(.text)
    .text                                    0x08000e52   Section        0  ftell.o(.text)
    .text                                    0x08000e94   Section        0  defsig_general.o(.text)
    .text                                    0x08000ec6   Section        0  defsig_rtmem_outer.o(.text)
    .text                                    0x08000ed4   Section        0  sys_wrch.o(.text)
    .text                                    0x08000ee2   Section        2  use_no_semi.o(.text)
    .text                                    0x08000ee4   Section        0  indicate_semi.o(.text)
    .text                                    0x08000ee4   Section        8  rt_errno_addr_intlibspace.o(.text)
    .text                                    0x08000eec   Section        0  defsig_rtmem_inner.o(.text)
    i.BSP_LED_Off                            0x08000f3c   Section        0  stm32f3xx_nucleo.o(i.BSP_LED_Off)
    i.BSP_LED_On                             0x08000f5c   Section        0  stm32f3xx_nucleo.o(i.BSP_LED_On)
    i.Error_Handler                          0x08000f7c   Section        0  hardwaresetup.o(i.Error_Handler)
    Error_Handler                            0x08000f7d   Thumb Code     4  hardwaresetup.o(i.Error_Handler)
    i.HAL_GPIO_Init                          0x08000f80   Section        0  stm32f3xx_hal_gpio.o(i.HAL_GPIO_Init)
    i.HAL_GPIO_ReadPin                       0x08001168   Section        0  stm32f3xx_hal_gpio.o(i.HAL_GPIO_ReadPin)
    i.HAL_GPIO_WritePin                      0x08001178   Section        0  stm32f3xx_hal_gpio.o(i.HAL_GPIO_WritePin)
    i.HAL_GetTick                            0x08001184   Section        0  stm32f3xx_hal.o(i.HAL_GetTick)
    i.HAL_Init                               0x08001190   Section        0  stm32f3xx_hal.o(i.HAL_Init)
    i.HAL_InitTick                           0x080011b8   Section        0  stm32f3xx_hal.o(i.HAL_InitTick)
    i.HAL_MspInit                            0x080011e0   Section        0  stm32f3xx_hal.o(i.HAL_MspInit)
    i.HAL_NVIC_SetPriority                   0x080011e2   Section        0  stm32f3xx_hal_cortex.o(i.HAL_NVIC_SetPriority)
    i.HAL_NVIC_SetPriorityGrouping           0x08001260   Section        0  stm32f3xx_hal_cortex.o(i.HAL_NVIC_SetPriorityGrouping)
    i.HAL_RCC_ClockConfig                    0x08001288   Section        0  stm32f3xx_hal_rcc.o(i.HAL_RCC_ClockConfig)
    i.HAL_RCC_GetSysClockFreq                0x08001574   Section        0  stm32f3xx_hal_rcc.o(i.HAL_RCC_GetSysClockFreq)
    i.HAL_RCC_OscConfig                      0x08001608   Section        0  stm32f3xx_hal_rcc.o(i.HAL_RCC_OscConfig)
    i.HAL_SYSTICK_Config                     0x08002010   Section        0  stm32f3xx_hal_cortex.o(i.HAL_SYSTICK_Config)
    i.ITM_SendChar                           0x08002044   Section        0  retarget_io.o(i.ITM_SendChar)
    i.SysTick_Handler                        0x08002074   Section        0  port.o(i.SysTick_Handler)
    i.SystemClock_Config                     0x080020a8   Section        0  hardwaresetup.o(i.SystemClock_Config)
    SystemClock_Config                       0x080020a9   Thumb Code    82  hardwaresetup.o(i.SystemClock_Config)
    i.SystemInit                             0x080020fc   Section        0  system_stm32f3xx.o(i.SystemInit)
    i.__NVIC_GetPriorityGrouping             0x08002178   Section        0  stm32f3xx_hal_cortex.o(i.__NVIC_GetPriorityGrouping)
    __NVIC_GetPriorityGrouping               0x08002179   Thumb Code    10  stm32f3xx_hal_cortex.o(i.__NVIC_GetPriorityGrouping)
    i.__NVIC_SetPriority                     0x08002188   Section        0  stm32f3xx_hal_cortex.o(i.__NVIC_SetPriority)
    __NVIC_SetPriority                       0x08002189   Thumb Code    32  stm32f3xx_hal_cortex.o(i.__NVIC_SetPriority)
    i._sys_close                             0x080021b0   Section        0  retarget_io.o(i._sys_close)
    i._sys_flen                              0x080021d6   Section        0  retarget_io.o(i._sys_flen)
    i._sys_istty                             0x080021fa   Section        0  retarget_io.o(i._sys_istty)
    i._sys_open                              0x08002220   Section        0  retarget_io.o(i._sys_open)
    i._sys_seek                              0x08002288   Section        0  retarget_io.o(i._sys_seek)
    i._sys_write                             0x080022b4   Section        0  retarget_io.o(i._sys_write)
    i.fputc                                  0x080022fa   Section        0  fputc.o(i.fputc)
    i.hardware_prvHardwareSetup              0x08002314   Section        0  hardwaresetup.o(i.hardware_prvHardwareSetup)
    i.main                                   0x08002394   Section        0  main.o(i.main)
    i.prvAddCurrentTaskToDelayedList         0x080023cc   Section        0  tasks.o(i.prvAddCurrentTaskToDelayedList)
    prvAddCurrentTaskToDelayedList           0x080023cd   Thumb Code   124  tasks.o(i.prvAddCurrentTaskToDelayedList)
    i.prvAddNewTaskToReadyList               0x08002464   Section        0  tasks.o(i.prvAddNewTaskToReadyList)
    prvAddNewTaskToReadyList                 0x08002465   Thumb Code   150  tasks.o(i.prvAddNewTaskToReadyList)
    i.prvCheckForValidListAndQueue           0x08002518   Section        0  timers.o(i.prvCheckForValidListAndQueue)
    prvCheckForValidListAndQueue             0x08002519   Thumb Code    56  timers.o(i.prvCheckForValidListAndQueue)
    i.prvCheckTasksWaitingTermination        0x08002564   Section        0  tasks.o(i.prvCheckTasksWaitingTermination)
    prvCheckTasksWaitingTermination          0x08002565   Thumb Code    86  tasks.o(i.prvCheckTasksWaitingTermination)
    i.prvCopyDataFromQueue                   0x080025c8   Section        0  queue.o(i.prvCopyDataFromQueue)
    prvCopyDataFromQueue                     0x080025c9   Thumb Code    42  queue.o(i.prvCopyDataFromQueue)
    i.prvCopyDataToQueue                     0x080025f2   Section        0  queue.o(i.prvCopyDataToQueue)
    prvCopyDataToQueue                       0x080025f3   Thumb Code   124  queue.o(i.prvCopyDataToQueue)
    i.prvDeleteTCB                           0x0800266e   Section        0  tasks.o(i.prvDeleteTCB)
    prvDeleteTCB                             0x0800266f   Thumb Code    18  tasks.o(i.prvDeleteTCB)
    i.prvGetNextExpireTime                   0x08002680   Section        0  timers.o(i.prvGetNextExpireTime)
    prvGetNextExpireTime                     0x08002681   Thumb Code    36  timers.o(i.prvGetNextExpireTime)
    i.prvHeapInit                            0x080026a8   Section        0  heap_2.o(i.prvHeapInit)
    prvHeapInit                              0x080026a9   Thumb Code    42  heap_2.o(i.prvHeapInit)
    i.prvIdleTask                            0x080026e0   Section        0  tasks.o(i.prvIdleTask)
    prvIdleTask                              0x080026e1   Thumb Code    32  tasks.o(i.prvIdleTask)
    i.prvInitialiseNewQueue                  0x08002708   Section        0  queue.o(i.prvInitialiseNewQueue)
    prvInitialiseNewQueue                    0x08002709   Thumb Code    42  queue.o(i.prvInitialiseNewQueue)
    i.prvInitialiseNewTask                   0x08002732   Section        0  tasks.o(i.prvInitialiseNewTask)
    prvInitialiseNewTask                     0x08002733   Thumb Code   170  tasks.o(i.prvInitialiseNewTask)
    i.prvInitialiseTaskLists                 0x080027dc   Section        0  tasks.o(i.prvInitialiseTaskLists)
    prvInitialiseTaskLists                   0x080027dd   Thumb Code    70  tasks.o(i.prvInitialiseTaskLists)
    i.prvInsertTimerInActiveList             0x08002844   Section        0  timers.o(i.prvInsertTimerInActiveList)
    prvInsertTimerInActiveList               0x08002845   Thumb Code    80  timers.o(i.prvInsertTimerInActiveList)
    i.prvIsQueueEmpty                        0x0800289c   Section        0  queue.o(i.prvIsQueueEmpty)
    prvIsQueueEmpty                          0x0800289d   Thumb Code    26  queue.o(i.prvIsQueueEmpty)
    i.prvIsQueueFull                         0x080028b6   Section        0  queue.o(i.prvIsQueueFull)
    prvIsQueueFull                           0x080028b7   Thumb Code    30  queue.o(i.prvIsQueueFull)
    i.prvNotifyQueueSetContainer             0x080028d4   Section        0  queue.o(i.prvNotifyQueueSetContainer)
    prvNotifyQueueSetContainer               0x080028d5   Thumb Code   144  queue.o(i.prvNotifyQueueSetContainer)
    i.prvProcessExpiredTimer                 0x08002964   Section        0  timers.o(i.prvProcessExpiredTimer)
    prvProcessExpiredTimer                   0x08002965   Thumb Code    94  timers.o(i.prvProcessExpiredTimer)
    i.prvProcessReceivedCommands             0x080029c8   Section        0  timers.o(i.prvProcessReceivedCommands)
    prvProcessReceivedCommands               0x080029c9   Thumb Code   242  timers.o(i.prvProcessReceivedCommands)
    i.prvProcessTimerOrBlockTask             0x08002ac0   Section        0  timers.o(i.prvProcessTimerOrBlockTask)
    prvProcessTimerOrBlockTask               0x08002ac1   Thumb Code   102  timers.o(i.prvProcessTimerOrBlockTask)
    i.prvResetNextTaskUnblockTime            0x08002b34   Section        0  tasks.o(i.prvResetNextTaskUnblockTime)
    prvResetNextTaskUnblockTime              0x08002b35   Thumb Code    42  tasks.o(i.prvResetNextTaskUnblockTime)
    i.prvSampleTimeNow                       0x08002b68   Section        0  timers.o(i.prvSampleTimeNow)
    prvSampleTimeNow                         0x08002b69   Thumb Code    40  timers.o(i.prvSampleTimeNow)
    i.prvSwitchTimerLists                    0x08002b94   Section        0  timers.o(i.prvSwitchTimerLists)
    prvSwitchTimerLists                      0x08002b95   Thumb Code   150  timers.o(i.prvSwitchTimerLists)
    i.prvTaskExitError                       0x08002c34   Section        0  port.o(i.prvTaskExitError)
    prvTaskExitError                         0x08002c35   Thumb Code    60  port.o(i.prvTaskExitError)
    i.prvTimerTask                           0x08002c74   Section        0  timers.o(i.prvTimerTask)
    prvTimerTask                             0x08002c75   Thumb Code    26  timers.o(i.prvTimerTask)
    i.prvUnlockQueue                         0x08002c8e   Section        0  queue.o(i.prvUnlockQueue)
    prvUnlockQueue                           0x08002c8f   Thumb Code   146  queue.o(i.prvUnlockQueue)
    i.pvPortMalloc                           0x08002d20   Section        0  heap_2.o(i.pvPortMalloc)
    i.pvTaskIncrementMutexHeldCount          0x08002dd8   Section        0  tasks.o(i.pvTaskIncrementMutexHeldCount)
    i.pxPortInitialiseStack                  0x08002df8   Section        0  port.o(i.pxPortInitialiseStack)
    i.stdout_putchar                         0x08002e24   Section        0  retarget_io.o(i.stdout_putchar)
    stdout_putchar                           0x08002e25   Thumb Code    12  retarget_io.o(i.stdout_putchar)
    i.uxListRemove                           0x08002e30   Section        0  list.o(i.uxListRemove)
    i.vEvaluate                              0x08002e58   Section        0  evaluation.o(i.vEvaluate)
    i.vEvaluate_Module_1_Transportation      0x08002eb6   Section        0  module_1_transportation.o(i.vEvaluate_Module_1_Transportation)
    i.vEvaluate_Module_2_Gravity             0x08002eb8   Section        0  module_2_gravity.o(i.vEvaluate_Module_2_Gravity)
    i.vEvaluate_Module_3_Pumping             0x08002eba   Section        0  module_3_pumping.o(i.vEvaluate_Module_3_Pumping)
    i.vEvaluate_Module_4_Pouring             0x08002ebc   Section        0  module_4_pouring.o(i.vEvaluate_Module_4_Pouring)
    i.vEvaluate_Module_5_Sensors             0x08002ebe   Section        0  module_5_sensors.o(i.vEvaluate_Module_5_Sensors)
    i.vEvaluate_Module_6_Handling            0x08002ec0   Section        0  module_6_handling.o(i.vEvaluate_Module_6_Handling)
    i.vListInitialise                        0x08002ec2   Section        0  list.o(i.vListInitialise)
    i.vListInitialiseItem                    0x08002edc   Section        0  list.o(i.vListInitialiseItem)
    i.vListInsert                            0x08002ee2   Section        0  list.o(i.vListInsert)
    i.vListInsertEnd                         0x08002f16   Section        0  list.o(i.vListInsertEnd)
    i.vMainCycle                             0x08002f30   Section        0  main.o(i.vMainCycle)
    vMainCycle                               0x08002f31   Thumb Code    60  main.o(i.vMainCycle)
    i.vPortEnterCritical                     0x08002f88   Section        0  port.o(i.vPortEnterCritical)
    i.vPortExitCritical                      0x08002fdc   Section        0  port.o(i.vPortExitCritical)
    i.vPortFree                              0x08003018   Section        0  heap_2.o(i.vPortFree)
    i.vPortSetupTimerInterrupt               0x08003058   Section        0  port.o(i.vPortSetupTimerInterrupt)
    i.vPortValidateInterruptPriority         0x08003078   Section        0  port.o(i.vPortValidateInterruptPriority)
    i.vQueueWaitForMessageRestricted         0x080030f0   Section        0  queue.o(i.vQueueWaitForMessageRestricted)
    i.vReadSensorValues                      0x0800313c   Section        0  sensors.o(i.vReadSensorValues)
    i.vTaskDelayUntil                        0x08003154   Section        0  tasks.o(i.vTaskDelayUntil)
    i.vTaskMissedYield                       0x08003228   Section        0  tasks.o(i.vTaskMissedYield)
    i.vTaskPlaceOnEventList                  0x08003234   Section        0  tasks.o(i.vTaskPlaceOnEventList)
    i.vTaskPlaceOnEventListRestricted        0x0800326c   Section        0  tasks.o(i.vTaskPlaceOnEventListRestricted)
    i.vTaskPriorityInherit                   0x080032ac   Section        0  tasks.o(i.vTaskPriorityInherit)
    i.vTaskSetTimeOutState                   0x0800335c   Section        0  tasks.o(i.vTaskSetTimeOutState)
    i.vTaskStartScheduler                    0x0800338c   Section        0  tasks.o(i.vTaskStartScheduler)
    i.vTaskSuspendAll                        0x08003420   Section        0  tasks.o(i.vTaskSuspendAll)
    i.vTaskSwitchContext                     0x08003430   Section        0  tasks.o(i.vTaskSwitchContext)
    i.vWriteActuatorValues                   0x080034bc   Section        0  actuators.o(i.vWriteActuatorValues)
    i.xPortStartScheduler                    0x080034d8   Section        0  port.o(i.xPortStartScheduler)
    i.xQueueGenericCreate                    0x08003614   Section        0  queue.o(i.xQueueGenericCreate)
    i.xQueueGenericReceive                   0x0800366c   Section        0  queue.o(i.xQueueGenericReceive)
    i.xQueueGenericReset                     0x08003830   Section        0  queue.o(i.xQueueGenericReset)
    i.xQueueGenericSend                      0x080038c8   Section        0  queue.o(i.xQueueGenericSend)
    i.xQueueGenericSendFromISR               0x08003a90   Section        0  queue.o(i.xQueueGenericSendFromISR)
    i.xTaskCheckForTimeOut                   0x08003b98   Section        0  tasks.o(i.xTaskCheckForTimeOut)
    i.xTaskCreate                            0x08003c24   Section        0  tasks.o(i.xTaskCreate)
    i.xTaskGetSchedulerState                 0x08003c84   Section        0  tasks.o(i.xTaskGetSchedulerState)
    i.xTaskGetTickCount                      0x08003ca4   Section        0  tasks.o(i.xTaskGetTickCount)
    i.xTaskIncrementTick                     0x08003cb0   Section        0  tasks.o(i.xTaskIncrementTick)
    i.xTaskPriorityDisinherit                0x08003df8   Section        0  tasks.o(i.xTaskPriorityDisinherit)
    i.xTaskRemoveFromEventList               0x08003ec0   Section        0  tasks.o(i.xTaskRemoveFromEventList)
    i.xTaskResumeAll                         0x08003f58   Section        0  tasks.o(i.xTaskResumeAll)
    i.xTimerCreateTimerTask                  0x0800405c   Section        0  timers.o(i.xTimerCreateTimerTask)
    i.xTimerGenericCommand                   0x080040b4   Section        0  timers.o(i.xTimerGenericCommand)
    x$fpl$fpinit                             0x08004138   Section       10  fpinit.o(x$fpl$fpinit)
    $v0                                      0x08004138   Number         0  fpinit.o(x$fpl$fpinit)
    .constdata                               0x08004142   Section       24  system_stm32f3xx.o(.constdata)
    .constdata                               0x0800415a   Section       32  stm32f3xx_hal_rcc.o(.constdata)
    .constdata                               0x0800417a   Section        5  stm32f3xx_nucleo.o(.constdata)
    .constdata                               0x0800417f   Section       23  retarget_io.o(.constdata)
    .data                                    0x20000000   Section        2  main.o(.data)
    .data                                    0x20000004   Section        4  system_stm32f3xx.o(.data)
    .data                                    0x20000008   Section        4  stm32f3xx_hal.o(.data)
    .data                                    0x2000000c   Section        8  stm32f3xx_nucleo.o(.data)
    .data                                    0x20000014   Section       24  heap_2.o(.data)
    xStart                                   0x20000014   Data           8  heap_2.o(.data)
    xEnd                                     0x2000001c   Data           8  heap_2.o(.data)
    xFreeBytesRemaining                      0x20000024   Data           4  heap_2.o(.data)
    xHeapHasBeenInitialised                  0x20000028   Data           4  heap_2.o(.data)
    .data                                    0x2000002c   Section       12  port.o(.data)
    uxCriticalNesting                        0x2000002c   Data           4  port.o(.data)
    ucMaxSysCallPriority                     0x20000030   Data           1  port.o(.data)
    ulMaxPRIGROUPValue                       0x20000034   Data           4  port.o(.data)
    .data                                    0x20000038   Section       60  tasks.o(.data)
    pxDelayedTaskList                        0x2000003c   Data           4  tasks.o(.data)
    pxOverflowDelayedTaskList                0x20000040   Data           4  tasks.o(.data)
    uxDeletedTasksWaitingCleanUp             0x20000044   Data           4  tasks.o(.data)
    uxCurrentNumberOfTasks                   0x20000048   Data           4  tasks.o(.data)
    xTickCount                               0x2000004c   Data           4  tasks.o(.data)
    uxTopReadyPriority                       0x20000050   Data           4  tasks.o(.data)
    xSchedulerRunning                        0x20000054   Data           4  tasks.o(.data)
    uxPendedTicks                            0x20000058   Data           4  tasks.o(.data)
    xYieldPending                            0x2000005c   Data           4  tasks.o(.data)
    xNumOfOverflows                          0x20000060   Data           4  tasks.o(.data)
    uxTaskNumber                             0x20000064   Data           4  tasks.o(.data)
    xNextTaskUnblockTime                     0x20000068   Data           4  tasks.o(.data)
    xIdleTaskHandle                          0x2000006c   Data           4  tasks.o(.data)
    uxSchedulerSuspended                     0x20000070   Data           4  tasks.o(.data)
    .data                                    0x20000074   Section       20  timers.o(.data)
    pxCurrentTimerList                       0x20000074   Data           4  timers.o(.data)
    pxOverflowTimerList                      0x20000078   Data           4  timers.o(.data)
    xTimerQueue                              0x2000007c   Data           4  timers.o(.data)
    xTimerTaskHandle                         0x20000080   Data           4  timers.o(.data)
    xLastTime                                0x20000084   Data           4  timers.o(.data)
    .data                                    0x20000088   Section        4  stdio_streams.o(.data)
    .data                                    0x2000008c   Section        4  stdio_streams.o(.data)
    .data                                    0x20000090   Section        4  stdio_streams.o(.data)
    .bss                                     0x20000094   Section       68  main.o(.bss)
    GPIO_LED                                 0x20000094   Data          20  main.o(.bss)
    GPIO_BUTTON                              0x200000a8   Data          20  main.o(.bss)
    .bss                                     0x200000d8   Section       40  hardwaresetup.o(.bss)
    GPIO_LED                                 0x200000d8   Data          20  hardwaresetup.o(.bss)
    GPIO_BUTTON                              0x200000ec   Data          20  hardwaresetup.o(.bss)
    .bss                                     0x20000100   Section     4096  heap_2.o(.bss)
    ucHeap                                   0x20000100   Data        4096  heap_2.o(.bss)
    .bss                                     0x20001100   Section      200  tasks.o(.bss)
    pxReadyTasksLists                        0x20001100   Data         100  tasks.o(.bss)
    xDelayedTaskList1                        0x20001164   Data          20  tasks.o(.bss)
    xDelayedTaskList2                        0x20001178   Data          20  tasks.o(.bss)
    xPendingReadyList                        0x2000118c   Data          20  tasks.o(.bss)
    xTasksWaitingTermination                 0x200011a0   Data          20  tasks.o(.bss)
    xSuspendedTaskList                       0x200011b4   Data          20  tasks.o(.bss)
    .bss                                     0x200011c8   Section       40  timers.o(.bss)
    xActiveTimerList1                        0x200011c8   Data          20  timers.o(.bss)
    xActiveTimerList2                        0x200011dc   Data          20  timers.o(.bss)
    .bss                                     0x200011f0   Section       84  stdio_streams.o(.bss)
    .bss                                     0x20001244   Section       84  stdio_streams.o(.bss)
    .bss                                     0x20001298   Section       84  stdio_streams.o(.bss)
    .bss                                     0x200012ec   Section       96  libspace.o(.bss)
    HEAP                                     0x20001350   Section      512  startup_stm32f303xe.o(HEAP)
    Heap_Mem                                 0x20001350   Data         512  startup_stm32f303xe.o(HEAP)
    STACK                                    0x20001550   Section     1024  startup_stm32f303xe.o(STACK)
    Stack_Mem                                0x20001550   Data        1024  startup_stm32f303xe.o(STACK)
    __initial_sp                             0x20001950   Data           0  startup_stm32f303xe.o(STACK)

    Global Symbols

    Symbol Name                              Value     Ov Type        Size  Object(Section)

    BuildAttributes$$THM_ISAv4$E$P$D$K$B$S$7EM$VFPi3$EXTD16$VFPS$VFMA$PE$A:L22UL41UL21$X:L11$S22US41US21$IEEE1$IW$USESV6$~STKCKD$USESV7$~SHL$OTIME$ROPI$EBA8$UX$STANDARDLIB$REQ8$PRES8$EABIv2 0x00000000   Number         0  anon$$obj.o ABSOLUTE
    __ARM_use_no_argv                        0x00000000   Number         0  main.o ABSOLUTE
    __ARM_exceptions_init                     - Undefined Weak Reference
    __alloca_initialize                       - Undefined Weak Reference
    __arm_preinit_                            - Undefined Weak Reference
    __cpp_initialize__aeabi_                  - Undefined Weak Reference
    __cxa_finalize                            - Undefined Weak Reference
    __rt_locale                               - Undefined Weak Reference
    __sigvec_lookup                           - Undefined Weak Reference
    __user_heap_extent                        - Undefined Weak Reference
    _atexit_init                              - Undefined Weak Reference
    _call_atexit_fns                          - Undefined Weak Reference
    _clock_init                               - Undefined Weak Reference
    _fp_trap_init                             - Undefined Weak Reference
    _fp_trap_shutdown                         - Undefined Weak Reference
    _get_lc_collate                           - Undefined Weak Reference
    _get_lc_ctype                             - Undefined Weak Reference
    _get_lc_monetary                          - Undefined Weak Reference
    _get_lc_numeric                           - Undefined Weak Reference
    _get_lc_time                              - Undefined Weak Reference
    _getenv_init                              - Undefined Weak Reference
    _handle_redirection                       - Undefined Weak Reference
    _mutex_acquire                            - Undefined Weak Reference
    _mutex_free                               - Undefined Weak Reference
    _mutex_release                            - Undefined Weak Reference
    _rand_init                                - Undefined Weak Reference
    _signal_finish                            - Undefined Weak Reference
    _signal_init                              - Undefined Weak Reference
    __Vectors_Size                           0x00000194   Number         0  startup_stm32f303xe.o ABSOLUTE
    __Vectors                                0x08000000   Data           4  startup_stm32f303xe.o(RESET)
    __Vectors_End                            0x08000194   Data           0  startup_stm32f303xe.o(RESET)
    __main                                   0x08000195   Thumb Code     8  __main.o(!!!main)
    __scatterload                            0x0800019d   Thumb Code     0  __scatter.o(!!!scatter)
    __scatterload_rt2                        0x0800019d   Thumb Code    44  __scatter.o(!!!scatter)
    __scatterload_rt2_thumb_only             0x0800019d   Thumb Code     0  __scatter.o(!!!scatter)
    __scatterload_null                       0x080001ab   Thumb Code     0  __scatter.o(!!!scatter)
    __scatterload_copy                       0x080001d1   Thumb Code    26  __scatter_copy.o(!!handler_copy)
    __scatterload_zeroinit                   0x080001ed   Thumb Code    28  __scatter_zi.o(!!handler_zi)
    __rt_lib_init                            0x08000209   Thumb Code     0  libinit.o(.ARM.Collect$$libinit$$00000000)
    __rt_lib_init_fp_1                       0x0800020b   Thumb Code     0  libinit2.o(.ARM.Collect$$libinit$$00000001)
    __rt_lib_init_heap_2                     0x0800020f   Thumb Code     0  libinit2.o(.ARM.Collect$$libinit$$00000005)
    __rt_lib_init_preinit_1                  0x0800020f   Thumb Code     0  libinit2.o(.ARM.Collect$$libinit$$00000004)
    __rt_lib_init_atexit_1                   0x08000217   Thumb Code     0  libinit2.o(.ARM.Collect$$libinit$$0000001B)
    __rt_lib_init_clock_1                    0x08000217   Thumb Code     0  libinit2.o(.ARM.Collect$$libinit$$00000021)
    __rt_lib_init_fp_trap_1                  0x08000217   Thumb Code     0  libinit2.o(.ARM.Collect$$libinit$$0000001F)
    __rt_lib_init_getenv_1                   0x08000217   Thumb Code     0  libinit2.o(.ARM.Collect$$libinit$$00000023)
    __rt_lib_init_heap_1                     0x08000217   Thumb Code     0  libinit2.o(.ARM.Collect$$libinit$$0000000A)
    __rt_lib_init_lc_collate_1               0x08000217   Thumb Code     0  libinit2.o(.ARM.Collect$$libinit$$00000011)
    __rt_lib_init_lc_ctype_1                 0x08000217   Thumb Code     0  libinit2.o(.ARM.Collect$$libinit$$00000013)
    __rt_lib_init_lc_monetary_1              0x08000217   Thumb Code     0  libinit2.o(.ARM.Collect$$libinit$$00000015)
    __rt_lib_init_lc_numeric_1               0x08000217   Thumb Code     0  libinit2.o(.ARM.Collect$$libinit$$00000017)
    __rt_lib_init_lc_time_1                  0x08000217   Thumb Code     0  libinit2.o(.ARM.Collect$$libinit$$00000019)
    __rt_lib_init_rand_1                     0x08000217   Thumb Code     0  libinit2.o(.ARM.Collect$$libinit$$0000000E)
    __rt_lib_init_signal_1                   0x08000217   Thumb Code     0  libinit2.o(.ARM.Collect$$libinit$$0000001D)
    __rt_lib_init_stdio_2                    0x08000217   Thumb Code     0  libinit2.o(.ARM.Collect$$libinit$$00000024)
    __rt_lib_init_user_alloc_1               0x08000217   Thumb Code     0  libinit2.o(.ARM.Collect$$libinit$$0000000C)
    __rt_lib_init_alloca_1                   0x0800021b   Thumb Code     0  libinit2.o(.ARM.Collect$$libinit$$0000002E)
    __rt_lib_init_argv_1                     0x0800021b   Thumb Code     0  libinit2.o(.ARM.Collect$$libinit$$0000002C)
    __rt_lib_init_cpp_1                      0x0800021b   Thumb Code     0  libinit2.o(.ARM.Collect$$libinit$$00000032)
    __rt_lib_init_exceptions_1               0x0800021b   Thumb Code     0  libinit2.o(.ARM.Collect$$libinit$$00000030)
    __rt_lib_init_return                     0x0800021b   Thumb Code     0  libinit2.o(.ARM.Collect$$libinit$$00000033)
    __rt_lib_init_stdio_1                    0x0800021b   Thumb Code     0  libinit2.o(.ARM.Collect$$libinit$$00000025)
    __rt_lib_shutdown                        0x0800021d   Thumb Code     0  libshutdown.o(.ARM.Collect$$libshutdown$$00000000)
    __rt_lib_shutdown_cpp_1                  0x0800021f   Thumb Code     0  libshutdown2.o(.ARM.Collect$$libshutdown$$00000002)
    __rt_lib_shutdown_stdio_2                0x0800021f   Thumb Code     0  libshutdown2.o(.ARM.Collect$$libshutdown$$00000003)
    __rt_lib_shutdown_fp_trap_1              0x08000223   Thumb Code     0  libshutdown2.o(.ARM.Collect$$libshutdown$$00000007)
    __rt_lib_shutdown_heap_1                 0x08000223   Thumb Code     0  libshutdown2.o(.ARM.Collect$$libshutdown$$0000000F)
    __rt_lib_shutdown_return                 0x08000223   Thumb Code     0  libshutdown2.o(.ARM.Collect$$libshutdown$$00000010)
    __rt_lib_shutdown_signal_1               0x08000223   Thumb Code     0  libshutdown2.o(.ARM.Collect$$libshutdown$$0000000A)
    __rt_lib_shutdown_stdio_1                0x08000223   Thumb Code     0  libshutdown2.o(.ARM.Collect$$libshutdown$$00000004)
    __rt_lib_shutdown_user_alloc_1           0x08000223   Thumb Code     0  libshutdown2.o(.ARM.Collect$$libshutdown$$0000000C)
    __rt_entry                               0x08000225   Thumb Code     0  __rtentry.o(.ARM.Collect$$rtentry$$00000000)
    __rt_entry_presh_1                       0x08000225   Thumb Code     0  __rtentry2.o(.ARM.Collect$$rtentry$$00000002)
    __rt_entry_sh                            0x08000225   Thumb Code     0  __rtentry4.o(.ARM.Collect$$rtentry$$00000004)
    __rt_entry_li                            0x0800022b   Thumb Code     0  __rtentry2.o(.ARM.Collect$$rtentry$$0000000A)
    __rt_entry_postsh_1                      0x0800022b   Thumb Code     0  __rtentry2.o(.ARM.Collect$$rtentry$$00000009)
    __rt_entry_main                          0x0800022f   Thumb Code     0  __rtentry2.o(.ARM.Collect$$rtentry$$0000000D)
    __rt_entry_postli_1                      0x0800022f   Thumb Code     0  __rtentry2.o(.ARM.Collect$$rtentry$$0000000C)
    __rt_exit                                0x08000237   Thumb Code     0  rtexit.o(.ARM.Collect$$rtexit$$00000000)
    __rt_exit_ls                             0x08000239   Thumb Code     0  rtexit2.o(.ARM.Collect$$rtexit$$00000003)
    __rt_exit_prels_1                        0x08000239   Thumb Code     0  rtexit2.o(.ARM.Collect$$rtexit$$00000002)
    __rt_exit_exit                           0x0800023d   Thumb Code     0  rtexit2.o(.ARM.Collect$$rtexit$$00000004)
    SVC_Handler                              0x08000245   Thumb Code    28  port.o(.emb_text)
    __asm___6_port_c_39a90d8d__prvStartFirstTask 0x08000265   Thumb Code    28  port.o(.emb_text)
    __asm___6_port_c_39a90d8d__prvEnableVFP  0x08000285   Thumb Code    16  port.o(.emb_text)
    PendSV_Handler                           0x08000299   Thumb Code    88  port.o(.emb_text)
    vPortGetIPSR                             0x080002f5   Thumb Code     6  port.o(.emb_text)
    Reset_Handler                            0x080002fd   Thumb Code     8  startup_stm32f303xe.o(.text)
    _maybe_terminate_alloc                   0x080002fd   Thumb Code     0  maybetermalloc1.o(.emb_text)
    NMI_Handler                              0x08000305   Thumb Code     2  startup_stm32f303xe.o(.text)
    HardFault_Handler                        0x08000307   Thumb Code     2  startup_stm32f303xe.o(.text)
    MemManage_Handler                        0x08000309   Thumb Code     2  startup_stm32f303xe.o(.text)
    BusFault_Handler                         0x0800030b   Thumb Code     2  startup_stm32f303xe.o(.text)
    UsageFault_Handler                       0x0800030d   Thumb Code     2  startup_stm32f303xe.o(.text)
    DebugMon_Handler                         0x08000311   Thumb Code     2  startup_stm32f303xe.o(.text)
    ADC1_2_IRQHandler                        0x08000317   Thumb Code     0  startup_stm32f303xe.o(.text)
    ADC3_IRQHandler                          0x08000317   Thumb Code     0  startup_stm32f303xe.o(.text)
    ADC4_IRQHandler                          0x08000317   Thumb Code     0  startup_stm32f303xe.o(.text)
    CAN_RX1_IRQHandler                       0x08000317   Thumb Code     0  startup_stm32f303xe.o(.text)
    CAN_SCE_IRQHandler                       0x08000317   Thumb Code     0  startup_stm32f303xe.o(.text)
    COMP1_2_3_IRQHandler                     0x08000317   Thumb Code     0  startup_stm32f303xe.o(.text)
    COMP4_5_6_IRQHandler                     0x08000317   Thumb Code     0  startup_stm32f303xe.o(.text)
    COMP7_IRQHandler                         0x08000317   Thumb Code     0  startup_stm32f303xe.o(.text)
    DMA1_Channel1_IRQHandler                 0x08000317   Thumb Code     0  startup_stm32f303xe.o(.text)
    DMA1_Channel2_IRQHandler                 0x08000317   Thumb Code     0  startup_stm32f303xe.o(.text)
    DMA1_Channel3_IRQHandler                 0x08000317   Thumb Code     0  startup_stm32f303xe.o(.text)
    DMA1_Channel4_IRQHandler                 0x08000317   Thumb Code     0  startup_stm32f303xe.o(.text)
    DMA1_Channel5_IRQHandler                 0x08000317   Thumb Code     0  startup_stm32f303xe.o(.text)
    DMA1_Channel6_IRQHandler                 0x08000317   Thumb Code     0  startup_stm32f303xe.o(.text)
    DMA1_Channel7_IRQHandler                 0x08000317   Thumb Code     0  startup_stm32f303xe.o(.text)
    DMA2_Channel1_IRQHandler                 0x08000317   Thumb Code     0  startup_stm32f303xe.o(.text)
    DMA2_Channel2_IRQHandler                 0x08000317   Thumb Code     0  startup_stm32f303xe.o(.text)
    DMA2_Channel3_IRQHandler                 0x08000317   Thumb Code     0  startup_stm32f303xe.o(.text)
    DMA2_Channel4_IRQHandler                 0x08000317   Thumb Code     0  startup_stm32f303xe.o(.text)
    DMA2_Channel5_IRQHandler                 0x08000317   Thumb Code     0  startup_stm32f303xe.o(.text)
    EXTI0_IRQHandler                         0x08000317   Thumb Code     0  startup_stm32f303xe.o(.text)
    EXTI15_10_IRQHandler                     0x08000317   Thumb Code     0  startup_stm32f303xe.o(.text)
    EXTI1_IRQHandler                         0x08000317   Thumb Code     0  startup_stm32f303xe.o(.text)
    EXTI2_TSC_IRQHandler                     0x08000317   Thumb Code     0  startup_stm32f303xe.o(.text)
    EXTI3_IRQHandler                         0x08000317   Thumb Code     0  startup_stm32f303xe.o(.text)
    EXTI4_IRQHandler                         0x08000317   Thumb Code     0  startup_stm32f303xe.o(.text)
    EXTI9_5_IRQHandler                       0x08000317   Thumb Code     0  startup_stm32f303xe.o(.text)
    FLASH_IRQHandler                         0x08000317   Thumb Code     0  startup_stm32f303xe.o(.text)
    FMC_IRQHandler                           0x08000317   Thumb Code     0  startup_stm32f303xe.o(.text)
    FPU_IRQHandler                           0x08000317   Thumb Code     0  startup_stm32f303xe.o(.text)
    I2C1_ER_IRQHandler                       0x08000317   Thumb Code     0  startup_stm32f303xe.o(.text)
    I2C1_EV_IRQHandler                       0x08000317   Thumb Code     0  startup_stm32f303xe.o(.text)
    I2C2_ER_IRQHandler                       0x08000317   Thumb Code     0  startup_stm32f303xe.o(.text)
    I2C2_EV_IRQHandler                       0x08000317   Thumb Code     0  startup_stm32f303xe.o(.text)
    I2C3_ER_IRQHandler                       0x08000317   Thumb Code     0  startup_stm32f303xe.o(.text)
    I2C3_EV_IRQHandler                       0x08000317   Thumb Code     0  startup_stm32f303xe.o(.text)
    PVD_IRQHandler                           0x08000317   Thumb Code     0  startup_stm32f303xe.o(.text)
    RCC_IRQHandler                           0x08000317   Thumb Code     0  startup_stm32f303xe.o(.text)
    RTC_Alarm_IRQHandler                     0x08000317   Thumb Code     0  startup_stm32f303xe.o(.text)
    RTC_WKUP_IRQHandler                      0x08000317   Thumb Code     0  startup_stm32f303xe.o(.text)
    SPI1_IRQHandler                          0x08000317   Thumb Code     0  startup_stm32f303xe.o(.text)
    SPI2_IRQHandler                          0x08000317   Thumb Code     0  startup_stm32f303xe.o(.text)
    SPI3_IRQHandler                          0x08000317   Thumb Code     0  startup_stm32f303xe.o(.text)
    SPI4_IRQHandler                          0x08000317   Thumb Code     0  startup_stm32f303xe.o(.text)
    TAMP_STAMP_IRQHandler                    0x08000317   Thumb Code     0  startup_stm32f303xe.o(.text)
    TIM1_BRK_TIM15_IRQHandler                0x08000317   Thumb Code     0  startup_stm32f303xe.o(.text)
    TIM1_CC_IRQHandler                       0x08000317   Thumb Code     0  startup_stm32f303xe.o(.text)
    TIM1_TRG_COM_TIM17_IRQHandler            0x08000317   Thumb Code     0  startup_stm32f303xe.o(.text)
    TIM1_UP_TIM16_IRQHandler                 0x08000317   Thumb Code     0  startup_stm32f303xe.o(.text)
    TIM20_BRK_IRQHandler                     0x08000317   Thumb Code     0  startup_stm32f303xe.o(.text)
    TIM20_CC_IRQHandler                      0x08000317   Thumb Code     0  startup_stm32f303xe.o(.text)
    TIM20_TRG_COM_IRQHandler                 0x08000317   Thumb Code     0  startup_stm32f303xe.o(.text)
    TIM20_UP_IRQHandler                      0x08000317   Thumb Code     0  startup_stm32f303xe.o(.text)
    TIM2_IRQHandler                          0x08000317   Thumb Code     0  startup_stm32f303xe.o(.text)
    TIM3_IRQHandler                          0x08000317   Thumb Code     0  startup_stm32f303xe.o(.text)
    TIM4_IRQHandler                          0x08000317   Thumb Code     0  startup_stm32f303xe.o(.text)
    TIM6_DAC_IRQHandler                      0x08000317   Thumb Code     0  startup_stm32f303xe.o(.text)
    TIM7_IRQHandler                          0x08000317   Thumb Code     0  startup_stm32f303xe.o(.text)
    TIM8_BRK_IRQHandler                      0x08000317   Thumb Code     0  startup_stm32f303xe.o(.text)
    TIM8_CC_IRQHandler                       0x08000317   Thumb Code     0  startup_stm32f303xe.o(.text)
    TIM8_TRG_COM_IRQHandler                  0x08000317   Thumb Code     0  startup_stm32f303xe.o(.text)
    TIM8_UP_IRQHandler                       0x08000317   Thumb Code     0  startup_stm32f303xe.o(.text)
    UART4_IRQHandler                         0x08000317   Thumb Code     0  startup_stm32f303xe.o(.text)
    UART5_IRQHandler                         0x08000317   Thumb Code     0  startup_stm32f303xe.o(.text)
    USART1_IRQHandler                        0x08000317   Thumb Code     0  startup_stm32f303xe.o(.text)
    USART2_IRQHandler                        0x08000317   Thumb Code     0  startup_stm32f303xe.o(.text)
    USART3_IRQHandler                        0x08000317   Thumb Code     0  startup_stm32f303xe.o(.text)
    USBWakeUp_IRQHandler                     0x08000317   Thumb Code     0  startup_stm32f303xe.o(.text)
    USBWakeUp_RMP_IRQHandler                 0x08000317   Thumb Code     0  startup_stm32f303xe.o(.text)
    USB_HP_CAN_TX_IRQHandler                 0x08000317   Thumb Code     0  startup_stm32f303xe.o(.text)
    USB_HP_IRQHandler                        0x08000317   Thumb Code     0  startup_stm32f303xe.o(.text)
    USB_LP_CAN_RX0_IRQHandler                0x08000317   Thumb Code     0  startup_stm32f303xe.o(.text)
    USB_LP_IRQHandler                        0x08000317   Thumb Code     0  startup_stm32f303xe.o(.text)
    WWDG_IRQHandler                          0x08000317   Thumb Code     0  startup_stm32f303xe.o(.text)
    __user_initial_stackheap                 0x08000319   Thumb Code     0  startup_stm32f303xe.o(.text)
    __2printf                                0x0800033d   Thumb Code    20  noretval__2printf.o(.text)
    __aeabi_memcpy                           0x08000355   Thumb Code     0  rt_memcpy_v6.o(.text)
    __rt_memcpy                              0x08000355   Thumb Code   138  rt_memcpy_v6.o(.text)
    _memcpy_lastbytes                        0x080003bb   Thumb Code     0  rt_memcpy_v6.o(.text)
    __aeabi_memcpy4                          0x080003df   Thumb Code     0  rt_memcpy_w.o(.text)
    __aeabi_memcpy8                          0x080003df   Thumb Code     0  rt_memcpy_w.o(.text)
    __rt_memcpy_w                            0x080003df   Thumb Code   100  rt_memcpy_w.o(.text)
    _memcpy_lastbytes_aligned                0x08000427   Thumb Code     0  rt_memcpy_w.o(.text)
    __aeabi_memclr4                          0x08000443   Thumb Code     0  rt_memclr_w.o(.text)
    __aeabi_memclr8                          0x08000443   Thumb Code     0  rt_memclr_w.o(.text)
    __rt_memclr_w                            0x08000443   Thumb Code    78  rt_memclr_w.o(.text)
    _memset_w                                0x08000447   Thumb Code     0  rt_memclr_w.o(.text)
    strcmp                                   0x08000491   Thumb Code   128  strcmpv7m.o(.text)
    __use_two_region_memory                  0x08000511   Thumb Code     2  heapauxi.o(.text)
    __rt_heap_escrow                         0x08000513   Thumb Code     2  heapauxi.o(.text)
    __rt_heap_expand                         0x08000515   Thumb Code     2  heapauxi.o(.text)
    _printf_char_file                        0x08000519   Thumb Code    32  _printf_char_file.o(.text)
    _printf_char_common                      0x08000547   Thumb Code    32  _printf_char_common.o(.text)
    ferror                                   0x0800056d   Thumb Code     8  ferror.o(.text)
    _initio                                  0x08000575   Thumb Code   210  initio.o(.text)
    _terminateio                             0x08000647   Thumb Code    56  initio.o(.text)
    __user_setup_stackheap                   0x080006ad   Thumb Code    74  sys_stackheap_outer.o(.text)
    free                                     0x080006f7   Thumb Code    78  h1_free.o(.text)
    __printf                                 0x08000745   Thumb Code    40  __printf_nopercent.o(.text)
    __flsbuf                                 0x0800076d   Thumb Code   470  flsbuf.o(.text)
    __flsbuf_byte                            0x0800076d   Thumb Code     0  flsbuf.o(.text)
    __flsbuf_wide                            0x0800076d   Thumb Code     0  flsbuf.o(.text)
    setvbuf                                  0x08000943   Thumb Code    70  setvbuf.o(.text)
    freopen                                  0x08000989   Thumb Code   158  fopen.o(.text)
    fopen                                    0x08000a27   Thumb Code    74  fopen.o(.text)
    _fclose_internal                         0x08000a75   Thumb Code    76  fclose.o(.text)
    fclose                                   0x08000a75   Thumb Code     0  fclose.o(.text)
    exit                                     0x08000ac1   Thumb Code    18  exit.o(.text)
    __rt_SIGRTRED                            0x08000ad3   Thumb Code    14  defsig_rtred_outer.o(.text)
    __user_libspace                          0x08000ae1   Thumb Code     8  libspace.o(.text)
    __user_perproc_libspace                  0x08000ae1   Thumb Code     0  libspace.o(.text)
    __user_perthread_libspace                0x08000ae1   Thumb Code     0  libspace.o(.text)
    __rt_heap_descriptor                     0x08000ae9   Thumb Code     8  rt_heap_descriptor_intlibspace.o(.text)
    __use_no_heap                            0x08000af1   Thumb Code     2  hguard.o(.text)
    __heap$guard                             0x08000af3   Thumb Code     2  hguard.o(.text)
    _terminate_user_alloc                    0x08000af5   Thumb Code     2  init_alloc.o(.text)
    _init_user_alloc                         0x08000af7   Thumb Code     2  init_alloc.o(.text)
    __Heap_Full                              0x08000af9   Thumb Code    34  init_alloc.o(.text)
    __Heap_Broken                            0x08000b1b   Thumb Code     6  init_alloc.o(.text)
    _init_alloc                              0x08000b21   Thumb Code    94  init_alloc.o(.text)
    malloc                                   0x08000b7f   Thumb Code    94  h1_alloc.o(.text)
    _fseek                                   0x08000bdd   Thumb Code   242  fseek.o(.text)
    fseek                                    0x08000bdd   Thumb Code     0  fseek.o(.text)
    _seterr                                  0x08000cd5   Thumb Code    20  stdio.o(.text)
    _writebuf                                0x08000ce9   Thumb Code    84  stdio.o(.text)
    _fflush                                  0x08000d3d   Thumb Code    70  stdio.o(.text)
    _deferredlazyseek                        0x08000d83   Thumb Code    60  stdio.o(.text)
    __sig_exit                               0x08000dc5   Thumb Code    10  defsig_exit.o(.text)
    __rt_SIGRTRED_inner                      0x08000dd1   Thumb Code    14  defsig_rtred_inner.o(.text)
    _sys_exit                                0x08000e05   Thumb Code     8  sys_exit.o(.text)
    __Heap_Initialize                        0x08000e11   Thumb Code    10  h1_init.o(.text)
    __Heap_DescSize                          0x08000e1b   Thumb Code     4  h1_init.o(.text)
    __Heap_ProvideMemory                     0x08000e1f   Thumb Code    52  h1_extend.o(.text)
    _ftell_internal                          0x08000e53   Thumb Code    66  ftell.o(.text)
    ftell                                    0x08000e53   Thumb Code     0  ftell.o(.text)
    __default_signal_display                 0x08000e95   Thumb Code    50  defsig_general.o(.text)
    __rt_SIGRTMEM                            0x08000ec7   Thumb Code    14  defsig_rtmem_outer.o(.text)
    _ttywrch                                 0x08000ed5   Thumb Code    14  sys_wrch.o(.text)
    __I$use$semihosting                      0x08000ee3   Thumb Code     0  use_no_semi.o(.text)
    __use_no_semihosting_swi                 0x08000ee3   Thumb Code     2  use_no_semi.o(.text)
    __aeabi_errno_addr                       0x08000ee5   Thumb Code     8  rt_errno_addr_intlibspace.o(.text)
    __errno$intlibspace                      0x08000ee5   Thumb Code     0  rt_errno_addr_intlibspace.o(.text)
    __rt_errno_addr$intlibspace              0x08000ee5   Thumb Code     0  rt_errno_addr_intlibspace.o(.text)
    __semihosting_library_function           0x08000ee5   Thumb Code     0  indicate_semi.o(.text)
    __rt_SIGRTMEM_inner                      0x08000eed   Thumb Code    22  defsig_rtmem_inner.o(.text)
    BSP_LED_Off                              0x08000f3d   Thumb Code    24  stm32f3xx_nucleo.o(i.BSP_LED_Off)
    BSP_LED_On                               0x08000f5d   Thumb Code    24  stm32f3xx_nucleo.o(i.BSP_LED_On)
    HAL_GPIO_Init                            0x08000f81   Thumb Code   452  stm32f3xx_hal_gpio.o(i.HAL_GPIO_Init)
    HAL_GPIO_ReadPin                         0x08001169   Thumb Code    16  stm32f3xx_hal_gpio.o(i.HAL_GPIO_ReadPin)
    HAL_GPIO_WritePin                        0x08001179   Thumb Code    10  stm32f3xx_hal_gpio.o(i.HAL_GPIO_WritePin)
    HAL_GetTick                              0x08001185   Thumb Code     6  stm32f3xx_hal.o(i.HAL_GetTick)
    HAL_Init                                 0x08001191   Thumb Code    34  stm32f3xx_hal.o(i.HAL_Init)
    HAL_InitTick                             0x080011b9   Thumb Code    36  stm32f3xx_hal.o(i.HAL_InitTick)
    HAL_MspInit                              0x080011e1   Thumb Code     2  stm32f3xx_hal.o(i.HAL_MspInit)
    HAL_NVIC_SetPriority                     0x080011e3   Thumb Code   124  stm32f3xx_hal_cortex.o(i.HAL_NVIC_SetPriority)
    HAL_NVIC_SetPriorityGrouping             0x08001261   Thumb Code    32  stm32f3xx_hal_cortex.o(i.HAL_NVIC_SetPriorityGrouping)
    HAL_RCC_ClockConfig                      0x08001289   Thumb Code   732  stm32f3xx_hal_rcc.o(i.HAL_RCC_ClockConfig)
    HAL_RCC_GetSysClockFreq                  0x08001575   Thumb Code   130  stm32f3xx_hal_rcc.o(i.HAL_RCC_GetSysClockFreq)
    HAL_RCC_OscConfig                        0x08001609   Thumb Code  2558  stm32f3xx_hal_rcc.o(i.HAL_RCC_OscConfig)
    HAL_SYSTICK_Config                       0x08002011   Thumb Code    52  stm32f3xx_hal_cortex.o(i.HAL_SYSTICK_Config)
    ITM_SendChar                             0x08002045   Thumb Code    42  retarget_io.o(i.ITM_SendChar)
    SysTick_Handler                          0x08002075   Thumb Code    46  port.o(i.SysTick_Handler)
    SystemInit                               0x080020fd   Thumb Code   104  system_stm32f3xx.o(i.SystemInit)
    _sys_close                               0x080021b1   Thumb Code    38  retarget_io.o(i._sys_close)
    _sys_flen                                0x080021d7   Thumb Code    36  retarget_io.o(i._sys_flen)
    _sys_istty                               0x080021fb   Thumb Code    36  retarget_io.o(i._sys_istty)
    _sys_open                                0x08002221   Thumb Code    80  retarget_io.o(i._sys_open)
    _sys_seek                                0x08002289   Thumb Code    44  retarget_io.o(i._sys_seek)
    _sys_write                               0x080022b5   Thumb Code    70  retarget_io.o(i._sys_write)
    fputc                                    0x080022fb   Thumb Code    26  fputc.o(i.fputc)
    hardware_prvHardwareSetup                0x08002315   Thumb Code   112  hardwaresetup.o(i.hardware_prvHardwareSetup)
    main                                     0x08002395   Thumb Code    40  main.o(i.main)
    pvPortMalloc                             0x08002d21   Thumb Code   166  heap_2.o(i.pvPortMalloc)
    pvTaskIncrementMutexHeldCount            0x08002dd9   Thumb Code    26  tasks.o(i.pvTaskIncrementMutexHeldCount)
    pxPortInitialiseStack                    0x08002df9   Thumb Code    38  port.o(i.pxPortInitialiseStack)
    uxListRemove                             0x08002e31   Thumb Code    40  list.o(i.uxListRemove)
    vEvaluate                                0x08002e59   Thumb Code    94  evaluation.o(i.vEvaluate)
    vEvaluate_Module_1_Transportation        0x08002eb7   Thumb Code     2  module_1_transportation.o(i.vEvaluate_Module_1_Transportation)
    vEvaluate_Module_2_Gravity               0x08002eb9   Thumb Code     2  module_2_gravity.o(i.vEvaluate_Module_2_Gravity)
    vEvaluate_Module_3_Pumping               0x08002ebb   Thumb Code     2  module_3_pumping.o(i.vEvaluate_Module_3_Pumping)
    vEvaluate_Module_4_Pouring               0x08002ebd   Thumb Code     2  module_4_pouring.o(i.vEvaluate_Module_4_Pouring)
    vEvaluate_Module_5_Sensors               0x08002ebf   Thumb Code     2  module_5_sensors.o(i.vEvaluate_Module_5_Sensors)
    vEvaluate_Module_6_Handling              0x08002ec1   Thumb Code     2  module_6_handling.o(i.vEvaluate_Module_6_Handling)
    vListInitialise                          0x08002ec3   Thumb Code    26  list.o(i.vListInitialise)
    vListInitialiseItem                      0x08002edd   Thumb Code     6  list.o(i.vListInitialiseItem)
    vListInsert                              0x08002ee3   Thumb Code    52  list.o(i.vListInsert)
    vListInsertEnd                           0x08002f17   Thumb Code    24  list.o(i.vListInsertEnd)
    vPortEnterCritical                       0x08002f89   Thumb Code    76  port.o(i.vPortEnterCritical)
    vPortExitCritical                        0x08002fdd   Thumb Code    56  port.o(i.vPortExitCritical)
    vPortFree                                0x08003019   Thumb Code    56  heap_2.o(i.vPortFree)
    vPortSetupTimerInterrupt                 0x08003059   Thumb Code    26  port.o(i.vPortSetupTimerInterrupt)
    vPortValidateInterruptPriority           0x08003079   Thumb Code   106  port.o(i.vPortValidateInterruptPriority)
    vQueueWaitForMessageRestricted           0x080030f1   Thumb Code    74  queue.o(i.vQueueWaitForMessageRestricted)
    vReadSensorValues                        0x0800313d   Thumb Code    18  sensors.o(i.vReadSensorValues)
    vTaskDelayUntil                          0x08003155   Thumb Code   200  tasks.o(i.vTaskDelayUntil)
    vTaskMissedYield                         0x08003229   Thumb Code     8  tasks.o(i.vTaskMissedYield)
    vTaskPlaceOnEventList                    0x08003235   Thumb Code    52  tasks.o(i.vTaskPlaceOnEventList)
    vTaskPlaceOnEventListRestricted          0x0800326d   Thumb Code    60  tasks.o(i.vTaskPlaceOnEventListRestricted)
    vTaskPriorityInherit                     0x080032ad   Thumb Code   164  tasks.o(i.vTaskPriorityInherit)
    vTaskSetTimeOutState                     0x0800335d   Thumb Code    38  tasks.o(i.vTaskSetTimeOutState)
    vTaskStartScheduler                      0x0800338d   Thumb Code   118  tasks.o(i.vTaskStartScheduler)
    vTaskSuspendAll                          0x08003421   Thumb Code    12  tasks.o(i.vTaskSuspendAll)
    vTaskSwitchContext                       0x08003431   Thumb Code   118  tasks.o(i.vTaskSwitchContext)
    vWriteActuatorValues                     0x080034bd   Thumb Code    26  actuators.o(i.vWriteActuatorValues)
    xPortStartScheduler                      0x080034d9   Thumb Code   288  port.o(i.xPortStartScheduler)
    xQueueGenericCreate                      0x08003615   Thumb Code    88  queue.o(i.xQueueGenericCreate)
    xQueueGenericReceive                     0x0800366d   Thumb Code   446  queue.o(i.xQueueGenericReceive)
    xQueueGenericReset                       0x08003831   Thumb Code   146  queue.o(i.xQueueGenericReset)
    xQueueGenericSend                        0x080038c9   Thumb Code   452  queue.o(i.xQueueGenericSend)
    xQueueGenericSendFromISR                 0x08003a91   Thumb Code   264  queue.o(i.xQueueGenericSendFromISR)
    xTaskCheckForTimeOut                     0x08003b99   Thumb Code   132  tasks.o(i.xTaskCheckForTimeOut)
    xTaskCreate                              0x08003c25   Thumb Code    96  tasks.o(i.xTaskCreate)
    xTaskGetSchedulerState                   0x08003c85   Thumb Code    24  tasks.o(i.xTaskGetSchedulerState)
    xTaskGetTickCount                        0x08003ca5   Thumb Code     6  tasks.o(i.xTaskGetTickCount)
    xTaskIncrementTick                       0x08003cb1   Thumb Code   282  tasks.o(i.xTaskIncrementTick)
    xTaskPriorityDisinherit                  0x08003df9   Thumb Code   188  tasks.o(i.xTaskPriorityDisinherit)
    xTaskRemoveFromEventList                 0x08003ec1   Thumb Code   128  tasks.o(i.xTaskRemoveFromEventList)
    xTaskResumeAll                           0x08003f59   Thumb Code   224  tasks.o(i.xTaskResumeAll)
    xTimerCreateTimerTask                    0x0800405d   Thumb Code    66  timers.o(i.xTimerCreateTimerTask)
    xTimerGenericCommand                     0x080040b5   Thumb Code   126  timers.o(i.xTimerGenericCommand)
    _fp_init                                 0x08004139   Thumb Code    10  fpinit.o(x$fpl$fpinit)
    __fplib_config_fpu_vfp                   0x08004141   Thumb Code     0  fpinit.o(x$fpl$fpinit)
    __fplib_config_pureend_doubles           0x08004141   Thumb Code     0  fpinit.o(x$fpl$fpinit)
    AHBPrescTable                            0x08004142   Data          16  system_stm32f3xx.o(.constdata)
    APBPrescTable                            0x08004152   Data           8  system_stm32f3xx.o(.constdata)
    aPLLMULFactorTable                       0x0800415a   Data          16  stm32f3xx_hal_rcc.o(.constdata)
    aPredivFactorTable                       0x0800416a   Data          16  stm32f3xx_hal_rcc.o(.constdata)
    LED_PIN                                  0x0800417a   Data           2  stm32f3xx_nucleo.o(.constdata)
    BUTTON_PIN                               0x0800417c   Data           2  stm32f3xx_nucleo.o(.constdata)
    BUTTON_IRQn                              0x0800417e   Data           1  stm32f3xx_nucleo.o(.constdata)
    __stdin_name                             0x0800417f   Data           7  retarget_io.o(.constdata)
    __stdout_name                            0x08004186   Data           8  retarget_io.o(.constdata)
    __stderr_name                            0x0800418e   Data           8  retarget_io.o(.constdata)
    Region$$Table$$Base                      0x08004198   Number         0  anon$$obj.o(Region$$Table)
    Region$$Table$$Limit                     0x080041b8   Number         0  anon$$obj.o(Region$$Table)
    Input_Storage                            0x20000000   Data           1  main.o(.data)
    Output_Storage                           0x20000001   Data           1  main.o(.data)
    SystemCoreClock                          0x20000004   Data           4  system_stm32f3xx.o(.data)
    uwTick                                   0x20000008   Data           4  stm32f3xx_hal.o(.data)
    LED_PORT                                 0x2000000c   Data           4  stm32f3xx_nucleo.o(.data)
    BUTTON_PORT                              0x20000010   Data           4  stm32f3xx_nucleo.o(.data)
    pxCurrentTCB                             0x20000038   Data           4  tasks.o(.data)
    __aeabi_stdin                            0x20000088   Data           4  stdio_streams.o(.data)
    __aeabi_stdout                           0x2000008c   Data           4  stdio_streams.o(.data)
    __aeabi_stderr                           0x20000090   Data           4  stdio_streams.o(.data)
    System_State                             0x200000bc   Data          28  main.o(.bss)
    __stdin                                  0x200011f0   Data          84  stdio_streams.o(.bss)
    __stdout                                 0x20001244   Data          84  stdio_streams.o(.bss)
    __stderr                                 0x20001298   Data          84  stdio_streams.o(.bss)
    __libspace_start                         0x200012ec   Data          96  libspace.o(.bss)
    __temporary_stack_top$libspace           0x2000134c   Data           0  libspace.o(.bss)



==============================================================================

Memory Map of the image

  Image Entry point : 0x080002fd

  Load Region LR_1 (Base: 0x08000000, Size: 0x0000424c, Max: 0xffffffff, ABSOLUTE)

    Execution Region ER_RO (Base: 0x08000000, Size: 0x000041b8, Max: 0xffffffff, ABSOLUTE)

    Base Addr    Size         Type   Attr      Idx    E Section Name        Object

    0x08000000   0x00000194   Data   RO          351    RESET               startup_stm32f303xe.o
    0x08000194   0x00000008   Code   RO         2206  * !!!main             c_w.l(__main.o)
    0x0800019c   0x00000034   Code   RO         2541    !!!scatter          c_w.l(__scatter.o)
    0x080001d0   0x0000001a   Code   RO         2543    !!handler_copy      c_w.l(__scatter_copy.o)
    0x080001ea   0x00000002   PAD
    0x080001ec   0x0000001c   Code   RO         2545    !!handler_zi        c_w.l(__scatter_zi.o)
    0x08000208   0x00000002   Code   RO         2334    .ARM.Collect$$libinit$$00000000  c_w.l(libinit.o)
    0x0800020a   0x00000004   Code   RO         2335    .ARM.Collect$$libinit$$00000001  c_w.l(libinit2.o)
    0x0800020e   0x00000000   Code   RO         2338    .ARM.Collect$$libinit$$00000004  c_w.l(libinit2.o)
    0x0800020e   0x00000008   Code   RO         2339    .ARM.Collect$$libinit$$00000005  c_w.l(libinit2.o)
    0x08000216   0x00000000   Code   RO         2341    .ARM.Collect$$libinit$$0000000A  c_w.l(libinit2.o)
    0x08000216   0x00000000   Code   RO         2343    .ARM.Collect$$libinit$$0000000C  c_w.l(libinit2.o)
    0x08000216   0x00000000   Code   RO         2345    .ARM.Collect$$libinit$$0000000E  c_w.l(libinit2.o)
    0x08000216   0x00000000   Code   RO         2348    .ARM.Collect$$libinit$$00000011  c_w.l(libinit2.o)
    0x08000216   0x00000000   Code   RO         2350    .ARM.Collect$$libinit$$00000013  c_w.l(libinit2.o)
    0x08000216   0x00000000   Code   RO         2352    .ARM.Collect$$libinit$$00000015  c_w.l(libinit2.o)
    0x08000216   0x00000000   Code   RO         2354    .ARM.Collect$$libinit$$00000017  c_w.l(libinit2.o)
    0x08000216   0x00000000   Code   RO         2356    .ARM.Collect$$libinit$$00000019  c_w.l(libinit2.o)
    0x08000216   0x00000000   Code   RO         2358    .ARM.Collect$$libinit$$0000001B  c_w.l(libinit2.o)
    0x08000216   0x00000000   Code   RO         2360    .ARM.Collect$$libinit$$0000001D  c_w.l(libinit2.o)
    0x08000216   0x00000000   Code   RO         2362    .ARM.Collect$$libinit$$0000001F  c_w.l(libinit2.o)
    0x08000216   0x00000000   Code   RO         2364    .ARM.Collect$$libinit$$00000021  c_w.l(libinit2.o)
    0x08000216   0x00000000   Code   RO         2366    .ARM.Collect$$libinit$$00000023  c_w.l(libinit2.o)
    0x08000216   0x00000004   Code   RO         2367    .ARM.Collect$$libinit$$00000024  c_w.l(libinit2.o)
    0x0800021a   0x00000000   Code   RO         2368    .ARM.Collect$$libinit$$00000025  c_w.l(libinit2.o)
    0x0800021a   0x00000000   Code   RO         2372    .ARM.Collect$$libinit$$0000002C  c_w.l(libinit2.o)
    0x0800021a   0x00000000   Code   RO         2374    .ARM.Collect$$libinit$$0000002E  c_w.l(libinit2.o)
    0x0800021a   0x00000000   Code   RO         2376    .ARM.Collect$$libinit$$00000030  c_w.l(libinit2.o)
    0x0800021a   0x00000000   Code   RO         2378    .ARM.Collect$$libinit$$00000032  c_w.l(libinit2.o)
    0x0800021a   0x00000002   Code   RO         2379    .ARM.Collect$$libinit$$00000033  c_w.l(libinit2.o)
    0x0800021c   0x00000002   Code   RO         2520    .ARM.Collect$$libshutdown$$00000000  c_w.l(libshutdown.o)
    0x0800021e   0x00000000   Code   RO         2381    .ARM.Collect$$libshutdown$$00000002  c_w.l(libshutdown2.o)
    0x0800021e   0x00000004   Code   RO         2382    .ARM.Collect$$libshutdown$$00000003  c_w.l(libshutdown2.o)
    0x08000222   0x00000000   Code   RO         2383    .ARM.Collect$$libshutdown$$00000004  c_w.l(libshutdown2.o)
    0x08000222   0x00000000   Code   RO         2386    .ARM.Collect$$libshutdown$$00000007  c_w.l(libshutdown2.o)
    0x08000222   0x00000000   Code   RO         2389    .ARM.Collect$$libshutdown$$0000000A  c_w.l(libshutdown2.o)
    0x08000222   0x00000000   Code   RO         2391    .ARM.Collect$$libshutdown$$0000000C  c_w.l(libshutdown2.o)
    0x08000222   0x00000000   Code   RO         2394    .ARM.Collect$$libshutdown$$0000000F  c_w.l(libshutdown2.o)
    0x08000222   0x00000002   Code   RO         2395    .ARM.Collect$$libshutdown$$00000010  c_w.l(libshutdown2.o)
    0x08000224   0x00000000   Code   RO         2208    .ARM.Collect$$rtentry$$00000000  c_w.l(__rtentry.o)
    0x08000224   0x00000000   Code   RO         2218    .ARM.Collect$$rtentry$$00000002  c_w.l(__rtentry2.o)
    0x08000224   0x00000006   Code   RO         2230    .ARM.Collect$$rtentry$$00000004  c_w.l(__rtentry4.o)
    0x0800022a   0x00000000   Code   RO         2220    .ARM.Collect$$rtentry$$00000009  c_w.l(__rtentry2.o)
    0x0800022a   0x00000004   Code   RO         2221    .ARM.Collect$$rtentry$$0000000A  c_w.l(__rtentry2.o)
    0x0800022e   0x00000000   Code   RO         2223    .ARM.Collect$$rtentry$$0000000C  c_w.l(__rtentry2.o)
    0x0800022e   0x00000008   Code   RO         2224    .ARM.Collect$$rtentry$$0000000D  c_w.l(__rtentry2.o)
    0x08000236   0x00000002   Code   RO         2401    .ARM.Collect$$rtexit$$00000000  c_w.l(rtexit.o)
    0x08000238   0x00000000   Code   RO         2455    .ARM.Collect$$rtexit$$00000002  c_w.l(rtexit2.o)
    0x08000238   0x00000004   Code   RO         2456    .ARM.Collect$$rtexit$$00000003  c_w.l(rtexit2.o)
    0x0800023c   0x00000006   Code   RO         2457    .ARM.Collect$$rtexit$$00000004  c_w.l(rtexit2.o)
    0x08000242   0x00000002   PAD
    0x08000244   0x000000b6   Code   RO         1488    .emb_text           port.o
    0x080002fa   0x00000002   PAD
    0x080002fc   0x00000000   Code   RO         2461    .emb_text           c_w.l(maybetermalloc1.o)
    0x080002fc   0x00000040   Code   RO          352  * .text               startup_stm32f303xe.o
    0x0800033c   0x00000018   Code   RO         2194    .text               c_w.l(noretval__2printf.o)
    0x08000354   0x0000008a   Code   RO         2196    .text               c_w.l(rt_memcpy_v6.o)
    0x080003de   0x00000064   Code   RO         2198    .text               c_w.l(rt_memcpy_w.o)
    0x08000442   0x0000004e   Code   RO         2200    .text               c_w.l(rt_memclr_w.o)
    0x08000490   0x00000080   Code   RO         2202    .text               c_w.l(strcmpv7m.o)
    0x08000510   0x00000006   Code   RO         2204    .text               c_w.l(heapauxi.o)
    0x08000516   0x00000002   PAD
    0x08000518   0x00000024   Code   RO         2209    .text               c_w.l(_printf_char_file.o)
    0x0800053c   0x00000030   Code   RO         2232    .text               c_w.l(_printf_char_common.o)
    0x0800056c   0x00000008   Code   RO         2234    .text               c_w.l(ferror.o)
    0x08000574   0x00000138   Code   RO         2240    .text               c_w.l(initio.o)
    0x080006ac   0x0000004a   Code   RO         2250    .text               c_w.l(sys_stackheap_outer.o)
    0x080006f6   0x0000004e   Code   RO         2254    .text               c_w.l(h1_free.o)
    0x08000744   0x00000028   Code   RO         2308    .text               c_w.l(__printf_nopercent.o)
    0x0800076c   0x000001d6   Code   RO         2310    .text               c_w.l(flsbuf.o)
    0x08000942   0x00000046   Code   RO         2312    .text               c_w.l(setvbuf.o)
    0x08000988   0x000000ec   Code   RO         2315    .text               c_w.l(fopen.o)
    0x08000a74   0x0000004c   Code   RO         2317    .text               c_w.l(fclose.o)
    0x08000ac0   0x00000012   Code   RO         2323    .text               c_w.l(exit.o)
    0x08000ad2   0x0000000e   Code   RO         2325    .text               c_w.l(defsig_rtred_outer.o)
    0x08000ae0   0x00000008   Code   RO         2398    .text               c_w.l(libspace.o)
    0x08000ae8   0x00000008   Code   RO         2408    .text               c_w.l(rt_heap_descriptor_intlibspace.o)
    0x08000af0   0x00000004   Code   RO         2410    .text               c_w.l(hguard.o)
    0x08000af4   0x0000008a   Code   RO         2412    .text               c_w.l(init_alloc.o)
    0x08000b7e   0x0000005e   Code   RO         2418    .text               c_w.l(h1_alloc.o)
    0x08000bdc   0x000000f8   Code   RO         2434    .text               c_w.l(fseek.o)
    0x08000cd4   0x000000f0   Code   RO         2436    .text               c_w.l(stdio.o)
    0x08000dc4   0x0000000a   Code   RO         2442    .text               c_w.l(defsig_exit.o)
    0x08000dce   0x00000002   PAD
    0x08000dd0   0x00000034   Code   RO         2444    .text               c_w.l(defsig_rtred_inner.o)
    0x08000e04   0x0000000c   Code   RO         2452    .text               c_w.l(sys_exit.o)
    0x08000e10   0x0000000e   Code   RO         2463    .text               c_w.l(h1_init.o)
    0x08000e1e   0x00000034   Code   RO         2465    .text               c_w.l(h1_extend.o)
    0x08000e52   0x00000042   Code   RO         2475    .text               c_w.l(ftell.o)
    0x08000e94   0x00000032   Code   RO         2483    .text               c_w.l(defsig_general.o)
    0x08000ec6   0x0000000e   Code   RO         2485    .text               c_w.l(defsig_rtmem_outer.o)
    0x08000ed4   0x0000000e   Code   RO         2498    .text               c_w.l(sys_wrch.o)
    0x08000ee2   0x00000002   Code   RO         2502    .text               c_w.l(use_no_semi.o)
    0x08000ee4   0x00000000   Code   RO         2504    .text               c_w.l(indicate_semi.o)
    0x08000ee4   0x00000008   Code   RO         2508    .text               c_w.l(rt_errno_addr_intlibspace.o)
    0x08000eec   0x00000050   Code   RO         2514    .text               c_w.l(defsig_rtmem_inner.o)
    0x08000f3c   0x00000020   Code   RO         1103    i.BSP_LED_Off       stm32f3xx_nucleo.o
    0x08000f5c   0x00000020   Code   RO         1104    i.BSP_LED_On        stm32f3xx_nucleo.o
    0x08000f7c   0x00000004   Code   RO          316    i.Error_Handler     hardwaresetup.o
    0x08000f80   0x000001e8   Code   RO          728    i.HAL_GPIO_Init     stm32f3xx_hal_gpio.o
    0x08001168   0x00000010   Code   RO          730    i.HAL_GPIO_ReadPin  stm32f3xx_hal_gpio.o
    0x08001178   0x0000000a   Code   RO          732    i.HAL_GPIO_WritePin  stm32f3xx_hal_gpio.o
    0x08001182   0x00000002   PAD
    0x08001184   0x0000000c   Code   RO          407    i.HAL_GetTick       stm32f3xx_hal.o
    0x08001190   0x00000028   Code   RO          409    i.HAL_Init          stm32f3xx_hal.o
    0x080011b8   0x00000028   Code   RO          410    i.HAL_InitTick      stm32f3xx_hal.o
    0x080011e0   0x00000002   Code   RO          412    i.HAL_MspInit       stm32f3xx_hal.o
    0x080011e2   0x0000007c   Code   RO          578    i.HAL_NVIC_SetPriority  stm32f3xx_hal_cortex.o
    0x0800125e   0x00000002   PAD
    0x08001260   0x00000028   Code   RO          579    i.HAL_NVIC_SetPriorityGrouping  stm32f3xx_hal_cortex.o
    0x08001288   0x000002ec   Code   RO          828    i.HAL_RCC_ClockConfig  stm32f3xx_hal_rcc.o
    0x08001574   0x00000094   Code   RO          837    i.HAL_RCC_GetSysClockFreq  stm32f3xx_hal_rcc.o
    0x08001608   0x00000a08   Code   RO          840    i.HAL_RCC_OscConfig  stm32f3xx_hal_rcc.o
    0x08002010   0x00000034   Code   RO          583    i.HAL_SYSTICK_Config  stm32f3xx_hal_cortex.o
    0x08002044   0x00000030   Code   RO         1177    i.ITM_SendChar      retarget_io.o
    0x08002074   0x00000034   Code   RO         1489    i.SysTick_Handler   port.o
    0x080020a8   0x00000052   Code   RO          317    i.SystemClock_Config  hardwaresetup.o
    0x080020fa   0x00000002   PAD
    0x080020fc   0x0000007c   Code   RO          360    i.SystemInit        system_stm32f3xx.o
    0x08002178   0x00000010   Code   RO          585    i.__NVIC_GetPriorityGrouping  stm32f3xx_hal_cortex.o
    0x08002188   0x00000028   Code   RO          586    i.__NVIC_SetPriority  stm32f3xx_hal_cortex.o
    0x080021b0   0x00000026   Code   RO         1178    i._sys_close        retarget_io.o
    0x080021d6   0x00000024   Code   RO         1179    i._sys_flen         retarget_io.o
    0x080021fa   0x00000024   Code   RO         1180    i._sys_istty        retarget_io.o
    0x0800221e   0x00000002   PAD
    0x08002220   0x00000068   Code   RO         1181    i._sys_open         retarget_io.o
    0x08002288   0x0000002c   Code   RO         1183    i._sys_seek         retarget_io.o
    0x080022b4   0x00000046   Code   RO         1184    i._sys_write        retarget_io.o
    0x080022fa   0x0000001a   Code   RO         2237    i.fputc             c_w.l(fputc.o)
    0x08002314   0x00000080   Code   RO          318    i.hardware_prvHardwareSetup  hardwaresetup.o
    0x08002394   0x00000038   Code   RO          142    i.main              main.o
    0x080023cc   0x00000098   Code   RO         1757    i.prvAddCurrentTaskToDelayedList  tasks.o
    0x08002464   0x000000b4   Code   RO         1758    i.prvAddNewTaskToReadyList  tasks.o
    0x08002518   0x0000004c   Code   RO         2060    i.prvCheckForValidListAndQueue  timers.o
    0x08002564   0x00000064   Code   RO         1759    i.prvCheckTasksWaitingTermination  tasks.o
    0x080025c8   0x0000002a   Code   RO         1565    i.prvCopyDataFromQueue  queue.o
    0x080025f2   0x0000007c   Code   RO         1566    i.prvCopyDataToQueue  queue.o
    0x0800266e   0x00000012   Code   RO         1760    i.prvDeleteTCB      tasks.o
    0x08002680   0x00000028   Code   RO         2061    i.prvGetNextExpireTime  timers.o
    0x080026a8   0x00000038   Code   RO         1450    i.prvHeapInit       heap_2.o
    0x080026e0   0x00000028   Code   RO         1761    i.prvIdleTask       tasks.o
    0x08002708   0x0000002a   Code   RO         1568    i.prvInitialiseNewQueue  queue.o
    0x08002732   0x000000aa   Code   RO         1762    i.prvInitialiseNewTask  tasks.o
    0x080027dc   0x00000068   Code   RO         1763    i.prvInitialiseTaskLists  tasks.o
    0x08002844   0x00000058   Code   RO         2063    i.prvInsertTimerInActiveList  timers.o
    0x0800289c   0x0000001a   Code   RO         1569    i.prvIsQueueEmpty   queue.o
    0x080028b6   0x0000001e   Code   RO         1570    i.prvIsQueueFull    queue.o
    0x080028d4   0x00000090   Code   RO         1571    i.prvNotifyQueueSetContainer  queue.o
    0x08002964   0x00000064   Code   RO         2064    i.prvProcessExpiredTimer  timers.o
    0x080029c8   0x000000f8   Code   RO         2065    i.prvProcessReceivedCommands  timers.o
    0x08002ac0   0x00000074   Code   RO         2066    i.prvProcessTimerOrBlockTask  timers.o
    0x08002b34   0x00000034   Code   RO         1764    i.prvResetNextTaskUnblockTime  tasks.o
    0x08002b68   0x0000002c   Code   RO         2067    i.prvSampleTimeNow  timers.o
    0x08002b94   0x000000a0   Code   RO         2068    i.prvSwitchTimerLists  timers.o
    0x08002c34   0x00000040   Code   RO         1490    i.prvTaskExitError  port.o
    0x08002c74   0x0000001a   Code   RO         2069    i.prvTimerTask      timers.o
    0x08002c8e   0x00000092   Code   RO         1572    i.prvUnlockQueue    queue.o
    0x08002d20   0x000000b8   Code   RO         1451    i.pvPortMalloc      heap_2.o
    0x08002dd8   0x00000020   Code   RO         1766    i.pvTaskIncrementMutexHeldCount  tasks.o
    0x08002df8   0x0000002c   Code   RO         1491    i.pxPortInitialiseStack  port.o
    0x08002e24   0x0000000c   Code   RO         1185    i.stdout_putchar    retarget_io.o
    0x08002e30   0x00000028   Code   RO         1414    i.uxListRemove      list.o
    0x08002e58   0x0000005e   Code   RO          100    i.vEvaluate         evaluation.o
    0x08002eb6   0x00000002   Code   RO          241    i.vEvaluate_Module_1_Transportation  module_1_transportation.o
    0x08002eb8   0x00000002   Code   RO          253    i.vEvaluate_Module_2_Gravity  module_2_gravity.o
    0x08002eba   0x00000002   Code   RO          265    i.vEvaluate_Module_3_Pumping  module_3_pumping.o
    0x08002ebc   0x00000002   Code   RO          277    i.vEvaluate_Module_4_Pouring  module_4_pouring.o
    0x08002ebe   0x00000002   Code   RO          289    i.vEvaluate_Module_5_Sensors  module_5_sensors.o
    0x08002ec0   0x00000002   Code   RO          301    i.vEvaluate_Module_6_Handling  module_6_handling.o
    0x08002ec2   0x0000001a   Code   RO         1415    i.vListInitialise   list.o
    0x08002edc   0x00000006   Code   RO         1416    i.vListInitialiseItem  list.o
    0x08002ee2   0x00000034   Code   RO         1417    i.vListInsert       list.o
    0x08002f16   0x00000018   Code   RO         1418    i.vListInsertEnd    list.o
    0x08002f2e   0x00000002   PAD
    0x08002f30   0x00000058   Code   RO          143    i.vMainCycle        main.o
    0x08002f88   0x00000054   Code   RO         1493    i.vPortEnterCritical  port.o
    0x08002fdc   0x0000003c   Code   RO         1494    i.vPortExitCritical  port.o
    0x08003018   0x00000040   Code   RO         1452    i.vPortFree         heap_2.o
    0x08003058   0x00000020   Code   RO         1495    i.vPortSetupTimerInterrupt  port.o
    0x08003078   0x00000078   Code   RO         1496    i.vPortValidateInterruptPriority  port.o
    0x080030f0   0x0000004a   Code   RO         1577    i.vQueueWaitForMessageRestricted  queue.o
    0x0800313a   0x00000002   PAD
    0x0800313c   0x00000018   Code   RO          220    i.vReadSensorValues  sensors.o
    0x08003154   0x000000d4   Code   RO         1773    i.vTaskDelayUntil   tasks.o
    0x08003228   0x0000000c   Code   RO         1776    i.vTaskMissedYield  tasks.o
    0x08003234   0x00000038   Code   RO         1778    i.vTaskPlaceOnEventList  tasks.o
    0x0800326c   0x00000040   Code   RO         1779    i.vTaskPlaceOnEventListRestricted  tasks.o
    0x080032ac   0x000000b0   Code   RO         1781    i.vTaskPriorityInherit  tasks.o
    0x0800335c   0x00000030   Code   RO         1784    i.vTaskSetTimeOutState  tasks.o
    0x0800338c   0x00000094   Code   RO         1785    i.vTaskStartScheduler  tasks.o
    0x08003420   0x00000010   Code   RO         1787    i.vTaskSuspendAll   tasks.o
    0x08003430   0x0000008c   Code   RO         1788    i.vTaskSwitchContext  tasks.o
    0x080034bc   0x0000001a   Code   RO            5    i.vWriteActuatorValues  actuators.o
    0x080034d6   0x00000002   PAD
    0x080034d8   0x0000013c   Code   RO         1497    i.xPortStartScheduler  port.o
    0x08003614   0x00000058   Code   RO         1582    i.xQueueGenericCreate  queue.o
    0x0800366c   0x000001c4   Code   RO         1583    i.xQueueGenericReceive  queue.o
    0x08003830   0x00000098   Code   RO         1584    i.xQueueGenericReset  queue.o
    0x080038c8   0x000001c8   Code   RO         1585    i.xQueueGenericSend  queue.o
    0x08003a90   0x00000108   Code   RO         1586    i.xQueueGenericSendFromISR  queue.o
    0x08003b98   0x0000008c   Code   RO         1789    i.xTaskCheckForTimeOut  tasks.o
    0x08003c24   0x00000060   Code   RO         1790    i.xTaskCreate       tasks.o
    0x08003c84   0x00000020   Code   RO         1794    i.xTaskGetSchedulerState  tasks.o
    0x08003ca4   0x0000000c   Code   RO         1795    i.xTaskGetTickCount  tasks.o
    0x08003cb0   0x00000148   Code   RO         1797    i.xTaskIncrementTick  tasks.o
    0x08003df8   0x000000c8   Code   RO         1800    i.xTaskPriorityDisinherit  tasks.o
    0x08003ec0   0x00000098   Code   RO         1801    i.xTaskRemoveFromEventList  tasks.o
    0x08003f58   0x00000104   Code   RO         1803    i.xTaskResumeAll    tasks.o
    0x0800405c   0x00000058   Code   RO         2073    i.xTimerCreateTimerTask  timers.o
    0x080040b4   0x00000084   Code   RO         2074    i.xTimerGenericCommand  timers.o
    0x08004138   0x0000000a   Code   RO         2450    x$fpl$fpinit        fz_wm.l(fpinit.o)
    0x08004142   0x00000018   Data   RO          361    .constdata          system_stm32f3xx.o
    0x0800415a   0x00000020   Data   RO          841    .constdata          stm32f3xx_hal_rcc.o
    0x0800417a   0x00000005   Data   RO         1109    .constdata          stm32f3xx_nucleo.o
    0x0800417f   0x00000017   Data   RO         1186    .constdata          retarget_io.o
    0x08004196   0x00000002   PAD
    0x08004198   0x00000020   Data   RO         2539    Region$$Table       anon$$obj.o


    Execution Region ER_RW (Base: 0x20000000, Size: 0x00000094, Max: 0xffffffff, ABSOLUTE)

    Base Addr    Size         Type   Attr      Idx    E Section Name        Object

    0x20000000   0x00000002   Data   RW          145    .data               main.o
    0x20000002   0x00000002   PAD
    0x20000004   0x00000004   Data   RW          362    .data               system_stm32f3xx.o
    0x20000008   0x00000004   Data   RW          415    .data               stm32f3xx_hal.o
    0x2000000c   0x00000008   Data   RW         1110    .data               stm32f3xx_nucleo.o
    0x20000014   0x00000018   Data   RW         1456    .data               heap_2.o
    0x2000002c   0x0000000c   Data   RW         1498    .data               port.o
    0x20000038   0x0000003c   Data   RW         1806    .data               tasks.o
    0x20000074   0x00000014   Data   RW         2080    .data               timers.o
    0x20000088   0x00000004   Data   RW         2214    .data               c_w.l(stdio_streams.o)
    0x2000008c   0x00000004   Data   RW         2215    .data               c_w.l(stdio_streams.o)
    0x20000090   0x00000004   Data   RW         2216    .data               c_w.l(stdio_streams.o)


    Execution Region ER_ZI (Base: 0x20000094, Size: 0x000018bc, Max: 0xffffffff, ABSOLUTE)

    Base Addr    Size         Type   Attr      Idx    E Section Name        Object

    0x20000094   0x00000044   Zero   RW          144    .bss                main.o
    0x200000d8   0x00000028   Zero   RW          319    .bss                hardwaresetup.o
    0x20000100   0x00001000   Zero   RW         1455    .bss                heap_2.o
    0x20001100   0x000000c8   Zero   RW         1805    .bss                tasks.o
    0x200011c8   0x00000028   Zero   RW         2079    .bss                timers.o
    0x200011f0   0x00000054   Zero   RW         2211    .bss                c_w.l(stdio_streams.o)
    0x20001244   0x00000054   Zero   RW         2212    .bss                c_w.l(stdio_streams.o)
    0x20001298   0x00000054   Zero   RW         2213    .bss                c_w.l(stdio_streams.o)
    0x200012ec   0x00000060   Zero   RW         2399    .bss                c_w.l(libspace.o)
    0x2000134c   0x00000004   PAD
    0x20001350   0x00000200   Zero   RW          350    HEAP                startup_stm32f303xe.o
    0x20001550   0x00000400   Zero   RW          349    STACK               startup_stm32f303xe.o


==============================================================================

Image component sizes


      Code (inc. data)   RO Data    RW Data    ZI Data      Debug   Object Name

        26          0          0          0          0     571603   actuators.o
        94          0          0          0          0       2604   evaluation.o
         0          0          0          0          0       9488   event_groups.o
         0          0          0          0          0       4900   freertos_evr.o
       214         16          0          0         40       2104   hardwaresetup.o
       304         40          0         24       4096       3751   heap_2.o
       148          0          0          0          0       3402   list.o
       144         44          0          2         68       8671   main.o
         2          0          0          0          0        920   module_1_transportation.o
         2          0          0          0          0        869   module_2_gravity.o
         2          0          0          0          0        869   module_3_pumping.o
         2          0          0          0          0        869   module_4_pouring.o
         2          0          0          0          0        869   module_5_sensors.o
         2          0          0          0          0        882   module_6_handling.o
       954         92          0         12          0      11761   port.o
      2040         16          0          0          0      14130   queue.o
       388         30         23          0          0       6798   retarget_io.o
        24          6          0          0          0        836   sensors.o
        64         26        404          0       1536        808   startup_stm32f303xe.o
        94         16          0          4          0       3135   stm32f3xx_hal.o
       272         22          0          0          0      33342   stm32f3xx_hal_cortex.o
       514         36          0          0          0       2915   stm32f3xx_hal_gpio.o
      3464         66         32          0          0       4592   stm32f3xx_hal_rcc.o
        64         16          5          8          0       5089   stm32f3xx_nucleo.o
       124         20         24          4          0       1215   system_stm32f3xx.o
      2940        372          0         60        200      23826   tasks.o
      1118        110          0         20         40      17851   timers.o

    ----------------------------------------------------------------------
     13018        928        522        136       5980     738099   Object Totals
         0          0         32          0          0          0   (incl. Generated)
        16          0          2          2          0          0   (incl. Padding)

    ----------------------------------------------------------------------

      Code (inc. data)   RO Data    RW Data    ZI Data      Debug   Library Member Name

         8          0          0          0          0         68   __main.o
        40          0          0          0          0         84   __printf_nopercent.o
         0          0          0          0          0          0   __rtentry.o
        12          0          0          0          0          0   __rtentry2.o
         6          0          0          0          0          0   __rtentry4.o
        52          8          0          0          0          0   __scatter.o
        26          0          0          0          0          0   __scatter_copy.o
        28          0          0          0          0          0   __scatter_zi.o
        48          6          0          0          0         96   _printf_char_common.o
        36          4          0          0          0         80   _printf_char_file.o
        10          0          0          0          0         68   defsig_exit.o
        50          0          0          0          0         88   defsig_general.o
        80         58          0          0          0         76   defsig_rtmem_inner.o
        14          0          0          0          0         80   defsig_rtmem_outer.o
        52         38          0          0          0         76   defsig_rtred_inner.o
        14          0          0          0          0         80   defsig_rtred_outer.o
        18          0          0          0          0         80   exit.o
        76          0          0          0          0         88   fclose.o
         8          0          0          0          0         68   ferror.o
       470          0          0          0          0         88   flsbuf.o
       236          4          0          0          0        128   fopen.o
        26          0          0          0          0         68   fputc.o
       248          6          0          0          0         84   fseek.o
        66          0          0          0          0         76   ftell.o
        94          0          0          0          0         80   h1_alloc.o
        52          0          0          0          0         68   h1_extend.o
        78          0          0          0          0         80   h1_free.o
        14          0          0          0          0         84   h1_init.o
         6          0          0          0          0        152   heapauxi.o
         4          0          0          0          0        136   hguard.o
         0          0          0          0          0          0   indicate_semi.o
       138          0          0          0          0        168   init_alloc.o
       312         46          0          0          0        112   initio.o
         2          0          0          0          0          0   libinit.o
        18          0          0          0          0          0   libinit2.o
         2          0          0          0          0          0   libshutdown.o
         6          0          0          0          0          0   libshutdown2.o
         8          4          0          0         96         68   libspace.o
         0          0          0          0          0          0   maybetermalloc1.o
        24          4          0          0          0         84   noretval__2printf.o
         8          4          0          0          0         68   rt_errno_addr_intlibspace.o
         8          4          0          0          0         68   rt_heap_descriptor_intlibspace.o
        78          0          0          0          0         80   rt_memclr_w.o
       138          0          0          0          0         68   rt_memcpy_v6.o
       100          0          0          0          0         80   rt_memcpy_w.o
         2          0          0          0          0          0   rtexit.o
        10          0          0          0          0          0   rtexit2.o
        70          0          0          0          0         80   setvbuf.o
       240          6          0          0          0        156   stdio.o
         0          0          0         12        252          0   stdio_streams.o
       128          0          0          0          0         68   strcmpv7m.o
        12          4          0          0          0         68   sys_exit.o
        74          0          0          0          0         80   sys_stackheap_outer.o
        14          0          0          0          0         76   sys_wrch.o
         2          0          0          0          0         68   use_no_semi.o
        10          0          0          0          0        116   fpinit.o

    ----------------------------------------------------------------------
      3284        196          0         12        352       3584   Library Totals
         8          0          0          0          4          0   (incl. Padding)

    ----------------------------------------------------------------------

      Code (inc. data)   RO Data    RW Data    ZI Data      Debug   Library Name

      3266        196          0         12        348       3468   c_w.l
        10          0          0          0          0        116   fz_wm.l

    ----------------------------------------------------------------------
      3284        196          0         12        352       3584   Library Totals

    ----------------------------------------------------------------------

==============================================================================


      Code (inc. data)   RO Data    RW Data    ZI Data      Debug   

     16302       1124        522        148       6332     729459   Grand Totals
     16302       1124        522        148       6332     729459   ELF Image Totals
     16302       1124        522        148          0          0   ROM Totals

==============================================================================

    Total RO  Size (Code + RO Data)                16824 (  16.43kB)
    Total RW  Size (RW Data + ZI Data)              6480 (   6.33kB)
    Total ROM Size (Code + RO Data + RW Data)      16972 (  16.57kB)

==============================================================================

