<html>
<body>
<pre>
<h1>µVision Build Log</h1>
<h2>Tool Versions:</h2>
IDE-Version: µVision V5.23.0.0
Copyright (C) 2017 ARM Ltd and ARM Germany GmbH. All rights reserved.
License Information: Jacques Huss, KIT, LIC=----
 
Tool Versions:
Toolchain:       MDK-Lite  Version: 5.23
Toolchain Path:  Z:\home\huss\Dokumente\cocktailmaschine\M\ARM\ARMCC\Bin
C Compiler:      Armcc.exe V5.06 update 4 (build 422)
Assembler:       Armasm.exe V5.06 update 4 (build 422)
Linker/Locator:  ArmLink.exe V5.06 update 4 (build 422)
Library Manager: ArmAr.exe V5.06 update 4 (build 422)
Hex Converter:   FromElf.exe V5.06 update 4 (build 422)
CPU DLL:         SARMCM3.DLL V5.23
Dialog DLL:      DCM.DLL V1.15.0.0
Target DLL:      STLink\ST-LINKIII-KEIL_SWO.dll V2.0.18.0
Dialog DLL:      TCM.DLL V1.27.0.0
 
<h2>Project:</h2>
Z:\home\huss\Dokumente\cocktailmaschine\cocktailmaschine\Cocktailmaschine.uvprojx
Project File Date:  06/08/2017

<h2>Output:</h2>
*** Using Compiler 'V5.06 update 4 (build 422)', folder: 'Z:\home\huss\Dokumente\cocktailmaschine\M\ARM\ARMCC\Bin'
Rebuild target 'Target 1'
compiling Evaluation.c...
compiling Actuators.c...
compiling Sensors.c...
compiling Module_1_Transportation.c...
compiling main.c...
compiling Module_2_Gravity.c...
compiling Module_3_Pumping.c...
compiling Module_4_Pouring.c...
compiling Module_5_Sensors.c...
compiling Module_6_Handling.c...
compiling Module_7_Ice.c...
assembling startup_stm32f303xe.s...
compiling system_stm32f3xx.c...
compiling HardwareSetup.c...
compiling stm32f3xx_hal.c...
compiling stm32f3xx_hal_adc.c...
compiling stm32f3xx_hal_adc_ex.c...
compiling stm32f3xx_hal_cortex.c...
compiling stm32f3xx_hal_dma.c...
compiling stm32f3xx_hal_gpio.c...
compiling stm32f3xx_hal_i2c.c...
compiling stm32f3xx_hal_i2c_ex.c...
compiling stm32f3xx_hal_rcc.c...
compiling stm32f3xx_hal_rcc_ex.c...
compiling stm32f3xx_hal_rtc.c...
compiling stm32f3xx_hal_rtc_ex.c...
compiling stm32f3xx_hal_spi.c...
compiling stm32f3xx_hal_spi_ex.c...
compiling stm32f3xx_hal_uart.c...
compiling stm32f3xx_hal_uart_ex.c...
compiling Debug.c...
compiling retarget_io.c...
compiling stm32f3xx_hal_usart.c...
compiling croutine.c...
compiling event_groups.c...
compiling freertos_evr.c...
compiling list.c...
compiling heap_2.c...
compiling queue.c...
compiling stm32f3xx_nucleo.c...
compiling tasks.c...
compiling timers.c...
compiling port.c...
linking...
Program Size: Code=23362 RO-data=1074 RW-data=144 ZI-data=6448  
".\Cocktailmaschine.axf" - 0 Error(s), 0 Warning(s).

<h2>Software Packages used:</h2>

Package Vendor: ARM
                http://www.keil.com/pack/ARM.CMSIS.5.0.1.pack
                ARM::CMSIS:CORE:5.0.1
                CMSIS (Cortex Microcontroller Software Interface Standard)
   * Component: CORE Version: 5.0.1

Package Vendor: ARM
                http://www.keil.com/pack/ARM.CMSIS-FreeRTOS.9.0.0.pack
                ARM.FreeRTOS::RTOS:Core:9.0.0
                Bundle of FreeRTOS for Cortex-M and Cortex-A
   * Component: Core Version: 9.0.0
   * Component: Config Variant: FreeRTOS Version: 9.0.0
   * Component: Coroutines Version: 9.0.0
   * Component: Event Groups Version: 9.0.0
   * Component: Timers Version: 9.0.0
   * Component: Heap Variant: Heap_2 Version: 9.0.0

Package Vendor: Keil
                http://www.keil.com/pack/Keil.ARM_Compiler.1.3.0.pack
                Keil.ARM Compiler::Compiler:I/O:STDOUT:ITM:1.2.0
                Keil ARM Compiler extensions for ARM Compiler 5 and ARM Compiler 6
   * Component: STDOUT Variant: ITM Version: 1.2.0

<h2>Collection of Component include folders:</h2>
  .\RTE\RTOS
  .\RTE\_Target_1
  Z:\home\huss\Dokumente\cocktailmaschine\M\ARM\PACK\ARM\CMSIS-FreeRTOS\9.0.0\CMSIS\RTOS2\FreeRTOS\Include
  Z:\home\huss\Dokumente\cocktailmaschine\M\ARM\PACK\ARM\CMSIS-FreeRTOS\9.0.0\Source\include
  Z:\home\huss\Dokumente\cocktailmaschine\M\ARM\PACK\ARM\CMSIS-FreeRTOS\9.0.0\Source\portable\RVDS\ARM_CM4F
  Z:\home\huss\Dokumente\cocktailmaschine\M\ARM\PACK\ARM\CMSIS\5.0.1\CMSIS\Include
  Z:\home\huss\Dokumente\cocktailmaschine\M\ARM\PACK\Keil\STM32F3xx_DFP\1.4.0\Device\Include

<h2>Collection of Component Files used:</h2>

   * Component: ARM::CMSIS:CORE:5.0.1

   * Component: ARM.FreeRTOS::RTOS:Core:9.0.0
      Include file:  Source\include\FreeRTOS.h
      Include file:  Source\include\queue.h
      Include file:  Source\include\semphr.h
      Include file:  Source\include\task.h
      Source file:   Source\list.c
      Source file:   Source\queue.c
      Source file:   Source\tasks.c
      Source file:   Source\portable\RVDS\ARM_CM4F\port.c
      Include file:  CMSIS\RTOS2\FreeRTOS\Include\freertos_evr.h
      Source file:   CMSIS\RTOS2\FreeRTOS\Source\freertos_evr.c

   * Component: ARM.FreeRTOS::RTOS:Config:FreeRTOS:9.0.0
      Include file:  Config\ARMCM\FreeRTOSConfig.h

   * Component: ARM.FreeRTOS::RTOS:Coroutines:9.0.0
      Include file:  Source\include\croutine.h
      Source file:   Source\croutine.c

   * Component: ARM.FreeRTOS::RTOS:Event Groups:9.0.0
      Include file:  Source\include\event_groups.h
      Source file:   Source\event_groups.c

   * Component: ARM.FreeRTOS::RTOS:Timers:9.0.0
      Include file:  Source\include\timers.h
      Source file:   Source\timers.c

   * Component: ARM.FreeRTOS::RTOS:Heap:Heap_2:9.0.0
      Source file:   Source\portable\MemMang\heap_2.c

   * Component: Keil.ARM Compiler::Compiler:I/O:STDOUT:ITM:1.2.0
      Source file:   Source\retarget_io.c
Build Time Elapsed:  00:01:24
</pre>
</body>
</html>
